Component: Arm Compiler for Embedded 6.24 Tool: armlink [5f371500]

==============================================================================

Section Cross References

    startup_stm32f401xc.o(STACK) refers (Special) to heapauxi.o(.text) for __use_two_region_memory
    startup_stm32f401xc.o(HEAP) refers (Special) to heapauxi.o(.text) for __use_two_region_memory
    startup_stm32f401xc.o(RESET) refers (Special) to heapauxi.o(.text) for __use_two_region_memory
    startup_stm32f401xc.o(RESET) refers to startup_stm32f401xc.o(STACK) for __initial_sp
    startup_stm32f401xc.o(RESET) refers to startup_stm32f401xc.o(.text) for Reset_Handler
    startup_stm32f401xc.o(RESET) refers to stm32f4xx_it.o(.text.NMI_Handler) for NMI_Handler
    startup_stm32f401xc.o(RESET) refers to stm32f4xx_it.o(.text.HardFault_Handler) for HardFault_Handler
    startup_stm32f401xc.o(RESET) refers to stm32f4xx_it.o(.text.MemManage_Handler) for MemManage_Handler
    startup_stm32f401xc.o(RESET) refers to stm32f4xx_it.o(.text.BusFault_Handler) for BusFault_Handler
    startup_stm32f401xc.o(RESET) refers to stm32f4xx_it.o(.text.UsageFault_Handler) for UsageFault_Handler
    startup_stm32f401xc.o(RESET) refers to stm32f4xx_it.o(.text.SVC_Handler) for SVC_Handler
    startup_stm32f401xc.o(RESET) refers to stm32f4xx_it.o(.text.DebugMon_Handler) for DebugMon_Handler
    startup_stm32f401xc.o(RESET) refers to stm32f4xx_it.o(.text.PendSV_Handler) for PendSV_Handler
    startup_stm32f401xc.o(RESET) refers to stm32f4xx_it.o(.text.SysTick_Handler) for SysTick_Handler
    startup_stm32f401xc.o(RESET) refers to it_handlers.o(.text.USART2_IRQHandler) for USART2_IRQHandler
    startup_stm32f401xc.o(.text) refers (Special) to heapauxi.o(.text) for __use_two_region_memory
    startup_stm32f401xc.o(.text) refers to system_stm32f4xx.o(.text.SystemInit) for SystemInit
    startup_stm32f401xc.o(.text) refers to __main.o(!!!main) for __main
    startup_stm32f401xc.o(.text) refers to startup_stm32f401xc.o(HEAP) for Heap_Mem
    startup_stm32f401xc.o(.text) refers to startup_stm32f401xc.o(STACK) for Stack_Mem
    main.o(.text.main) refers to main.o(.text.LL_APB2_GRP1_EnableClock) for LL_APB2_GRP1_EnableClock
    main.o(.text.main) refers to main.o(.text.LL_APB1_GRP1_EnableClock) for LL_APB1_GRP1_EnableClock
    main.o(.text.main) refers to main.o(.text.__NVIC_SetPriorityGrouping) for __NVIC_SetPriorityGrouping
    main.o(.text.main) refers to main.o(.text.__NVIC_GetPriorityGrouping) for __NVIC_GetPriorityGrouping
    main.o(.text.main) refers to main.o(.text.NVIC_EncodePriority) for NVIC_EncodePriority
    main.o(.text.main) refers to main.o(.text.__NVIC_SetPriority) for __NVIC_SetPriority
    main.o(.text.main) refers to main.o(.text.SystemClock_Config) for SystemClock_Config
    main.o(.text.main) refers to hw_init.o(.text.GPIO_PWM3_UsrInit) for GPIO_PWM3_UsrInit
    main.o(.text.main) refers to hw_init.o(.text.PWM3_CH1_UsrInit) for PWM3_CH1_UsrInit
    main.o(.text.main) refers to hw_init.o(.text.GPIO_USART2_UsrInit) for GPIO_USART2_UsrInit
    main.o(.text.main) refers to hw_init.o(.text.USART2_UsrInit) for USART2_UsrInit
    main.o(.text.main) refers to hw_init.o(.text.DMA1_UsrInit) for DMA1_UsrInit
    main.o(.ARM.exidx.text.main) refers to main.o(.text.main) for [Anonymous Symbol]
    main.o(.ARM.exidx.text.LL_APB2_GRP1_EnableClock) refers to main.o(.text.LL_APB2_GRP1_EnableClock) for [Anonymous Symbol]
    main.o(.ARM.exidx.text.LL_APB1_GRP1_EnableClock) refers to main.o(.text.LL_APB1_GRP1_EnableClock) for [Anonymous Symbol]
    main.o(.ARM.exidx.text.__NVIC_SetPriorityGrouping) refers to main.o(.text.__NVIC_SetPriorityGrouping) for [Anonymous Symbol]
    main.o(.ARM.exidx.text.__NVIC_SetPriority) refers to main.o(.text.__NVIC_SetPriority) for [Anonymous Symbol]
    main.o(.ARM.exidx.text.NVIC_EncodePriority) refers to main.o(.text.NVIC_EncodePriority) for [Anonymous Symbol]
    main.o(.ARM.exidx.text.__NVIC_GetPriorityGrouping) refers to main.o(.text.__NVIC_GetPriorityGrouping) for [Anonymous Symbol]
    main.o(.text.SystemClock_Config) refers to main.o(.text.LL_FLASH_SetLatency) for LL_FLASH_SetLatency
    main.o(.text.SystemClock_Config) refers to main.o(.text.LL_FLASH_GetLatency) for LL_FLASH_GetLatency
    main.o(.text.SystemClock_Config) refers to main.o(.text.LL_PWR_SetRegulVoltageScaling) for LL_PWR_SetRegulVoltageScaling
    main.o(.text.SystemClock_Config) refers to main.o(.text.LL_RCC_HSI_SetCalibTrimming) for LL_RCC_HSI_SetCalibTrimming
    main.o(.text.SystemClock_Config) refers to main.o(.text.LL_RCC_HSI_Enable) for LL_RCC_HSI_Enable
    main.o(.text.SystemClock_Config) refers to main.o(.text.LL_RCC_HSI_IsReady) for LL_RCC_HSI_IsReady
    main.o(.text.SystemClock_Config) refers to main.o(.text.LL_RCC_PLL_ConfigDomain_SYS) for LL_RCC_PLL_ConfigDomain_SYS
    main.o(.text.SystemClock_Config) refers to main.o(.text.LL_RCC_PLL_Enable) for LL_RCC_PLL_Enable
[...]
    Removing hw_init.o(.ARM.exidx.text.__NVIC_SetPriority), (8 bytes).
    Removing hw_init.o(.ARM.exidx.text.__NVIC_EnableIRQ), (8 bytes).
    Removing hw_init.o(.ARM.exidx.text.LL_USART_Enable), (8 bytes).
    Removing hw_init.o(.ARM.exidx.text.DMA1_UsrInit), (8 bytes).
    Removing hw_init.o(.ARM.exidx.text.LL_DMA_EnableStream), (8 bytes).
    Removing hw_init.o(.ARM.exidx.text.LL_USART_EnableDMAReq_RX), (8 bytes).
    Removing hw_init.o(.ARM.exidx.text.LL_USART_EnableDMAReq_TX), (8 bytes).
    Removing it_handlers.o(.text), (0 bytes).
    Removing it_handlers.o(.ARM.exidx.text.USART2_IRQHandler), (8 bytes).
    Removing it_handlers.o(.ARM.exidx.text.LL_USART_IsActiveFlag_IDLE), (8 bytes).
    Removing it_handlers.o(.ARM.exidx.text.LL_USART_ClearFlag_IDLE), (8 bytes).
    Removing it_handlers.o(.ARM.exidx.text.LL_DMA_DisableStream), (8 bytes).
    Removing it_handlers.o(.ARM.exidx.text.LL_DMA_GetDataLength), (8 bytes).
    Removing it_handlers.o(.ARM.exidx.text.LL_DMA_ClearFlag_TC5), (8 bytes).
    Removing it_handlers.o(.ARM.exidx.text.LL_DMA_ClearFlag_HT5), (8 bytes).
    Removing it_handlers.o(.ARM.exidx.text.LL_DMA_ClearFlag_TE5), (8 bytes).
    Removing it_handlers.o(.ARM.exidx.text.LL_DMA_ClearFlag_DME5), (8 bytes).
    Removing it_handlers.o(.ARM.exidx.text.LL_DMA_ClearFlag_FE5), (8 bytes).
    Removing it_handlers.o(.ARM.exidx.text.LL_DMA_SetDataLength), (8 bytes).
    Removing it_handlers.o(.ARM.exidx.text.LL_DMA_EnableStream), (8 bytes).
    Removing connect_logic.o(.text), (0 bytes).
    Removing connect_logic.o(.ARM.exidx.text.USART2_logic), (8 bytes).
    Removing connect_logic.o(.ARM.exidx.text.parse_from_uart), (8 bytes).
    Removing connect_logic.o(.ARM.exidx.text.LL_TIM_OC_SetCompareCH1), (8 bytes).

340 unused section(s) (total 9400 bytes) removed from the image.

==============================================================================

Image Symbol Table

    Local Symbols

    Symbol Name                              Value     Ov Type        Size  Object(Section)

    ../clib/angel/boardlib.s                 0x00000000   Number         0  boardinit1.o ABSOLUTE
    ../clib/angel/boardlib.s                 0x00000000   Number         0  boardinit2.o ABSOLUTE
    ../clib/angel/boardlib.s                 0x00000000   Number         0  boardinit3.o ABSOLUTE
    ../clib/angel/boardlib.s                 0x00000000   Number         0  boardshut.o ABSOLUTE
    ../clib/angel/handlers.s                 0x00000000   Number         0  __scatter_copy.o ABSOLUTE
    ../clib/angel/handlers.s                 0x00000000   Number         0  __scatter_zi.o ABSOLUTE
    ../clib/angel/kernel.s                   0x00000000   Number         0  __rtentry.o ABSOLUTE
    ../clib/angel/kernel.s                   0x00000000   Number         0  __rtentry2.o ABSOLUTE
    ../clib/angel/kernel.s                   0x00000000   Number         0  __rtentry4.o ABSOLUTE
    ../clib/angel/kernel.s                   0x00000000   Number         0  rtexit.o ABSOLUTE
    ../clib/angel/kernel.s                   0x00000000   Number         0  rtexit2.o ABSOLUTE
    ../clib/angel/rt.s                       0x00000000   Number         0  aeabi_ldiv0.o ABSOLUTE
    ../clib/angel/rt.s                       0x00000000   Number         0  aeabi_ldiv0_sigfpe.o ABSOLUTE
    ../clib/angel/rt.s                       0x00000000   Number         0  rt_div0.o ABSOLUTE
    ../clib/angel/rt.s                       0x00000000   Number         0  rt_raise.o ABSOLUTE
    ../clib/angel/scatter.s                  0x00000000   Number         0  __scatter.o ABSOLUTE
    ../clib/angel/startup.s                  0x00000000   Number         0  __main.o ABSOLUTE
    ../clib/angel/sys.s                      0x00000000   Number         0  sys_stackheap_outer.o ABSOLUTE
    ../clib/angel/sys.s                      0x00000000   Number         0  libspace.o ABSOLUTE
    ../clib/angel/sys.s                      0x00000000   Number         0  use_no_semi.o ABSOLUTE
    ../clib/angel/sys.s                      0x00000000   Number         0  indicate_semi.o ABSOLUTE
    ../clib/angel/sysapp.c                   0x00000000   Number         0  sys_exit.o ABSOLUTE
    ../clib/angel/sysapp.c                   0x00000000   Number         0  sys_exit_hlt.o ABSOLUTE
    ../clib/angel/sysapp.c                   0x00000000   Number         0  sys_wrch.o ABSOLUTE
    ../clib/angel/sysapp.c                   0x00000000   Number         0  sys_wrch_hlt.o ABSOLUTE
    ../clib/angel/sysapp.c                   0x00000000   Number         0  sys_command.o ABSOLUTE
    ../clib/angel/sysapp.c                   0x00000000   Number         0  sys_command_hlt.o ABSOLUTE
    ../clib/armsys.c                         0x00000000   Number         0  argv_veneer.o ABSOLUTE
    ../clib/armsys.c                         0x00000000   Number         0  argv_veneer.o ABSOLUTE
    ../clib/armsys.c                         0x00000000   Number         0  _get_argv_nomalloc.o ABSOLUTE
    ../clib/armsys.c                         0x00000000   Number         0  no_argv.o ABSOLUTE
    ../clib/heapalloc.c                      0x00000000   Number         0  hrguard.o ABSOLUTE
    ../clib/heapaux.c                        0x00000000   Number         0  heapauxi.o ABSOLUTE
    ../clib/libinit.s                        0x00000000   Number         0  libinit.o ABSOLUTE
    ../clib/libinit.s                        0x00000000   Number         0  libinit2.o ABSOLUTE
    ../clib/libinit.s                        0x00000000   Number         0  libshutdown.o ABSOLUTE
    ../clib/libinit.s                        0x00000000   Number         0  libshutdown2.o ABSOLUTE
    ../clib/longlong.s                       0x00000000   Number         0  lludivv7m.o ABSOLUTE
    ../clib/memcpset.s                       0x00000000   Number         0  rt_memclr_w.o ABSOLUTE
    ../clib/signal.c                         0x00000000   Number         0  defsig_fpe_outer.o ABSOLUTE
    ../clib/signal.c                         0x00000000   Number         0  defsig_fpe_formal.o ABSOLUTE
    ../clib/signal.c                         0x00000000   Number         0  defsig_exit.o ABSOLUTE
    ../clib/signal.c                         0x00000000   Number         0  defsig_fpe_inner.o ABSOLUTE
    ../clib/signal.c                         0x00000000   Number         0  __raise.o ABSOLUTE
    ../clib/signal.c                         0x00000000   Number         0  defsig_general.o ABSOLUTE
    ../clib/signal.c                         0x00000000   Number         0  defsig_abrt_inner.o ABSOLUTE
    ../clib/signal.c                         0x00000000   Number         0  defsig_rtred_inner.o ABSOLUTE
    ../clib/signal.c                         0x00000000   Number         0  defsig_rtmem_inner.o ABSOLUTE
    ../clib/signal.c                         0x00000000   Number         0  defsig_rtmem_outer.o ABSOLUTE
    ../clib/signal.c                         0x00000000   Number         0  defsig_rtmem_formal.o ABSOLUTE
    ../clib/signal.c                         0x00000000   Number         0  defsig_stak_inner.o ABSOLUTE
    ../clib/signal.c                         0x00000000   Number         0  defsig_pvfn_inner.o ABSOLUTE
    ../clib/signal.c                         0x00000000   Number         0  defsig_cppl_inner.o ABSOLUTE
    ../clib/signal.c                         0x00000000   Number         0  defsig_segv_inner.o ABSOLUTE
    ../clib/signal.c                         0x00000000   Number         0  defsig_other.o ABSOLUTE
    ../clib/signal.s                         0x00000000   Number         0  defsig.o ABSOLUTE
    ../clib/stdlib.c                         0x00000000   Number         0  exit.o ABSOLUTE
    ../fplib/dfixu.s                         0x00000000   Number         0  dfixu.o ABSOLUTE
    ../fplib/dflt.s                          0x00000000   Number         0  dflt_clz.o ABSOLUTE
    ../fplib/dmul.s                          0x00000000   Number         0  dmul.o ABSOLUTE
    ../fplib/dnaninf.s                       0x00000000   Number         0  dnaninf.o ABSOLUTE
    ../fplib/dretinf.s                       0x00000000   Number         0  dretinf.o ABSOLUTE
    ../fplib/fpinit.s                        0x00000000   Number         0  fpinit.o ABSOLUTE
    ../fplib/usenofp.s                       0x00000000   Number         0  usenofp.o ABSOLUTE
    Connect_logic.c                          0x00000000   Number         0  connect_logic.o ABSOLUTE
    IT_handlers.c                            0x00000000   Number         0  it_handlers.o ABSOLUTE
    dc.s                                     0x00000000   Number         0  dc.o ABSOLUTE
    hw_init.c                                0x00000000   Number         0  hw_init.o ABSOLUTE
    main.c                                   0x00000000   Number         0  main.o ABSOLUTE
    startup_stm32f401xc.s                    0x00000000   Number         0  startup_stm32f401xc.o ABSOLUTE
    stm32f4xx_it.c                           0x00000000   Number         0  stm32f4xx_it.o ABSOLUTE
    stm32f4xx_ll_dma.c                       0x00000000   Number         0  stm32f4xx_ll_dma.o ABSOLUTE
    stm32f4xx_ll_exti.c                      0x00000000   Number         0  stm32f4xx_ll_exti.o ABSOLUTE
    stm32f4xx_ll_gpio.c                      0x00000000   Number         0  stm32f4xx_ll_gpio.o ABSOLUTE
    stm32f4xx_ll_rcc.c                       0x00000000   Number         0  stm32f4xx_ll_rcc.o ABSOLUTE
    stm32f4xx_ll_tim.c                       0x00000000   Number         0  stm32f4xx_ll_tim.o ABSOLUTE
    stm32f4xx_ll_usart.c                     0x00000000   Number         0  stm32f4xx_ll_usart.o ABSOLUTE
    stm32f4xx_ll_utils.c                     0x00000000   Number         0  stm32f4xx_ll_utils.o ABSOLUTE
    system_stm32f4xx.c                       0x00000000   Number         0  system_stm32f4xx.o ABSOLUTE
    RESET                                    0x08000000   Section      404  startup_stm32f401xc.o(RESET)
    !!!main                                  0x08000194   Section        8  __main.o(!!!main)
    !!!scatter                               0x0800019c   Section       92  __scatter.o(!!!scatter)
    !!handler_copy                           0x080001f8   Section       26  __scatter_copy.o(!!handler_copy)
    !!handler_null                           0x08000214   Section        2  __scatter.o(!!handler_null)
    !!handler_zi                             0x08000218   Section       28  __scatter_zi.o(!!handler_zi)
    .ARM.Collect$$libinit$$00000000          0x08000234   Section        2  libinit.o(.ARM.Collect$$libinit$$00000000)
    .ARM.Collect$$libinit$$00000001          0x08000236   Section        4  libinit2.o(.ARM.Collect$$libinit$$00000001)
    .ARM.Collect$$libinit$$00000004          0x0800023a   Section        0  libinit2.o(.ARM.Collect$$libinit$$00000004)
    .ARM.Collect$$libinit$$00000006          0x0800023a   Section        0  libinit2.o(.ARM.Collect$$libinit$$00000006)
    .ARM.Collect$$libinit$$0000000C          0x0800023a   Section        0  libinit2.o(.ARM.Collect$$libinit$$0000000C)
    .ARM.Collect$$libinit$$0000000E          0x0800023a   Section        0  libinit2.o(.ARM.Collect$$libinit$$0000000E)
    .ARM.Collect$$libinit$$00000010          0x0800023a   Section        0  libinit2.o(.ARM.Collect$$libinit$$00000010)
    .ARM.Collect$$libinit$$00000013          0x0800023a   Section        0  libinit2.o(.ARM.Collect$$libinit$$00000013)
    .ARM.Collect$$libinit$$00000015          0x0800023a   Section        0  libinit2.o(.ARM.Collect$$libinit$$00000015)
    .ARM.Collect$$libinit$$00000017          0x0800023a   Section        0  libinit2.o(.ARM.Collect$$libinit$$00000017)
    .ARM.Collect$$libinit$$00000019          0x0800023a   Section        0  libinit2.o(.ARM.Collect$$libinit$$00000019)
    .ARM.Collect$$libinit$$0000001B          0x0800023a   Section        0  libinit2.o(.ARM.Collect$$libinit$$0000001B)
    .ARM.Collect$$libinit$$0000001D          0x0800023a   Section        0  libinit2.o(.ARM.Collect$$libinit$$0000001D)
    .ARM.Collect$$libinit$$0000001F          0x0800023a   Section        0  libinit2.o(.ARM.Collect$$libinit$$0000001F)
    .ARM.Collect$$libinit$$00000021          0x0800023a   Section        0  libinit2.o(.ARM.Collect$$libinit$$00000021)
    .ARM.Collect$$libinit$$00000023          0x0800023a   Section        0  libinit2.o(.ARM.Collect$$libinit$$00000023)
    .ARM.Collect$$libinit$$00000025          0x0800023a   Section        0  libinit2.o(.ARM.Collect$$libinit$$00000025)
    .ARM.Collect$$libinit$$00000027          0x0800023a   Section        0  libinit2.o(.ARM.Collect$$libinit$$00000027)
    .ARM.Collect$$libinit$$0000002E          0x0800023a   Section        0  libinit2.o(.ARM.Collect$$libinit$$0000002E)
    .ARM.Collect$$libinit$$00000030          0x0800023a   Section        0  libinit2.o(.ARM.Collect$$libinit$$00000030)
    .ARM.Collect$$libinit$$00000032          0x0800023a   Section        0  libinit2.o(.ARM.Collect$$libinit$$00000032)
    .ARM.Collect$$libinit$$00000034          0x0800023a   Section        0  libinit2.o(.ARM.Collect$$libinit$$00000034)
    .ARM.Collect$$libinit$$00000035          0x0800023a   Section        2  libinit2.o(.ARM.Collect$$libinit$$00000035)
    .ARM.Collect$$libshutdown$$00000000      0x0800023c   Section        2  libshutdown.o(.ARM.Collect$$libshutdown$$00000000)
    .ARM.Collect$$libshutdown$$00000002      0x0800023e   Section        0  libshutdown2.o(.ARM.Collect$$libshutdown$$00000002)
    .ARM.Collect$$libshutdown$$00000004      0x0800023e   Section        0  libshutdown2.o(.ARM.Collect$$libshutdown$$00000004)
    .ARM.Collect$$libshutdown$$00000007      0x0800023e   Section        0  libshutdown2.o(.ARM.Collect$$libshutdown$$00000007)
    .ARM.Collect$$libshutdown$$0000000A      0x0800023e   Section        0  libshutdown2.o(.ARM.Collect$$libshutdown$$0000000A)
    .ARM.Collect$$libshutdown$$0000000C      0x0800023e   Section        0  libshutdown2.o(.ARM.Collect$$libshutdown$$0000000C)
    .ARM.Collect$$libshutdown$$0000000F      0x0800023e   Section        0  libshutdown2.o(.ARM.Collect$$libshutdown$$0000000F)
    .ARM.Collect$$libshutdown$$00000010      0x0800023e   Section        2  libshutdown2.o(.ARM.Collect$$libshutdown$$00000010)
    .ARM.Collect$$rtentry$$00000000          0x08000240   Section        0  __rtentry.o(.ARM.Collect$$rtentry$$00000000)
    .ARM.Collect$$rtentry$$00000002          0x08000240   Section        0  __rtentry2.o(.ARM.Collect$$rtentry$$00000002)
    .ARM.Collect$$rtentry$$00000004          0x08000240   Section        6  __rtentry4.o(.ARM.Collect$$rtentry$$00000004)
    .ARM.Collect$$rtentry$$00000009          0x08000246   Section        0  __rtentry2.o(.ARM.Collect$$rtentry$$00000009)
    .ARM.Collect$$rtentry$$0000000A          0x08000246   Section        4  __rtentry2.o(.ARM.Collect$$rtentry$$0000000A)
    .ARM.Collect$$rtentry$$0000000C          0x0800024a   Section        0  __rtentry2.o(.ARM.Collect$$rtentry$$0000000C)
    .ARM.Collect$$rtentry$$0000000D          0x0800024a   Section        8  __rtentry2.o(.ARM.Collect$$rtentry$$0000000D)
    .ARM.Collect$$rtexit$$00000000           0x08000252   Section        2  rtexit.o(.ARM.Collect$$rtexit$$00000000)
    .ARM.Collect$$rtexit$$00000002           0x08000254   Section        0  rtexit2.o(.ARM.Collect$$rtexit$$00000002)
    .ARM.Collect$$rtexit$$00000003           0x08000254   Section        4  rtexit2.o(.ARM.Collect$$rtexit$$00000003)
    .ARM.Collect$$rtexit$$00000004           0x08000258   Section        6  rtexit2.o(.ARM.Collect$$rtexit$$00000004)
    $v0                                      0x08000260   Number         0  startup_stm32f401xc.o(.text)
    .text                                    0x08000260   Section       64  startup_stm32f401xc.o(.text)
    .text                                    0x080002a0   Section      240  lludivv7m.o(.text)
    .text                                    0x08000390   Section       78  rt_memclr_w.o(.text)
    .text                                    0x080003de   Section        0  heapauxi.o(.text)
    .text                                    0x080003e4   Section       74  sys_stackheap_outer.o(.text)
    .text                                    0x0800042e   Section        0  exit.o(.text)
    .text                                    0x08000440   Section        8  libspace.o(.text)
    .text                                    0x08000448   Section        0  sys_exit.o(.text)
    .text                                    0x08000454   Section        2  use_no_semi.o(.text)
    .text                                    0x08000456   Section        0  indicate_semi.o(.text)
    [Anonymous Symbol]                       0x08000458   Section        0  stm32f4xx_it.o(.text.BusFault_Handler)
    [Anonymous Symbol]                       0x0800045c   Section        0  hw_init.o(.text.DMA1_UsrInit)
    [Anonymous Symbol]                       0x08000520   Section        0  stm32f4xx_it.o(.text.DebugMon_Handler)
    [Anonymous Symbol]                       0x08000524   Section        0  hw_init.o(.text.GPIO_PWM3_UsrInit)
    [Anonymous Symbol]                       0x08000564   Section        0  hw_init.o(.text.GPIO_USART2_UsrInit)
    [Anonymous Symbol]                       0x080005e8   Section        0  stm32f4xx_it.o(.text.HardFault_Handler)
    LL_AHB1_GRP1_EnableClock                 0x080005ed   Thumb Code    34  hw_init.o(.text.LL_AHB1_GRP1_EnableClock)
    [Anonymous Symbol]                       0x080005ec   Section        0  hw_init.o(.text.LL_AHB1_GRP1_EnableClock)
    LL_APB1_GRP1_EnableClock                 0x08000611   Thumb Code    34  main.o(.text.LL_APB1_GRP1_EnableClock)
    [Anonymous Symbol]                       0x08000610   Section        0  main.o(.text.LL_APB1_GRP1_EnableClock)
    LL_APB1_GRP1_EnableClock                 0x08000635   Thumb Code    34  hw_init.o(.text.LL_APB1_GRP1_EnableClock)
    [Anonymous Symbol]                       0x08000634   Section        0  hw_init.o(.text.LL_APB1_GRP1_EnableClock)
    LL_APB2_GRP1_EnableClock                 0x08000659   Thumb Code    34  main.o(.text.LL_APB2_GRP1_EnableClock)
    [Anonymous Symbol]                       0x08000658   Section        0  main.o(.text.LL_APB2_GRP1_EnableClock)
    LL_DMA_ClearFlag_DME5                    0x0800067d   Thumb Code    16  it_handlers.o(.text.LL_DMA_ClearFlag_DME5)
    [Anonymous Symbol]                       0x0800067c   Section        0  it_handlers.o(.text.LL_DMA_ClearFlag_DME5)
    LL_DMA_ClearFlag_FE5                     0x0800068d   Thumb Code    14  it_handlers.o(.text.LL_DMA_ClearFlag_FE5)
    [Anonymous Symbol]                       0x0800068c   Section        0  it_handlers.o(.text.LL_DMA_ClearFlag_FE5)
    LL_DMA_ClearFlag_HT5                     0x0800069d   Thumb Code    16  it_handlers.o(.text.LL_DMA_ClearFlag_HT5)
    [Anonymous Symbol]                       0x0800069c   Section        0  it_handlers.o(.text.LL_DMA_ClearFlag_HT5)
    LL_DMA_ClearFlag_TC5                     0x080006ad   Thumb Code    16  it_handlers.o(.text.LL_DMA_ClearFlag_TC5)
    [Anonymous Symbol]                       0x080006ac   Section        0  it_handlers.o(.text.LL_DMA_ClearFlag_TC5)
    LL_DMA_ClearFlag_TE5                     0x080006bd   Thumb Code    16  it_handlers.o(.text.LL_DMA_ClearFlag_TE5)
    [Anonymous Symbol]                       0x080006bc   Section        0  it_handlers.o(.text.LL_DMA_ClearFlag_TE5)
    LL_DMA_ConfigFifo                        0x080006cd   Thumb Code    54  stm32f4xx_ll_dma.o(.text.LL_DMA_ConfigFifo)
    [Anonymous Symbol]                       0x080006cc   Section        0  stm32f4xx_ll_dma.o(.text.LL_DMA_ConfigFifo)
    LL_DMA_ConfigTransfer                    0x08000705   Thumb Code    50  stm32f4xx_ll_dma.o(.text.LL_DMA_ConfigTransfer)
    [Anonymous Symbol]                       0x08000704   Section        0  stm32f4xx_ll_dma.o(.text.LL_DMA_ConfigTransfer)
    LL_DMA_DisableStream                     0x08000739   Thumb Code    32  it_handlers.o(.text.LL_DMA_DisableStream)
    [Anonymous Symbol]                       0x08000738   Section        0  it_handlers.o(.text.LL_DMA_DisableStream)
    LL_DMA_EnableStream                      0x08000759   Thumb Code    32  hw_init.o(.text.LL_DMA_EnableStream)
    [Anonymous Symbol]                       0x08000758   Section        0  hw_init.o(.text.LL_DMA_EnableStream)
    LL_DMA_EnableStream                      0x08000779   Thumb Code    32  it_handlers.o(.text.LL_DMA_EnableStream)
    [Anonymous Symbol]                       0x08000778   Section        0  it_handlers.o(.text.LL_DMA_EnableStream)
    LL_DMA_GetDataLength                     0x08000799   Thumb Code    30  it_handlers.o(.text.LL_DMA_GetDataLength)
    [Anonymous Symbol]                       0x08000798   Section        0  it_handlers.o(.text.LL_DMA_GetDataLength)
    [Anonymous Symbol]                       0x080007b8   Section        0  stm32f4xx_ll_dma.o(.text.LL_DMA_Init)
    LL_DMA_SetChannelSelection               0x08000869   Thumb Code    44  stm32f4xx_ll_dma.o(.text.LL_DMA_SetChannelSelection)
    [Anonymous Symbol]                       0x08000868   Section        0  stm32f4xx_ll_dma.o(.text.LL_DMA_SetChannelSelection)
    LL_DMA_SetDataLength                     0x08000895   Thumb Code    50  stm32f4xx_ll_dma.o(.text.LL_DMA_SetDataLength)
    [Anonymous Symbol]                       0x08000894   Section        0  stm32f4xx_ll_dma.o(.text.LL_DMA_SetDataLength)
    LL_DMA_SetDataLength                     0x080008c9   Thumb Code    50  it_handlers.o(.text.LL_DMA_SetDataLength)
    [Anonymous Symbol]                       0x080008c8   Section        0  it_handlers.o(.text.LL_DMA_SetDataLength)
    LL_DMA_SetMemoryAddress                  0x080008fd   Thumb Code    32  stm32f4xx_ll_dma.o(.text.LL_DMA_SetMemoryAddress)
    [Anonymous Symbol]                       0x080008fc   Section        0  stm32f4xx_ll_dma.o(.text.LL_DMA_SetMemoryAddress)
    LL_DMA_SetMemoryBurstxfer                0x0800091d   Thumb Code    44  stm32f4xx_ll_dma.o(.text.LL_DMA_SetMemoryBurstxfer)
    [Anonymous Symbol]                       0x0800091c   Section        0  stm32f4xx_ll_dma.o(.text.LL_DMA_SetMemoryBurstxfer)
    LL_DMA_SetPeriphAddress                  0x08000949   Thumb Code    32  stm32f4xx_ll_dma.o(.text.LL_DMA_SetPeriphAddress)
    [Anonymous Symbol]                       0x08000948   Section        0  stm32f4xx_ll_dma.o(.text.LL_DMA_SetPeriphAddress)
    LL_DMA_SetPeriphBurstxfer                0x08000969   Thumb Code    44  stm32f4xx_ll_dma.o(.text.LL_DMA_SetPeriphBurstxfer)
    [Anonymous Symbol]                       0x08000968   Section        0  stm32f4xx_ll_dma.o(.text.LL_DMA_SetPeriphBurstxfer)
    LL_FLASH_GetLatency                      0x08000995   Thumb Code    16  main.o(.text.LL_FLASH_GetLatency)
    [Anonymous Symbol]                       0x08000994   Section        0  main.o(.text.LL_FLASH_GetLatency)
    LL_FLASH_SetLatency                      0x080009a5   Thumb Code    28  main.o(.text.LL_FLASH_SetLatency)
    [Anonymous Symbol]                       0x080009a4   Section        0  main.o(.text.LL_FLASH_SetLatency)
    [Anonymous Symbol]                       0x080009c0   Section        0  stm32f4xx_ll_gpio.o(.text.LL_GPIO_Init)
    LL_GPIO_SetAFPin_0_7                     0x08000ac9   Thumb Code   124  stm32f4xx_ll_gpio.o(.text.LL_GPIO_SetAFPin_0_7)
    [Anonymous Symbol]                       0x08000ac8   Section        0  stm32f4xx_ll_gpio.o(.text.LL_GPIO_SetAFPin_0_7)
    LL_GPIO_SetAFPin_8_15                    0x08000b45   Thumb Code   128  stm32f4xx_ll_gpio.o(.text.LL_GPIO_SetAFPin_8_15)
    [Anonymous Symbol]                       0x08000b44   Section        0  stm32f4xx_ll_gpio.o(.text.LL_GPIO_SetAFPin_8_15)
    LL_GPIO_SetPinMode                       0x08000bc5   Thumb Code   124  stm32f4xx_ll_gpio.o(.text.LL_GPIO_SetPinMode)
    [Anonymous Symbol]                       0x08000bc4   Section        0  stm32f4xx_ll_gpio.o(.text.LL_GPIO_SetPinMode)
    LL_GPIO_SetPinOutputType                 0x08000c41   Thumb Code    30  stm32f4xx_ll_gpio.o(.text.LL_GPIO_SetPinOutputType)
    [Anonymous Symbol]                       0x08000c40   Section        0  stm32f4xx_ll_gpio.o(.text.LL_GPIO_SetPinOutputType)
    LL_GPIO_SetPinPull                       0x08000c61   Thumb Code   124  stm32f4xx_ll_gpio.o(.text.LL_GPIO_SetPinPull)
    [Anonymous Symbol]                       0x08000c60   Section        0  stm32f4xx_ll_gpio.o(.text.LL_GPIO_SetPinPull)
    LL_GPIO_SetPinSpeed                      0x08000cdd   Thumb Code   124  stm32f4xx_ll_gpio.o(.text.LL_GPIO_SetPinSpeed)
    [Anonymous Symbol]                       0x08000cdc   Section        0  stm32f4xx_ll_gpio.o(.text.LL_GPIO_SetPinSpeed)
    [Anonymous Symbol]                       0x08000d58   Section        0  stm32f4xx_ll_utils.o(.text.LL_Init1msTick)
    LL_InitTick                              0x08000d6d   Thumb Code    54  stm32f4xx_ll_utils.o(.text.LL_InitTick)
    [Anonymous Symbol]                       0x08000d6c   Section        0  stm32f4xx_ll_utils.o(.text.LL_InitTick)
    LL_PWR_IsActiveFlag_VOS                  0x08000da5   Thumb Code    16  main.o(.text.LL_PWR_IsActiveFlag_VOS)
    [Anonymous Symbol]                       0x08000da4   Section        0  main.o(.text.LL_PWR_IsActiveFlag_VOS)
    LL_PWR_SetRegulVoltageScaling            0x08000db5   Thumb Code    28  main.o(.text.LL_PWR_SetRegulVoltageScaling)
    [Anonymous Symbol]                       0x08000db4   Section        0  main.o(.text.LL_PWR_SetRegulVoltageScaling)
    LL_RCC_GetAHBPrescaler                   0x08000dd1   Thumb Code    16  stm32f4xx_ll_rcc.o(.text.LL_RCC_GetAHBPrescaler)
    [Anonymous Symbol]                       0x08000dd0   Section        0  stm32f4xx_ll_rcc.o(.text.LL_RCC_GetAHBPrescaler)
    LL_RCC_GetAPB1Prescaler                  0x08000de1   Thumb Code    16  stm32f4xx_ll_rcc.o(.text.LL_RCC_GetAPB1Prescaler)
    [Anonymous Symbol]                       0x08000de0   Section        0  stm32f4xx_ll_rcc.o(.text.LL_RCC_GetAPB1Prescaler)
    LL_RCC_GetAPB2Prescaler                  0x08000df1   Thumb Code    16  stm32f4xx_ll_rcc.o(.text.LL_RCC_GetAPB2Prescaler)
    [Anonymous Symbol]                       0x08000df0   Section        0  stm32f4xx_ll_rcc.o(.text.LL_RCC_GetAPB2Prescaler)
    LL_RCC_GetSysClkSource                   0x08000e01   Thumb Code    16  main.o(.text.LL_RCC_GetSysClkSource)
    [Anonymous Symbol]                       0x08000e00   Section        0  main.o(.text.LL_RCC_GetSysClkSource)
    LL_RCC_GetSysClkSource                   0x08000e11   Thumb Code    16  stm32f4xx_ll_rcc.o(.text.LL_RCC_GetSysClkSource)
    [Anonymous Symbol]                       0x08000e10   Section        0  stm32f4xx_ll_rcc.o(.text.LL_RCC_GetSysClkSource)
    [Anonymous Symbol]                       0x08000e20   Section        0  stm32f4xx_ll_rcc.o(.text.LL_RCC_GetSystemClocksFreq)
    LL_RCC_HSI_Enable                        0x08000e59   Thumb Code    18  main.o(.text.LL_RCC_HSI_Enable)
    [Anonymous Symbol]                       0x08000e58   Section        0  main.o(.text.LL_RCC_HSI_Enable)
    LL_RCC_HSI_IsReady                       0x08000e6d   Thumb Code    16  main.o(.text.LL_RCC_HSI_IsReady)
    [Anonymous Symbol]                       0x08000e6c   Section        0  main.o(.text.LL_RCC_HSI_IsReady)
    LL_RCC_HSI_SetCalibTrimming              0x08000e7d   Thumb Code    30  main.o(.text.LL_RCC_HSI_SetCalibTrimming)
    [Anonymous Symbol]                       0x08000e7c   Section        0  main.o(.text.LL_RCC_HSI_SetCalibTrimming)
    LL_RCC_PLL_ConfigDomain_SYS              0x08000e9d   Thumb Code    62  main.o(.text.LL_RCC_PLL_ConfigDomain_SYS)
    [Anonymous Symbol]                       0x08000e9c   Section        0  main.o(.text.LL_RCC_PLL_ConfigDomain_SYS)
    LL_RCC_PLL_Enable                        0x08000edd   Thumb Code    18  main.o(.text.LL_RCC_PLL_Enable)
    [Anonymous Symbol]                       0x08000edc   Section        0  main.o(.text.LL_RCC_PLL_Enable)
    LL_RCC_PLL_GetDivider                    0x08000ef1   Thumb Code    16  stm32f4xx_ll_rcc.o(.text.LL_RCC_PLL_GetDivider)
    [Anonymous Symbol]                       0x08000ef0   Section        0  stm32f4xx_ll_rcc.o(.text.LL_RCC_PLL_GetDivider)
    LL_RCC_PLL_GetMainSource                 0x08000f01   Thumb Code    16  stm32f4xx_ll_rcc.o(.text.LL_RCC_PLL_GetMainSource)
    [Anonymous Symbol]                       0x08000f00   Section        0  stm32f4xx_ll_rcc.o(.text.LL_RCC_PLL_GetMainSource)
    LL_RCC_PLL_GetN                          0x08000f11   Thumb Code    16  stm32f4xx_ll_rcc.o(.text.LL_RCC_PLL_GetN)
    [Anonymous Symbol]                       0x08000f10   Section        0  stm32f4xx_ll_rcc.o(.text.LL_RCC_PLL_GetN)
    LL_RCC_PLL_GetP                          0x08000f21   Thumb Code    16  stm32f4xx_ll_rcc.o(.text.LL_RCC_PLL_GetP)
    [Anonymous Symbol]                       0x08000f20   Section        0  stm32f4xx_ll_rcc.o(.text.LL_RCC_PLL_GetP)
    LL_RCC_PLL_IsReady                       0x08000f31   Thumb Code    16  main.o(.text.LL_RCC_PLL_IsReady)
    [Anonymous Symbol]                       0x08000f30   Section        0  main.o(.text.LL_RCC_PLL_IsReady)
    LL_RCC_SetAHBPrescaler                   0x08000f41   Thumb Code    28  main.o(.text.LL_RCC_SetAHBPrescaler)
    [Anonymous Symbol]                       0x08000f40   Section        0  main.o(.text.LL_RCC_SetAHBPrescaler)
    LL_RCC_SetAPB1Prescaler                  0x08000f5d   Thumb Code    28  main.o(.text.LL_RCC_SetAPB1Prescaler)
    [Anonymous Symbol]                       0x08000f5c   Section        0  main.o(.text.LL_RCC_SetAPB1Prescaler)
    LL_RCC_SetAPB2Prescaler                  0x08000f79   Thumb Code    28  main.o(.text.LL_RCC_SetAPB2Prescaler)
    [Anonymous Symbol]                       0x08000f78   Section        0  main.o(.text.LL_RCC_SetAPB2Prescaler)
    LL_RCC_SetSysClkSource                   0x08000f95   Thumb Code    28  main.o(.text.LL_RCC_SetSysClkSource)
    [Anonymous Symbol]                       0x08000f94   Section        0  main.o(.text.LL_RCC_SetSysClkSource)
    LL_RCC_SetTIMPrescaler                   0x08000fb1   Thumb Code    28  main.o(.text.LL_RCC_SetTIMPrescaler)
    [Anonymous Symbol]                       0x08000fb0   Section        0  main.o(.text.LL_RCC_SetTIMPrescaler)
    [Anonymous Symbol]                       0x08000fcc   Section        0  stm32f4xx_ll_utils.o(.text.LL_SetSystemCoreClock)
    LL_TIM_CC_EnableChannel                  0x08000fe1   Thumb Code    20  hw_init.o(.text.LL_TIM_CC_EnableChannel)
    [Anonymous Symbol]                       0x08000fe0   Section        0  hw_init.o(.text.LL_TIM_CC_EnableChannel)
    LL_TIM_EnableARRPreload                  0x08000ff5   Thumb Code    18  hw_init.o(.text.LL_TIM_EnableARRPreload)
    [Anonymous Symbol]                       0x08000ff4   Section        0  hw_init.o(.text.LL_TIM_EnableARRPreload)
    LL_TIM_EnableCounter                     0x08001009   Thumb Code    18  hw_init.o(.text.LL_TIM_EnableCounter)
    [Anonymous Symbol]                       0x08001008   Section        0  hw_init.o(.text.LL_TIM_EnableCounter)
    LL_TIM_GenerateEvent_UPDATE              0x0800101d   Thumb Code    18  hw_init.o(.text.LL_TIM_GenerateEvent_UPDATE)
    [Anonymous Symbol]                       0x0800101c   Section        0  hw_init.o(.text.LL_TIM_GenerateEvent_UPDATE)
    LL_TIM_OC_EnablePreload                  0x08001031   Thumb Code   178  hw_init.o(.text.LL_TIM_OC_EnablePreload)
    [Anonymous Symbol]                       0x08001030   Section        0  hw_init.o(.text.LL_TIM_OC_EnablePreload)
    LL_TIM_OC_SetCompareCH1                  0x080010e5   Thumb Code    16  hw_init.o(.text.LL_TIM_OC_SetCompareCH1)
    [Anonymous Symbol]                       0x080010e4   Section        0  hw_init.o(.text.LL_TIM_OC_SetCompareCH1)
    LL_TIM_OC_SetCompareCH1                  0x080010f5   Thumb Code    16  connect_logic.o(.text.LL_TIM_OC_SetCompareCH1)
    [Anonymous Symbol]                       0x080010f4   Section        0  connect_logic.o(.text.LL_TIM_OC_SetCompareCH1)
    LL_TIM_OC_SetMode                        0x08001105   Thumb Code   186  hw_init.o(.text.LL_TIM_OC_SetMode)
    [Anonymous Symbol]                       0x08001104   Section        0  hw_init.o(.text.LL_TIM_OC_SetMode)
    LL_TIM_OC_SetPolarity                    0x080011c1   Thumb Code   164  hw_init.o(.text.LL_TIM_OC_SetPolarity)
    [Anonymous Symbol]                       0x080011c0   Section        0  hw_init.o(.text.LL_TIM_OC_SetPolarity)
    LL_TIM_SetAutoReload                     0x08001265   Thumb Code    16  hw_init.o(.text.LL_TIM_SetAutoReload)
    [Anonymous Symbol]                       0x08001264   Section        0  hw_init.o(.text.LL_TIM_SetAutoReload)
    LL_TIM_SetPrescaler                      0x08001275   Thumb Code    16  hw_init.o(.text.LL_TIM_SetPrescaler)
    [Anonymous Symbol]                       0x08001274   Section        0  hw_init.o(.text.LL_TIM_SetPrescaler)
    LL_USART_ClearFlag_IDLE                  0x08001285   Thumb Code    24  it_handlers.o(.text.LL_USART_ClearFlag_IDLE)
    [Anonymous Symbol]                       0x08001284   Section        0  it_handlers.o(.text.LL_USART_ClearFlag_IDLE)
    LL_USART_ConfigAsyncMode                 0x0800129d   Thumb Code    28  hw_init.o(.text.LL_USART_ConfigAsyncMode)
    [Anonymous Symbol]                       0x0800129c   Section        0  hw_init.o(.text.LL_USART_ConfigAsyncMode)
    LL_USART_Enable                          0x080012b9   Thumb Code    18  hw_init.o(.text.LL_USART_Enable)
    [Anonymous Symbol]                       0x080012b8   Section        0  hw_init.o(.text.LL_USART_Enable)
    LL_USART_EnableDMAReq_RX                 0x080012cd   Thumb Code    42  hw_init.o(.text.LL_USART_EnableDMAReq_RX)
    [Anonymous Symbol]                       0x080012cc   Section        0  hw_init.o(.text.LL_USART_EnableDMAReq_RX)
    LL_USART_EnableDMAReq_TX                 0x080012f9   Thumb Code    42  hw_init.o(.text.LL_USART_EnableDMAReq_TX)
    [Anonymous Symbol]                       0x080012f8   Section        0  hw_init.o(.text.LL_USART_EnableDMAReq_TX)
    LL_USART_EnableIT_IDLE                   0x08001325   Thumb Code    42  hw_init.o(.text.LL_USART_EnableIT_IDLE)
    [Anonymous Symbol]                       0x08001324   Section        0  hw_init.o(.text.LL_USART_EnableIT_IDLE)
    [Anonymous Symbol]                       0x08001350   Section        0  stm32f4xx_ll_usart.o(.text.LL_USART_Init)
    LL_USART_IsActiveFlag_IDLE               0x08001425   Thumb Code    16  it_handlers.o(.text.LL_USART_IsActiveFlag_IDLE)
    [Anonymous Symbol]                       0x08001424   Section        0  it_handlers.o(.text.LL_USART_IsActiveFlag_IDLE)
    LL_USART_IsEnabled                       0x08001435   Thumb Code    16  stm32f4xx_ll_usart.o(.text.LL_USART_IsEnabled)
    [Anonymous Symbol]                       0x08001434   Section        0  stm32f4xx_ll_usart.o(.text.LL_USART_IsEnabled)
    LL_USART_SetBaudRate                     0x08001445   Thumb Code   176  stm32f4xx_ll_usart.o(.text.LL_USART_SetBaudRate)
    [Anonymous Symbol]                       0x08001444   Section        0  stm32f4xx_ll_usart.o(.text.LL_USART_SetBaudRate)
    LL_USART_SetHWFlowCtrl                   0x080014f5   Thumb Code    26  stm32f4xx_ll_usart.o(.text.LL_USART_SetHWFlowCtrl)
    [Anonymous Symbol]                       0x080014f4   Section        0  stm32f4xx_ll_usart.o(.text.LL_USART_SetHWFlowCtrl)
    LL_USART_SetStopBitsLength               0x08001511   Thumb Code    26  stm32f4xx_ll_usart.o(.text.LL_USART_SetStopBitsLength)
    [Anonymous Symbol]                       0x08001510   Section        0  stm32f4xx_ll_usart.o(.text.LL_USART_SetStopBitsLength)
    [Anonymous Symbol]                       0x0800152c   Section        0  stm32f4xx_it.o(.text.MemManage_Handler)
    [Anonymous Symbol]                       0x08001530   Section        0  stm32f4xx_it.o(.text.NMI_Handler)
    NVIC_EncodePriority                      0x08001535   Thumb Code   108  main.o(.text.NVIC_EncodePriority)
    [Anonymous Symbol]                       0x08001534   Section        0  main.o(.text.NVIC_EncodePriority)
    [Anonymous Symbol]                       0x080015a0   Section        0  hw_init.o(.text.PWM3_CH1_UsrInit)
    [Anonymous Symbol]                       0x0800160c   Section        0  stm32f4xx_it.o(.text.PendSV_Handler)
    [Anonymous Symbol]                       0x08001610   Section        0  stm32f4xx_ll_rcc.o(.text.RCC_GetHCLKClockFreq)
    [Anonymous Symbol]                       0x08001638   Section        0  stm32f4xx_ll_rcc.o(.text.RCC_GetPCLK1ClockFreq)
    [Anonymous Symbol]                       0x0800165c   Section        0  stm32f4xx_ll_rcc.o(.text.RCC_GetPCLK2ClockFreq)
    [Anonymous Symbol]                       0x08001680   Section        0  stm32f4xx_ll_rcc.o(.text.RCC_GetSystemClockFreq)
    [Anonymous Symbol]                       0x080016d8   Section        0  stm32f4xx_ll_rcc.o(.text.RCC_PLL_GetFreqDomain_SYS)
    [Anonymous Symbol]                       0x08001768   Section        0  stm32f4xx_it.o(.text.SVC_Handler)
    [Anonymous Symbol]                       0x0800176c   Section        0  stm32f4xx_it.o(.text.SysTick_Handler)
    [Anonymous Symbol]                       0x08001770   Section        0  main.o(.text.SystemClock_Config)
    [Anonymous Symbol]                       0x08001820   Section        0  system_stm32f4xx.o(.text.SystemInit)
    [Anonymous Symbol]                       0x08001834   Section        0  it_handlers.o(.text.USART2_IRQHandler)
    [Anonymous Symbol]                       0x080018c0   Section        0  hw_init.o(.text.USART2_UsrInit)
    [Anonymous Symbol]                       0x08001928   Section        0  connect_logic.o(.text.USART2_logic)
    [Anonymous Symbol]                       0x08001998   Section        0  stm32f4xx_it.o(.text.UsageFault_Handler)
    __NVIC_EnableIRQ                         0x0800199d   Thumb Code    48  hw_init.o(.text.__NVIC_EnableIRQ)
    [Anonymous Symbol]                       0x0800199c   Section        0  hw_init.o(.text.__NVIC_EnableIRQ)
    __NVIC_GetPriorityGrouping               0x080019cd   Thumb Code    16  main.o(.text.__NVIC_GetPriorityGrouping)
    [Anonymous Symbol]                       0x080019cc   Section        0  main.o(.text.__NVIC_GetPriorityGrouping)
    __NVIC_SetPriority                       0x080019dd   Thumb Code    66  main.o(.text.__NVIC_SetPriority)
    [Anonymous Symbol]                       0x080019dc   Section        0  main.o(.text.__NVIC_SetPriority)
    __NVIC_SetPriority                       0x08001a21   Thumb Code    66  hw_init.o(.text.__NVIC_SetPriority)
    [Anonymous Symbol]                       0x08001a20   Section        0  hw_init.o(.text.__NVIC_SetPriority)
    __NVIC_SetPriorityGrouping               0x08001a65   Thumb Code    60  main.o(.text.__NVIC_SetPriorityGrouping)
    [Anonymous Symbol]                       0x08001a64   Section        0  main.o(.text.__NVIC_SetPriorityGrouping)
    [Anonymous Symbol]                       0x08001aa0   Section        0  main.o(.text.main)
    [Anonymous Symbol]                       0x08001af4   Section        0  connect_logic.o(.text.parse_from_uart)
    $v0                                      0x08001bac   Number         0  dfixu.o(x$fpl$dfixu)
    x$fpl$dfixu                              0x08001bac   Section       90  dfixu.o(x$fpl$dfixu)
    $v0                                      0x08001c06   Number         0  dflt_clz.o(x$fpl$dfltu)
    x$fpl$dfltu                              0x08001c06   Section       38  dflt_clz.o(x$fpl$dfltu)
    $v0                                      0x08001c2c   Number         0  dmul.o(x$fpl$dmul)
    x$fpl$dmul                               0x08001c2c   Section      340  dmul.o(x$fpl$dmul)
    $v0                                      0x08001d80   Number         0  dnaninf.o(x$fpl$dnaninf)
    x$fpl$dnaninf                            0x08001d80   Section      156  dnaninf.o(x$fpl$dnaninf)
    $v0                                      0x08001e1c   Number         0  dretinf.o(x$fpl$dretinf)
    x$fpl$dretinf                            0x08001e1c   Section       12  dretinf.o(x$fpl$dretinf)
    $v0                                      0x08001e28   Number         0  fpinit.o(x$fpl$fpinit)
    x$fpl$fpinit                             0x08001e28   Section       26  fpinit.o(x$fpl$fpinit)
    x$fpl$usenofp                            0x08001e42   Section        0  usenofp.o(x$fpl$usenofp)
    OFFSET_TAB_CCMRx                         0x08001e5a   Data           7  hw_init.o(.rodata.OFFSET_TAB_CCMRx)
    [Anonymous Symbol]                       0x08001e5a   Section        0  hw_init.o(.rodata.OFFSET_TAB_CCMRx)
    SHIFT_TAB_CCxP                           0x08001e61   Data           7  hw_init.o(.rodata.SHIFT_TAB_CCxP)
    [Anonymous Symbol]                       0x08001e61   Section        0  hw_init.o(.rodata.SHIFT_TAB_CCxP)
    SHIFT_TAB_OCxx                           0x08001e68   Data           7  hw_init.o(.rodata.SHIFT_TAB_OCxx)
    [Anonymous Symbol]                       0x08001e68   Section        0  hw_init.o(.rodata.SHIFT_TAB_OCxx)
    STREAM_OFFSET_TAB                        0x08001e6f   Data           8  stm32f4xx_ll_dma.o(.rodata.STREAM_OFFSET_TAB)
    [Anonymous Symbol]                       0x08001e6f   Section        0  stm32f4xx_ll_dma.o(.rodata.STREAM_OFFSET_TAB)
    STREAM_OFFSET_TAB                        0x08001e77   Data           8  hw_init.o(.rodata.STREAM_OFFSET_TAB)
    [Anonymous Symbol]                       0x08001e77   Section        0  hw_init.o(.rodata.STREAM_OFFSET_TAB)
    STREAM_OFFSET_TAB                        0x08001e7f   Data           8  it_handlers.o(.rodata.STREAM_OFFSET_TAB)
    [Anonymous Symbol]                       0x08001e7f   Section        0  it_handlers.o(.rodata.STREAM_OFFSET_TAB)
    .bss                                     0x20000008   Section       96  libspace.o(.bss)
    Heap_Mem                                 0x20000168   Data         512  startup_stm32f401xc.o(HEAP)
    HEAP                                     0x20000168   Section      512  startup_stm32f401xc.o(HEAP)
    Stack_Mem                                0x20000368   Data        1024  startup_stm32f401xc.o(STACK)
    STACK                                    0x20000368   Section     1024  startup_stm32f401xc.o(STACK)
    __initial_sp                             0x20000768   Data           0  startup_stm32f401xc.o(STACK)

    Global Symbols

    Symbol Name                              Value     Ov Type        Size  Object(Section)

    BuildAttributes$$THM_ISAv4$E$P$D$K$B$S$7EM$VFPi3$EXTD16$VFPS$VFMA$PE$A:L22UL41UL21$X:L11$S22US41US21$IEEE1$IW$~IW$USESV6$~STKCKD$USESV7$~SHL$OSPACE$ROPI$EBA8$UX$STANDARDLIB$REQ8$PRES8$EABIv2 0x00000000   Number         0  anon$$obj.o ABSOLUTE
    __ARM_exceptions_init                     - Undefined Weak Reference
    __alloca_initialize                       - Undefined Weak Reference
    __arm_preinit_                            - Undefined Weak Reference
    __arm_relocate_pie_                       - Undefined Weak Reference
    __cpp_initialize__aeabi_                  - Undefined Weak Reference
    __cxa_finalize                            - Undefined Weak Reference
    __rt_locale                               - Undefined Weak Reference
    __sigvec_lookup                           - Undefined Weak Reference
    _atexit_init                              - Undefined Weak Reference
    _call_atexit_fns                          - Undefined Weak Reference
    _clock_init                               - Undefined Weak Reference
    _fp_trap_init                             - Undefined Weak Reference
    _fp_trap_shutdown                         - Undefined Weak Reference
    _get_lc_collate                           - Undefined Weak Reference
    _get_lc_ctype                             - Undefined Weak Reference
    _get_lc_monetary                          - Undefined Weak Reference
    _get_lc_numeric                           - Undefined Weak Reference
    _get_lc_time                              - Undefined Weak Reference
    _getenv_init                              - Undefined Weak Reference
    _handle_redirection                       - Undefined Weak Reference
    _init_alloc                               - Undefined Weak Reference
    _init_user_alloc                          - Undefined Weak Reference
    _initio                                   - Undefined Weak Reference
    _rand_init                                - Undefined Weak Reference
    _signal_finish                            - Undefined Weak Reference
    _signal_init                              - Undefined Weak Reference
    _terminate_alloc                          - Undefined Weak Reference
    _terminate_user_alloc                     - Undefined Weak Reference
    _terminateio                              - Undefined Weak Reference
    __Vectors_Size                           0x00000194   Number         0  startup_stm32f401xc.o ABSOLUTE
    __Vectors                                0x08000000   Data           4  startup_stm32f401xc.o(RESET)
    __Vectors_End                            0x08000194   Data           0  startup_stm32f401xc.o(RESET)
    __main                                   0x08000195   Thumb Code     8  __main.o(!!!main)
    __scatterload                            0x0800019d   Thumb Code     0  __scatter.o(!!!scatter)
    __scatterload_rt2                        0x0800019d   Thumb Code    84  __scatter.o(!!!scatter)
    __scatterload_rt2_thumb_only             0x0800019d   Thumb Code     0  __scatter.o(!!!scatter)
    __scatterload_loop                       0x080001a7   Thumb Code     0  __scatter.o(!!!scatter)
    __scatterload_copy                       0x080001f9   Thumb Code    26  __scatter_copy.o(!!handler_copy)
    __scatterload_null                       0x08000215   Thumb Code     2  __scatter.o(!!handler_null)
    __scatterload_zeroinit                   0x08000219   Thumb Code    28  __scatter_zi.o(!!handler_zi)
    __rt_lib_init                            0x08000235   Thumb Code     0  libinit.o(.ARM.Collect$$libinit$$00000000)
    __rt_lib_init_fp_1                       0x08000237   Thumb Code     0  libinit2.o(.ARM.Collect$$libinit$$00000001)
    __rt_lib_init_alloca_1                   0x0800023b   Thumb Code     0  libinit2.o(.ARM.Collect$$libinit$$00000030)
    __rt_lib_init_argv_1                     0x0800023b   Thumb Code     0  libinit2.o(.ARM.Collect$$libinit$$0000002E)
    __rt_lib_init_atexit_1                   0x0800023b   Thumb Code     0  libinit2.o(.ARM.Collect$$libinit$$0000001D)
    __rt_lib_init_clock_1                    0x0800023b   Thumb Code     0  libinit2.o(.ARM.Collect$$libinit$$00000023)
    __rt_lib_init_cpp_1                      0x0800023b   Thumb Code     0  libinit2.o(.ARM.Collect$$libinit$$00000034)
    __rt_lib_init_exceptions_1               0x0800023b   Thumb Code     0  libinit2.o(.ARM.Collect$$libinit$$00000032)
    __rt_lib_init_fp_trap_1                  0x0800023b   Thumb Code     0  libinit2.o(.ARM.Collect$$libinit$$00000021)
    __rt_lib_init_getenv_1                   0x0800023b   Thumb Code     0  libinit2.o(.ARM.Collect$$libinit$$00000025)
    __rt_lib_init_heap_1                     0x0800023b   Thumb Code     0  libinit2.o(.ARM.Collect$$libinit$$0000000C)
    __rt_lib_init_lc_collate_1               0x0800023b   Thumb Code     0  libinit2.o(.ARM.Collect$$libinit$$00000013)
    __rt_lib_init_lc_ctype_1                 0x0800023b   Thumb Code     0  libinit2.o(.ARM.Collect$$libinit$$00000015)
    __rt_lib_init_lc_monetary_1              0x0800023b   Thumb Code     0  libinit2.o(.ARM.Collect$$libinit$$00000017)
    __rt_lib_init_lc_numeric_1               0x0800023b   Thumb Code     0  libinit2.o(.ARM.Collect$$libinit$$00000019)
    __rt_lib_init_lc_time_1                  0x0800023b   Thumb Code     0  libinit2.o(.ARM.Collect$$libinit$$0000001B)
    __rt_lib_init_preinit_1                  0x0800023b   Thumb Code     0  libinit2.o(.ARM.Collect$$libinit$$00000006)
    __rt_lib_init_rand_1                     0x0800023b   Thumb Code     0  libinit2.o(.ARM.Collect$$libinit$$00000010)
    __rt_lib_init_relocate_pie_1             0x0800023b   Thumb Code     0  libinit2.o(.ARM.Collect$$libinit$$00000004)
    __rt_lib_init_return                     0x0800023b   Thumb Code     0  libinit2.o(.ARM.Collect$$libinit$$00000035)
    __rt_lib_init_signal_1                   0x0800023b   Thumb Code     0  libinit2.o(.ARM.Collect$$libinit$$0000001F)
    __rt_lib_init_stdio_1                    0x0800023b   Thumb Code     0  libinit2.o(.ARM.Collect$$libinit$$00000027)
    __rt_lib_init_user_alloc_1               0x0800023b   Thumb Code     0  libinit2.o(.ARM.Collect$$libinit$$0000000E)
    __rt_lib_shutdown                        0x0800023d   Thumb Code     0  libshutdown.o(.ARM.Collect$$libshutdown$$00000000)
    __rt_lib_shutdown_cpp_1                  0x0800023f   Thumb Code     0  libshutdown2.o(.ARM.Collect$$libshutdown$$00000002)
    __rt_lib_shutdown_fp_trap_1              0x0800023f   Thumb Code     0  libshutdown2.o(.ARM.Collect$$libshutdown$$00000007)
    __rt_lib_shutdown_heap_1                 0x0800023f   Thumb Code     0  libshutdown2.o(.ARM.Collect$$libshutdown$$0000000F)
    __rt_lib_shutdown_return                 0x0800023f   Thumb Code     0  libshutdown2.o(.ARM.Collect$$libshutdown$$00000010)
    __rt_lib_shutdown_signal_1               0x0800023f   Thumb Code     0  libshutdown2.o(.ARM.Collect$$libshutdown$$0000000A)
    __rt_lib_shutdown_stdio_1                0x0800023f   Thumb Code     0  libshutdown2.o(.ARM.Collect$$libshutdown$$00000004)
    __rt_lib_shutdown_user_alloc_1           0x0800023f   Thumb Code     0  libshutdown2.o(.ARM.Collect$$libshutdown$$0000000C)
    __rt_entry                               0x08000241   Thumb Code     0  __rtentry.o(.ARM.Collect$$rtentry$$00000000)
    __rt_entry_presh_1                       0x08000241   Thumb Code     0  __rtentry2.o(.ARM.Collect$$rtentry$$00000002)
    __rt_entry_sh                            0x08000241   Thumb Code     0  __rtentry4.o(.ARM.Collect$$rtentry$$00000004)
    __rt_entry_li                            0x08000247   Thumb Code     0  __rtentry2.o(.ARM.Collect$$rtentry$$0000000A)
    __rt_entry_postsh_1                      0x08000247   Thumb Code     0  __rtentry2.o(.ARM.Collect$$rtentry$$00000009)
    __rt_entry_main                          0x0800024b   Thumb Code     0  __rtentry2.o(.ARM.Collect$$rtentry$$0000000D)
    __rt_entry_postli_1                      0x0800024b   Thumb Code     0  __rtentry2.o(.ARM.Collect$$rtentry$$0000000C)
    __rt_exit                                0x08000253   Thumb Code     0  rtexit.o(.ARM.Collect$$rtexit$$00000000)
    __rt_exit_ls                             0x08000255   Thumb Code     0  rtexit2.o(.ARM.Collect$$rtexit$$00000003)
    __rt_exit_prels_1                        0x08000255   Thumb Code     0  rtexit2.o(.ARM.Collect$$rtexit$$00000002)
    __rt_exit_exit                           0x08000259   Thumb Code     0  rtexit2.o(.ARM.Collect$$rtexit$$00000004)
    Reset_Handler                            0x08000261   Thumb Code     8  startup_stm32f401xc.o(.text)
    ADC_IRQHandler                           0x0800027b   Thumb Code     0  startup_stm32f401xc.o(.text)
    DMA1_Stream0_IRQHandler                  0x0800027b   Thumb Code     0  startup_stm32f401xc.o(.text)
    DMA1_Stream1_IRQHandler                  0x0800027b   Thumb Code     0  startup_stm32f401xc.o(.text)
    DMA1_Stream2_IRQHandler                  0x0800027b   Thumb Code     0  startup_stm32f401xc.o(.text)
    DMA1_Stream3_IRQHandler                  0x0800027b   Thumb Code     0  startup_stm32f401xc.o(.text)
    DMA1_Stream4_IRQHandler                  0x0800027b   Thumb Code     0  startup_stm32f401xc.o(.text)
    DMA1_Stream5_IRQHandler                  0x0800027b   Thumb Code     0  startup_stm32f401xc.o(.text)
    DMA1_Stream6_IRQHandler                  0x0800027b   Thumb Code     0  startup_stm32f401xc.o(.text)
    DMA1_Stream7_IRQHandler                  0x0800027b   Thumb Code     0  startup_stm32f401xc.o(.text)
    DMA2_Stream0_IRQHandler                  0x0800027b   Thumb Code     0  startup_stm32f401xc.o(.text)
    DMA2_Stream1_IRQHandler                  0x0800027b   Thumb Code     0  startup_stm32f401xc.o(.text)
    DMA2_Stream2_IRQHandler                  0x0800027b   Thumb Code     0  startup_stm32f401xc.o(.text)
    DMA2_Stream3_IRQHandler                  0x0800027b   Thumb Code     0  startup_stm32f401xc.o(.text)
    DMA2_Stream4_IRQHandler                  0x0800027b   Thumb Code     0  startup_stm32f401xc.o(.text)
    DMA2_Stream5_IRQHandler                  0x0800027b   Thumb Code     0  startup_stm32f401xc.o(.text)
    DMA2_Stream6_IRQHandler                  0x0800027b   Thumb Code     0  startup_stm32f401xc.o(.text)
    DMA2_Stream7_IRQHandler                  0x0800027b   Thumb Code     0  startup_stm32f401xc.o(.text)
    EXTI0_IRQHandler                         0x0800027b   Thumb Code     0  startup_stm32f401xc.o(.text)
    EXTI15_10_IRQHandler                     0x0800027b   Thumb Code     0  startup_stm32f401xc.o(.text)
    EXTI1_IRQHandler                         0x0800027b   Thumb Code     0  startup_stm32f401xc.o(.text)
    EXTI2_IRQHandler                         0x0800027b   Thumb Code     0  startup_stm32f401xc.o(.text)
    EXTI3_IRQHandler                         0x0800027b   Thumb Code     0  startup_stm32f401xc.o(.text)
    EXTI4_IRQHandler                         0x0800027b   Thumb Code     0  startup_stm32f401xc.o(.text)
    EXTI9_5_IRQHandler                       0x0800027b   Thumb Code     0  startup_stm32f401xc.o(.text)
    FLASH_IRQHandler                         0x0800027b   Thumb Code     0  startup_stm32f401xc.o(.text)
    FPU_IRQHandler                           0x0800027b   Thumb Code     0  startup_stm32f401xc.o(.text)
    I2C1_ER_IRQHandler                       0x0800027b   Thumb Code     0  startup_stm32f401xc.o(.text)
    I2C1_EV_IRQHandler                       0x0800027b   Thumb Code     0  startup_stm32f401xc.o(.text)
    I2C2_ER_IRQHandler                       0x0800027b   Thumb Code     0  startup_stm32f401xc.o(.text)
    I2C2_EV_IRQHandler                       0x0800027b   Thumb Code     0  startup_stm32f401xc.o(.text)
    I2C3_ER_IRQHandler                       0x0800027b   Thumb Code     0  startup_stm32f401xc.o(.text)
    I2C3_EV_IRQHandler                       0x0800027b   Thumb Code     0  startup_stm32f401xc.o(.text)
    OTG_FS_IRQHandler                        0x0800027b   Thumb Code     0  startup_stm32f401xc.o(.text)
    OTG_FS_WKUP_IRQHandler                   0x0800027b   Thumb Code     0  startup_stm32f401xc.o(.text)
    PVD_IRQHandler                           0x0800027b   Thumb Code     0  startup_stm32f401xc.o(.text)
    RCC_IRQHandler                           0x0800027b   Thumb Code     0  startup_stm32f401xc.o(.text)
    RTC_Alarm_IRQHandler                     0x0800027b   Thumb Code     0  startup_stm32f401xc.o(.text)
    RTC_WKUP_IRQHandler                      0x0800027b   Thumb Code     0  startup_stm32f401xc.o(.text)
    SDIO_IRQHandler                          0x0800027b   Thumb Code     0  startup_stm32f401xc.o(.text)
    SPI1_IRQHandler                          0x0800027b   Thumb Code     0  startup_stm32f401xc.o(.text)
    SPI2_IRQHandler                          0x0800027b   Thumb Code     0  startup_stm32f401xc.o(.text)
    SPI3_IRQHandler                          0x0800027b   Thumb Code     0  startup_stm32f401xc.o(.text)
    SPI4_IRQHandler                          0x0800027b   Thumb Code     0  startup_stm32f401xc.o(.text)
    TAMP_STAMP_IRQHandler                    0x0800027b   Thumb Code     0  startup_stm32f401xc.o(.text)
    TIM1_BRK_TIM9_IRQHandler                 0x0800027b   Thumb Code     0  startup_stm32f401xc.o(.text)
    TIM1_CC_IRQHandler                       0x0800027b   Thumb Code     0  startup_stm32f401xc.o(.text)
    TIM1_TRG_COM_TIM11_IRQHandler            0x0800027b   Thumb Code     0  startup_stm32f401xc.o(.text)
    TIM1_UP_TIM10_IRQHandler                 0x0800027b   Thumb Code     0  startup_stm32f401xc.o(.text)
    TIM2_IRQHandler                          0x0800027b   Thumb Code     0  startup_stm32f401xc.o(.text)
    TIM3_IRQHandler                          0x0800027b   Thumb Code     0  startup_stm32f401xc.o(.text)
    TIM4_IRQHandler                          0x0800027b   Thumb Code     0  startup_stm32f401xc.o(.text)
    TIM5_IRQHandler                          0x0800027b   Thumb Code     0  startup_stm32f401xc.o(.text)
    USART1_IRQHandler                        0x0800027b   Thumb Code     0  startup_stm32f401xc.o(.text)
    USART6_IRQHandler                        0x0800027b   Thumb Code     0  startup_stm32f401xc.o(.text)
    WWDG_IRQHandler                          0x0800027b   Thumb Code     0  startup_stm32f401xc.o(.text)
    __user_initial_stackheap                 0x0800027d   Thumb Code     0  startup_stm32f401xc.o(.text)
    __aeabi_uldivmod                         0x080002a1   Thumb Code     0  lludivv7m.o(.text)
    _ll_udiv                                 0x080002a1   Thumb Code   240  lludivv7m.o(.text)
    __aeabi_memclr4                          0x08000391   Thumb Code     0  rt_memclr_w.o(.text)
    __aeabi_memclr8                          0x08000391   Thumb Code     0  rt_memclr_w.o(.text)
    __rt_memclr_w                            0x08000391   Thumb Code     0  rt_memclr_w.o(.text)
    _memset_w                                0x08000395   Thumb Code    74  rt_memclr_w.o(.text)
    __use_two_region_memory                  0x080003df   Thumb Code     2  heapauxi.o(.text)
    __rt_heap_escrow$2region                 0x080003e1   Thumb Code     2  heapauxi.o(.text)
    __rt_heap_expand$2region                 0x080003e3   Thumb Code     2  heapauxi.o(.text)
    __user_setup_stackheap                   0x080003e5   Thumb Code    74  sys_stackheap_outer.o(.text)
    exit                                     0x0800042f   Thumb Code    18  exit.o(.text)
    __user_libspace                          0x08000441   Thumb Code     8  libspace.o(.text)
    __user_perproc_libspace                  0x08000441   Thumb Code     0  libspace.o(.text)
    __user_perthread_libspace                0x08000441   Thumb Code     0  libspace.o(.text)
    _sys_exit                                0x08000449   Thumb Code     8  sys_exit.o(.text)
    __I$use$semihosting                      0x08000455   Thumb Code     0  use_no_semi.o(.text)
    __use_no_semihosting_swi                 0x08000455   Thumb Code     2  use_no_semi.o(.text)
    __semihosting_library_function           0x08000457   Thumb Code     0  indicate_semi.o(.text)
    BusFault_Handler                         0x08000459   Thumb Code     4  stm32f4xx_it.o(.text.BusFault_Handler)
    DMA1_UsrInit                             0x0800045d   Thumb Code   194  hw_init.o(.text.DMA1_UsrInit)
    DebugMon_Handler                         0x08000521   Thumb Code     2  stm32f4xx_it.o(.text.DebugMon_Handler)
    GPIO_PWM3_UsrInit                        0x08000525   Thumb Code    62  hw_init.o(.text.GPIO_PWM3_UsrInit)
    GPIO_USART2_UsrInit                      0x08000565   Thumb Code   132  hw_init.o(.text.GPIO_USART2_UsrInit)
    HardFault_Handler                        0x080005e9   Thumb Code     4  stm32f4xx_it.o(.text.HardFault_Handler)
    LL_DMA_Init                              0x080007b9   Thumb Code   174  stm32f4xx_ll_dma.o(.text.LL_DMA_Init)
    LL_GPIO_Init                             0x080009c1   Thumb Code   264  stm32f4xx_ll_gpio.o(.text.LL_GPIO_Init)
    LL_Init1msTick                           0x08000d59   Thumb Code    20  stm32f4xx_ll_utils.o(.text.LL_Init1msTick)
    LL_RCC_GetSystemClocksFreq               0x08000e21   Thumb Code    54  stm32f4xx_ll_rcc.o(.text.LL_RCC_GetSystemClocksFreq)
    LL_SetSystemCoreClock                    0x08000fcd   Thumb Code    20  stm32f4xx_ll_utils.o(.text.LL_SetSystemCoreClock)
    LL_USART_Init                            0x08001351   Thumb Code   210  stm32f4xx_ll_usart.o(.text.LL_USART_Init)
    MemManage_Handler                        0x0800152d   Thumb Code     4  stm32f4xx_it.o(.text.MemManage_Handler)
    NMI_Handler                              0x08001531   Thumb Code     4  stm32f4xx_it.o(.text.NMI_Handler)
    PWM3_CH1_UsrInit                         0x080015a1   Thumb Code   106  hw_init.o(.text.PWM3_CH1_UsrInit)
    PendSV_Handler                           0x0800160d   Thumb Code     2  stm32f4xx_it.o(.text.PendSV_Handler)
    RCC_GetHCLKClockFreq                     0x08001611   Thumb Code    38  stm32f4xx_ll_rcc.o(.text.RCC_GetHCLKClockFreq)
    RCC_GetPCLK1ClockFreq                    0x08001639   Thumb Code    36  stm32f4xx_ll_rcc.o(.text.RCC_GetPCLK1ClockFreq)
    RCC_GetPCLK2ClockFreq                    0x0800165d   Thumb Code    36  stm32f4xx_ll_rcc.o(.text.RCC_GetPCLK2ClockFreq)
    RCC_GetSystemClockFreq                   0x08001681   Thumb Code    88  stm32f4xx_ll_rcc.o(.text.RCC_GetSystemClockFreq)
    RCC_PLL_GetFreqDomain_SYS                0x080016d9   Thumb Code   142  stm32f4xx_ll_rcc.o(.text.RCC_PLL_GetFreqDomain_SYS)
    SVC_Handler                              0x08001769   Thumb Code     2  stm32f4xx_it.o(.text.SVC_Handler)
    SysTick_Handler                          0x0800176d   Thumb Code     2  stm32f4xx_it.o(.text.SysTick_Handler)
    SystemClock_Config                       0x08001771   Thumb Code   174  main.o(.text.SystemClock_Config)
    SystemInit                               0x08001821   Thumb Code    18  system_stm32f4xx.o(.text.SystemInit)
    USART2_IRQHandler                        0x08001835   Thumb Code   138  it_handlers.o(.text.USART2_IRQHandler)
    USART2_UsrInit                           0x080018c1   Thumb Code   102  hw_init.o(.text.USART2_UsrInit)
    USART2_logic                             0x08001929   Thumb Code   104  connect_logic.o(.text.USART2_logic)
    UsageFault_Handler                       0x08001999   Thumb Code     4  stm32f4xx_it.o(.text.UsageFault_Handler)
    main                                     0x08001aa1   Thumb Code    82  main.o(.text.main)
    parse_from_uart                          0x08001af5   Thumb Code   182  connect_logic.o(.text.parse_from_uart)
    __aeabi_d2uiz                            0x08001bad   Thumb Code     0  dfixu.o(x$fpl$dfixu)
    _dfixu                                   0x08001bad   Thumb Code    90  dfixu.o(x$fpl$dfixu)
    __aeabi_ui2d                             0x08001c07   Thumb Code     0  dflt_clz.o(x$fpl$dfltu)
    _dfltu                                   0x08001c07   Thumb Code    38  dflt_clz.o(x$fpl$dfltu)
    __aeabi_dmul                             0x08001c2d   Thumb Code     0  dmul.o(x$fpl$dmul)
    _dmul                                    0x08001c2d   Thumb Code   332  dmul.o(x$fpl$dmul)
    __fpl_dnaninf                            0x08001d81   Thumb Code   156  dnaninf.o(x$fpl$dnaninf)
    __fpl_dretinf                            0x08001e1d   Thumb Code    12  dretinf.o(x$fpl$dretinf)
    _fp_init                                 0x08001e29   Thumb Code    26  fpinit.o(x$fpl$fpinit)
    __fplib_config_fpu_vfp                   0x08001e41   Thumb Code     0  fpinit.o(x$fpl$fpinit)
    __fplib_config_pureend_doubles           0x08001e41   Thumb Code     0  fpinit.o(x$fpl$fpinit)
    AHBPrescTable                            0x08001e42   Data          16  system_stm32f4xx.o(.rodata.AHBPrescTable)
    __I$use$fp                               0x08001e42   Number         0  usenofp.o(x$fpl$usenofp)
    APBPrescTable                            0x08001e52   Data           8  system_stm32f4xx.o(.rodata.APBPrescTable)
    Region$$Table$$Base                      0x08001e88   Number         0  anon$$obj.o(Region$$Table)
    Region$$Table$$Limit                     0x08001ea8   Number         0  anon$$obj.o(Region$$Table)
    SystemCoreClock                          0x20000000   Data           4  system_stm32f4xx.o(.data.SystemCoreClock)
    __libspace_start                         0x20000008   Data          96  libspace.o(.bss)
    __temporary_stack_top$libspace           0x20000068   Data           0  libspace.o(.bss)
    rx_buf                                   0x20000068   Data         256  main.o(.bss.rx_buf)



==============================================================================

Memory Map of the image

  Image Entry point : 0x08000195

  Load Region LR_IROM1 (Base: 0x08000000, Size: 0x00001eb0, Max: 0x00040000, ABSOLUTE)

    Execution Region ER_IROM1 (Exec base: 0x08000000, Load base: 0x08000000, Size: 0x00001ea8, Max: 0x00040000, ABSOLUTE)

    Exec Addr    Load Addr    Size         Type   Attr      Idx    E Section Name        Object

    0x08000000   0x08000000   0x00000194   Data   RO            3    RESET               startup_stm32f401xc.o
    0x08000194   0x08000194   0x00000008   Code   RO          558  * !!!main             c_w.l(__main.o)
    0x0800019c   0x0800019c   0x0000005c   Code   RO          750    !!!scatter          c_w.l(__scatter.o)
    0x080001f8   0x080001f8   0x0000001a   Code   RO          754    !!handler_copy      c_w.l(__scatter_copy.o)
    0x08000212   0x08000212   0x00000002   PAD
    0x08000214   0x08000214   0x00000002   Code   RO          751    !!handler_null      c_w.l(__scatter.o)
    0x08000216   0x08000216   0x00000002   PAD
    0x08000218   0x08000218   0x0000001c   Code   RO          756    !!handler_zi        c_w.l(__scatter_zi.o)
    0x08000234   0x08000234   0x00000002   Code   RO          612    .ARM.Collect$$libinit$$00000000  c_w.l(libinit.o)
    0x08000236   0x08000236   0x00000004   Code   RO          624    .ARM.Collect$$libinit$$00000001  c_w.l(libinit2.o)
    0x0800023a   0x0800023a   0x00000000   Code   RO          627    .ARM.Collect$$libinit$$00000004  c_w.l(libinit2.o)
    0x0800023a   0x0800023a   0x00000000   Code   RO          629    .ARM.Collect$$libinit$$00000006  c_w.l(libinit2.o)
    0x0800023a   0x0800023a   0x00000000   Code   RO          632    .ARM.Collect$$libinit$$0000000C  c_w.l(libinit2.o)
    0x0800023a   0x0800023a   0x00000000   Code   RO          634    .ARM.Collect$$libinit$$0000000E  c_w.l(libinit2.o)
    0x0800023a   0x0800023a   0x00000000   Code   RO          636    .ARM.Collect$$libinit$$00000010  c_w.l(libinit2.o)
    0x0800023a   0x0800023a   0x00000000   Code   RO          639    .ARM.Collect$$libinit$$00000013  c_w.l(libinit2.o)
    0x0800023a   0x0800023a   0x00000000   Code   RO          641    .ARM.Collect$$libinit$$00000015  c_w.l(libinit2.o)
    0x0800023a   0x0800023a   0x00000000   Code   RO          643    .ARM.Collect$$libinit$$00000017  c_w.l(libinit2.o)
    0x0800023a   0x0800023a   0x00000000   Code   RO          645    .ARM.Collect$$libinit$$00000019  c_w.l(libinit2.o)
    0x0800023a   0x0800023a   0x00000000   Code   RO          647    .ARM.Collect$$libinit$$0000001B  c_w.l(libinit2.o)
    0x0800023a   0x0800023a   0x00000000   Code   RO          649    .ARM.Collect$$libinit$$0000001D  c_w.l(libinit2.o)
    0x0800023a   0x0800023a   0x00000000   Code   RO          651    .ARM.Collect$$libinit$$0000001F  c_w.l(libinit2.o)
    0x0800023a   0x0800023a   0x00000000   Code   RO          653    .ARM.Collect$$libinit$$00000021  c_w.l(libinit2.o)
    0x0800023a   0x0800023a   0x00000000   Code   RO          655    .ARM.Collect$$libinit$$00000023  c_w.l(libinit2.o)
    0x0800023a   0x0800023a   0x00000000   Code   RO          657    .ARM.Collect$$libinit$$00000025  c_w.l(libinit2.o)
    0x0800023a   0x0800023a   0x00000000   Code   RO          659    .ARM.Collect$$libinit$$00000027  c_w.l(libinit2.o)
    0x0800023a   0x0800023a   0x00000000   Code   RO          663    .ARM.Collect$$libinit$$0000002E  c_w.l(libinit2.o)
    0x0800023a   0x0800023a   0x00000000   Code   RO          665    .ARM.Collect$$libinit$$00000030  c_w.l(libinit2.o)
    0x0800023a   0x0800023a   0x00000000   Code   RO          667    .ARM.Collect$$libinit$$00000032  c_w.l(libinit2.o)
    0x0800023a   0x0800023a   0x00000000   Code   RO          669    .ARM.Collect$$libinit$$00000034  c_w.l(libinit2.o)
    0x0800023a   0x0800023a   0x00000002   Code   RO          670    .ARM.Collect$$libinit$$00000035  c_w.l(libinit2.o)
    0x0800023c   0x0800023c   0x00000002   Code   RO          705    .ARM.Collect$$libshutdown$$00000000  c_w.l(libshutdown.o)
    0x0800023e   0x0800023e   0x00000000   Code   RO          733    .ARM.Collect$$libshutdown$$00000002  c_w.l(libshutdown2.o)
    0x0800023e   0x0800023e   0x00000000   Code   RO          735    .ARM.Collect$$libshutdown$$00000004  c_w.l(libshutdown2.o)
    0x0800023e   0x0800023e   0x00000000   Code   RO          738    .ARM.Collect$$libshutdown$$00000007  c_w.l(libshutdown2.o)
    0x0800023e   0x0800023e   0x00000000   Code   RO          741    .ARM.Collect$$libshutdown$$0000000A  c_w.l(libshutdown2.o)
    0x0800023e   0x0800023e   0x00000000   Code   RO          743    .ARM.Collect$$libshutdown$$0000000C  c_w.l(libshutdown2.o)
    0x0800023e   0x0800023e   0x00000000   Code   RO          746    .ARM.Collect$$libshutdown$$0000000F  c_w.l(libshutdown2.o)
    0x0800023e   0x0800023e   0x00000002   Code   RO          747    .ARM.Collect$$libshutdown$$00000010  c_w.l(libshutdown2.o)
    0x08000240   0x08000240   0x00000000   Code   RO          572    .ARM.Collect$$rtentry$$00000000  c_w.l(__rtentry.o)
    0x08000240   0x08000240   0x00000000   Code   RO          583    .ARM.Collect$$rtentry$$00000002  c_w.l(__rtentry2.o)
    0x08000240   0x08000240   0x00000006   Code   RO          595    .ARM.Collect$$rtentry$$00000004  c_w.l(__rtentry4.o)
    0x08000246   0x08000246   0x00000000   Code   RO          585    .ARM.Collect$$rtentry$$00000009  c_w.l(__rtentry2.o)
    0x08000246   0x08000246   0x00000004   Code   RO          586    .ARM.Collect$$rtentry$$0000000A  c_w.l(__rtentry2.o)
    0x0800024a   0x0800024a   0x00000000   Code   RO          588    .ARM.Collect$$rtentry$$0000000C  c_w.l(__rtentry2.o)
    0x0800024a   0x0800024a   0x00000008   Code   RO          589    .ARM.Collect$$rtentry$$0000000D  c_w.l(__rtentry2.o)
    0x08000252   0x08000252   0x00000002   Code   RO          616    .ARM.Collect$$rtexit$$00000000  c_w.l(rtexit.o)
    0x08000254   0x08000254   0x00000000   Code   RO          676    .ARM.Collect$$rtexit$$00000002  c_w.l(rtexit2.o)
    0x08000254   0x08000254   0x00000004   Code   RO          677    .ARM.Collect$$rtexit$$00000003  c_w.l(rtexit2.o)
    0x08000258   0x08000258   0x00000006   Code   RO          678    .ARM.Collect$$rtexit$$00000004  c_w.l(rtexit2.o)
    0x0800025e   0x0800025e   0x00000002   PAD
    0x08000260   0x08000260   0x00000040   Code   RO            4    .text               startup_stm32f401xc.o
    0x080002a0   0x080002a0   0x000000f0   Code   RO          552    .text               c_w.l(lludivv7m.o)
    0x08000390   0x08000390   0x0000004e   Code   RO          554    .text               c_w.l(rt_memclr_w.o)
    0x080003de   0x080003de   0x00000006   Code   RO          556    .text               c_w.l(heapauxi.o)
    0x080003e4   0x080003e4   0x0000004a   Code   RO          599    .text               c_w.l(sys_stackheap_outer.o)
    0x0800042e   0x0800042e   0x00000012   Code   RO          601    .text               c_w.l(exit.o)
    0x08000440   0x08000440   0x00000008   Code   RO          613    .text               c_w.l(libspace.o)
    0x08000448   0x08000448   0x0000000c   Code   RO          671    .text               c_w.l(sys_exit.o)
    0x08000454   0x08000454   0x00000002   Code   RO          694    .text               c_w.l(use_no_semi.o)
    0x08000456   0x08000456   0x00000000   Code   RO          696    .text               c_w.l(indicate_semi.o)
    0x08000456   0x08000456   0x00000002   PAD
    0x08000458   0x08000458   0x00000004   Code   RO           76    .text.BusFault_Handler  stm32f4xx_it.o
    0x0800045c   0x0800045c   0x000000c2   Code   RO          487    .text.DMA1_UsrInit  hw_init.o
    0x0800051e   0x0800051e   0x00000002   PAD
    0x08000520   0x08000520   0x00000002   Code   RO           82    .text.DebugMon_Handler  stm32f4xx_it.o
    0x08000522   0x08000522   0x00000002   PAD
    0x08000524   0x08000524   0x0000003e   Code   RO          445    .text.GPIO_PWM3_UsrInit  hw_init.o
    0x08000562   0x08000562   0x00000002   PAD
    0x08000564   0x08000564   0x00000084   Code   RO          449    .text.GPIO_USART2_UsrInit  hw_init.o
    0x080005e8   0x080005e8   0x00000004   Code   RO           72    .text.HardFault_Handler  stm32f4xx_it.o
    0x080005ec   0x080005ec   0x00000022   Code   RO          447    .text.LL_AHB1_GRP1_EnableClock  hw_init.o
    0x0800060e   0x0800060e   0x00000002   PAD
    0x08000610   0x08000610   0x00000022   Code   RO           15    .text.LL_APB1_GRP1_EnableClock  main.o
    0x08000632   0x08000632   0x00000002   PAD
    0x08000634   0x08000634   0x00000022   Code   RO          453    .text.LL_APB1_GRP1_EnableClock  hw_init.o
    0x08000656   0x08000656   0x00000002   PAD
    0x08000658   0x08000658   0x00000022   Code   RO           13    .text.LL_APB2_GRP1_EnableClock  main.o
    0x0800067a   0x0800067a   0x00000002   PAD
    0x0800067c   0x0800067c   0x00000010   Code   RO          522    .text.LL_DMA_ClearFlag_DME5  it_handlers.o
    0x0800068c   0x0800068c   0x0000000e   Code   RO          524    .text.LL_DMA_ClearFlag_FE5  it_handlers.o
    0x0800069a   0x0800069a   0x00000002   PAD
    0x0800069c   0x0800069c   0x00000010   Code   RO          518    .text.LL_DMA_ClearFlag_HT5  it_handlers.o
    0x080006ac   0x080006ac   0x00000010   Code   RO          516    .text.LL_DMA_ClearFlag_TC5  it_handlers.o
    0x080006bc   0x080006bc   0x00000010   Code   RO          520    .text.LL_DMA_ClearFlag_TE5  it_handlers.o
    0x080006cc   0x080006cc   0x00000036   Code   RO          213    .text.LL_DMA_ConfigFifo  stm32f4xx_ll_dma.o
    0x08000702   0x08000702   0x00000002   PAD
    0x08000704   0x08000704   0x00000032   Code   RO          211    .text.LL_DMA_ConfigTransfer  stm32f4xx_ll_dma.o
    0x08000736   0x08000736   0x00000002   PAD
    0x08000738   0x08000738   0x00000020   Code   RO          512    .text.LL_DMA_DisableStream  it_handlers.o
    0x08000758   0x08000758   0x00000020   Code   RO          489    .text.LL_DMA_EnableStream  hw_init.o
    0x08000778   0x08000778   0x00000020   Code   RO          528    .text.LL_DMA_EnableStream  it_handlers.o
    0x08000798   0x08000798   0x0000001e   Code   RO          514    .text.LL_DMA_GetDataLength  it_handlers.o
    0x080007b6   0x080007b6   0x00000002   PAD
    0x080007b8   0x080007b8   0x000000ae   Code   RO          209    .text.LL_DMA_Init   stm32f4xx_ll_dma.o
    0x08000866   0x08000866   0x00000002   PAD
    0x08000868   0x08000868   0x0000002c   Code   RO          207    .text.LL_DMA_SetChannelSelection  stm32f4xx_ll_dma.o
    0x08000894   0x08000894   0x00000032   Code   RO          223    .text.LL_DMA_SetDataLength  stm32f4xx_ll_dma.o
    0x080008c6   0x080008c6   0x00000002   PAD
    0x080008c8   0x080008c8   0x00000032   Code   RO          526    .text.LL_DMA_SetDataLength  it_handlers.o
    0x080008fa   0x080008fa   0x00000002   PAD
    0x080008fc   0x080008fc   0x00000020   Code   RO          219    .text.LL_DMA_SetMemoryAddress  stm32f4xx_ll_dma.o
    0x0800091c   0x0800091c   0x0000002c   Code   RO          215    .text.LL_DMA_SetMemoryBurstxfer  stm32f4xx_ll_dma.o
    0x08000948   0x08000948   0x00000020   Code   RO          221    .text.LL_DMA_SetPeriphAddress  stm32f4xx_ll_dma.o
    0x08000968   0x08000968   0x0000002c   Code   RO          217    .text.LL_DMA_SetPeriphBurstxfer  stm32f4xx_ll_dma.o
    0x08000994   0x08000994   0x00000010   Code   RO           29    .text.LL_FLASH_GetLatency  main.o
    0x080009a4   0x080009a4   0x0000001c   Code   RO           27    .text.LL_FLASH_SetLatency  main.o
    0x080009c0   0x080009c0   0x00000108   Code   RO          101    .text.LL_GPIO_Init  stm32f4xx_ll_gpio.o
    0x08000ac8   0x08000ac8   0x0000007c   Code   RO          109    .text.LL_GPIO_SetAFPin_0_7  stm32f4xx_ll_gpio.o
    0x08000b44   0x08000b44   0x00000080   Code   RO          111    .text.LL_GPIO_SetAFPin_8_15  stm32f4xx_ll_gpio.o
    0x08000bc4   0x08000bc4   0x0000007c   Code   RO          113    .text.LL_GPIO_SetPinMode  stm32f4xx_ll_gpio.o
    0x08000c40   0x08000c40   0x0000001e   Code   RO          105    .text.LL_GPIO_SetPinOutputType  stm32f4xx_ll_gpio.o
    0x08000c5e   0x08000c5e   0x00000002   PAD
    0x08000c60   0x08000c60   0x0000007c   Code   RO          107    .text.LL_GPIO_SetPinPull  stm32f4xx_ll_gpio.o
    0x08000cdc   0x08000cdc   0x0000007c   Code   RO          103    .text.LL_GPIO_SetPinSpeed  stm32f4xx_ll_gpio.o
    0x08000d58   0x08000d58   0x00000014   Code   RO          304    .text.LL_Init1msTick  stm32f4xx_ll_utils.o
    0x08000d6c   0x08000d6c   0x00000036   Code   RO          306    .text.LL_InitTick   stm32f4xx_ll_utils.o
    0x08000da2   0x08000da2   0x00000002   PAD
    0x08000da4   0x08000da4   0x00000010   Code   RO           45    .text.LL_PWR_IsActiveFlag_VOS  main.o
    0x08000db4   0x08000db4   0x0000001c   Code   RO           31    .text.LL_PWR_SetRegulVoltageScaling  main.o
    0x08000dd0   0x08000dd0   0x00000010   Code   RO          273    .text.LL_RCC_GetAHBPrescaler  stm32f4xx_ll_rcc.o
    0x08000de0   0x08000de0   0x00000010   Code   RO          275    .text.LL_RCC_GetAPB1Prescaler  stm32f4xx_ll_rcc.o
    0x08000df0   0x08000df0   0x00000010   Code   RO          277    .text.LL_RCC_GetAPB2Prescaler  stm32f4xx_ll_rcc.o
    0x08000e00   0x08000e00   0x00000010   Code   RO           55    .text.LL_RCC_GetSysClkSource  main.o
    0x08000e10   0x08000e10   0x00000010   Code   RO          269    .text.LL_RCC_GetSysClkSource  stm32f4xx_ll_rcc.o
    0x08000e20   0x08000e20   0x00000036   Code   RO          245    .text.LL_RCC_GetSystemClocksFreq  stm32f4xx_ll_rcc.o
    0x08000e56   0x08000e56   0x00000002   PAD
    0x08000e58   0x08000e58   0x00000012   Code   RO           35    .text.LL_RCC_HSI_Enable  main.o
    0x08000e6a   0x08000e6a   0x00000002   PAD
    0x08000e6c   0x08000e6c   0x00000010   Code   RO           37    .text.LL_RCC_HSI_IsReady  main.o
    0x08000e7c   0x08000e7c   0x0000001e   Code   RO           33    .text.LL_RCC_HSI_SetCalibTrimming  main.o
    0x08000e9a   0x08000e9a   0x00000002   PAD
    0x08000e9c   0x08000e9c   0x0000003e   Code   RO           39    .text.LL_RCC_PLL_ConfigDomain_SYS  main.o
    0x08000eda   0x08000eda   0x00000002   PAD
    0x08000edc   0x08000edc   0x00000012   Code   RO           41    .text.LL_RCC_PLL_Enable  main.o
    0x08000eee   0x08000eee   0x00000002   PAD
    0x08000ef0   0x08000ef0   0x00000010   Code   RO          281    .text.LL_RCC_PLL_GetDivider  stm32f4xx_ll_rcc.o
    0x08000f00   0x08000f00   0x00000010   Code   RO          279    .text.LL_RCC_PLL_GetMainSource  stm32f4xx_ll_rcc.o
    0x08000f10   0x08000f10   0x00000010   Code   RO          283    .text.LL_RCC_PLL_GetN  stm32f4xx_ll_rcc.o
    0x08000f20   0x08000f20   0x00000010   Code   RO          285    .text.LL_RCC_PLL_GetP  stm32f4xx_ll_rcc.o
    0x08000f30   0x08000f30   0x00000010   Code   RO           43    .text.LL_RCC_PLL_IsReady  main.o
    0x08000f40   0x08000f40   0x0000001c   Code   RO           47    .text.LL_RCC_SetAHBPrescaler  main.o
    0x08000f5c   0x08000f5c   0x0000001c   Code   RO           49    .text.LL_RCC_SetAPB1Prescaler  main.o
    0x08000f78   0x08000f78   0x0000001c   Code   RO           51    .text.LL_RCC_SetAPB2Prescaler  main.o
    0x08000f94   0x08000f94   0x0000001c   Code   RO           53    .text.LL_RCC_SetSysClkSource  main.o
    0x08000fb0   0x08000fb0   0x0000001c   Code   RO           57    .text.LL_RCC_SetTIMPrescaler  main.o
    0x08000fcc   0x08000fcc   0x00000014   Code   RO          310    .text.LL_SetSystemCoreClock  stm32f4xx_ll_utils.o
    0x08000fe0   0x08000fe0   0x00000014   Code   RO          467    .text.LL_TIM_CC_EnableChannel  hw_init.o
    0x08000ff4   0x08000ff4   0x00000012   Code   RO          469    .text.LL_TIM_EnableARRPreload  hw_init.o
    0x08001006   0x08001006   0x00000002   PAD
    0x08001008   0x08001008   0x00000012   Code   RO          471    .text.LL_TIM_EnableCounter  hw_init.o
    0x0800101a   0x0800101a   0x00000002   PAD
    0x0800101c   0x0800101c   0x00000012   Code   RO          473    .text.LL_TIM_GenerateEvent_UPDATE  hw_init.o
    0x0800102e   0x0800102e   0x00000002   PAD
    0x08001030   0x08001030   0x000000b2   Code   RO          463    .text.LL_TIM_OC_EnablePreload  hw_init.o
    0x080010e2   0x080010e2   0x00000002   PAD
    0x080010e4   0x080010e4   0x00000010   Code   RO          461    .text.LL_TIM_OC_SetCompareCH1  hw_init.o
    0x080010f4   0x080010f4   0x00000010   Code   RO          542    .text.LL_TIM_OC_SetCompareCH1  connect_logic.o
    0x08001104   0x08001104   0x000000ba   Code   RO          459    .text.LL_TIM_OC_SetMode  hw_init.o
    0x080011be   0x080011be   0x00000002   PAD
    0x080011c0   0x080011c0   0x000000a4   Code   RO          465    .text.LL_TIM_OC_SetPolarity  hw_init.o
    0x08001264   0x08001264   0x00000010   Code   RO          457    .text.LL_TIM_SetAutoReload  hw_init.o
    0x08001274   0x08001274   0x00000010   Code   RO          455    .text.LL_TIM_SetPrescaler  hw_init.o
    0x08001284   0x08001284   0x00000018   Code   RO          510    .text.LL_USART_ClearFlag_IDLE  it_handlers.o
    0x0800129c   0x0800129c   0x0000001c   Code   RO          477    .text.LL_USART_ConfigAsyncMode  hw_init.o
    0x080012b8   0x080012b8   0x00000012   Code   RO          485    .text.LL_USART_Enable  hw_init.o
    0x080012ca   0x080012ca   0x00000002   PAD
    0x080012cc   0x080012cc   0x0000002a   Code   RO          491    .text.LL_USART_EnableDMAReq_RX  hw_init.o
    0x080012f6   0x080012f6   0x00000002   PAD
    0x080012f8   0x080012f8   0x0000002a   Code   RO          493    .text.LL_USART_EnableDMAReq_TX  hw_init.o
    0x08001322   0x08001322   0x00000002   PAD
    0x08001324   0x08001324   0x0000002a   Code   RO          479    .text.LL_USART_EnableIT_IDLE  hw_init.o
    0x0800134e   0x0800134e   0x00000002   PAD
    0x08001350   0x08001350   0x000000d2   Code   RO          406    .text.LL_USART_Init  stm32f4xx_ll_usart.o
    0x08001422   0x08001422   0x00000002   PAD
    0x08001424   0x08001424   0x00000010   Code   RO          508    .text.LL_USART_IsActiveFlag_IDLE  it_handlers.o
    0x08001434   0x08001434   0x00000010   Code   RO          408    .text.LL_USART_IsEnabled  stm32f4xx_ll_usart.o
    0x08001444   0x08001444   0x000000b0   Code   RO          414    .text.LL_USART_SetBaudRate  stm32f4xx_ll_usart.o
    0x080014f4   0x080014f4   0x0000001a   Code   RO          412    .text.LL_USART_SetHWFlowCtrl  stm32f4xx_ll_usart.o
    0x0800150e   0x0800150e   0x00000002   PAD
    0x08001510   0x08001510   0x0000001a   Code   RO          410    .text.LL_USART_SetStopBitsLength  stm32f4xx_ll_usart.o
    0x0800152a   0x0800152a   0x00000002   PAD
    0x0800152c   0x0800152c   0x00000004   Code   RO           74    .text.MemManage_Handler  stm32f4xx_it.o
    0x08001530   0x08001530   0x00000004   Code   RO           70    .text.NMI_Handler   stm32f4xx_it.o
    0x08001534   0x08001534   0x0000006c   Code   RO           21    .text.NVIC_EncodePriority  main.o
    0x080015a0   0x080015a0   0x0000006a   Code   RO          451    .text.PWM3_CH1_UsrInit  hw_init.o
    0x0800160a   0x0800160a   0x00000002   PAD
    0x0800160c   0x0800160c   0x00000002   Code   RO           84    .text.PendSV_Handler  stm32f4xx_it.o
    0x0800160e   0x0800160e   0x00000002   PAD
    0x08001610   0x08001610   0x00000026   Code   RO          249    .text.RCC_GetHCLKClockFreq  stm32f4xx_ll_rcc.o
    0x08001636   0x08001636   0x00000002   PAD
    0x08001638   0x08001638   0x00000024   Code   RO          251    .text.RCC_GetPCLK1ClockFreq  stm32f4xx_ll_rcc.o
    0x0800165c   0x0800165c   0x00000024   Code   RO          253    .text.RCC_GetPCLK2ClockFreq  stm32f4xx_ll_rcc.o
    0x08001680   0x08001680   0x00000058   Code   RO          247    .text.RCC_GetSystemClockFreq  stm32f4xx_ll_rcc.o
    0x080016d8   0x080016d8   0x0000008e   Code   RO          271    .text.RCC_PLL_GetFreqDomain_SYS  stm32f4xx_ll_rcc.o
    0x08001766   0x08001766   0x00000002   PAD
    0x08001768   0x08001768   0x00000002   Code   RO           80    .text.SVC_Handler   stm32f4xx_it.o
    0x0800176a   0x0800176a   0x00000002   PAD
    0x0800176c   0x0800176c   0x00000002   Code   RO           86    .text.SysTick_Handler  stm32f4xx_it.o
    0x0800176e   0x0800176e   0x00000002   PAD
    0x08001770   0x08001770   0x000000ae   Code   RO           25    .text.SystemClock_Config  main.o
    0x0800181e   0x0800181e   0x00000002   PAD
    0x08001820   0x08001820   0x00000012   Code   RO          431    .text.SystemInit    system_stm32f4xx.o
    0x08001832   0x08001832   0x00000002   PAD
    0x08001834   0x08001834   0x0000008a   Code   RO          506    .text.USART2_IRQHandler  it_handlers.o
    0x080018be   0x080018be   0x00000002   PAD
    0x080018c0   0x080018c0   0x00000066   Code   RO          475    .text.USART2_UsrInit  hw_init.o
    0x08001926   0x08001926   0x00000002   PAD
    0x08001928   0x08001928   0x00000070   Code   RO          538    .text.USART2_logic  connect_logic.o
    0x08001998   0x08001998   0x00000004   Code   RO           78    .text.UsageFault_Handler  stm32f4xx_it.o
    0x0800199c   0x0800199c   0x00000030   Code   RO          483    .text.__NVIC_EnableIRQ  hw_init.o
    0x080019cc   0x080019cc   0x00000010   Code   RO           23    .text.__NVIC_GetPriorityGrouping  main.o
    0x080019dc   0x080019dc   0x00000042   Code   RO           19    .text.__NVIC_SetPriority  main.o
    0x08001a1e   0x08001a1e   0x00000002   PAD
    0x08001a20   0x08001a20   0x00000042   Code   RO          481    .text.__NVIC_SetPriority  hw_init.o
    0x08001a62   0x08001a62   0x00000002   PAD
    0x08001a64   0x08001a64   0x0000003c   Code   RO           17    .text.__NVIC_SetPriorityGrouping  main.o
    0x08001aa0   0x08001aa0   0x00000052   Code   RO           11    .text.main          main.o
    0x08001af2   0x08001af2   0x00000002   PAD
    0x08001af4   0x08001af4   0x000000b6   Code   RO          540    .text.parse_from_uart  connect_logic.o
    0x08001baa   0x08001baa   0x00000002   PAD
    0x08001bac   0x08001bac   0x0000005a   Code   RO          560    x$fpl$dfixu         fz_wm.l(dfixu.o)
    0x08001c06   0x08001c06   0x00000026   Code   RO          564    x$fpl$dfltu         fz_wm.l(dflt_clz.o)
    0x08001c2c   0x08001c2c   0x00000154   Code   RO          570    x$fpl$dmul          fz_wm.l(dmul.o)
    0x08001d80   0x08001d80   0x0000009c   Code   RO          577    x$fpl$dnaninf       fz_wm.l(dnaninf.o)
    0x08001e1c   0x08001e1c   0x0000000c   Code   RO          579    x$fpl$dretinf       fz_wm.l(dretinf.o)
    0x08001e28   0x08001e28   0x0000001a   Code   RO          688    x$fpl$fpinit        fz_wm.l(fpinit.o)
    0x08001e42   0x08001e42   0x00000000   Code   RO          581    x$fpl$usenofp       fz_wm.l(usenofp.o)
    0x08001e42   0x08001e42   0x00000010   Data   RO          436    .rodata.AHBPrescTable  system_stm32f4xx.o
    0x08001e52   0x08001e52   0x00000008   Data   RO          437    .rodata.APBPrescTable  system_stm32f4xx.o
    0x08001e5a   0x08001e5a   0x00000007   Data   RO          495    .rodata.OFFSET_TAB_CCMRx  hw_init.o
    0x08001e61   0x08001e61   0x00000007   Data   RO          497    .rodata.SHIFT_TAB_CCxP  hw_init.o
    0x08001e68   0x08001e68   0x00000007   Data   RO          496    .rodata.SHIFT_TAB_OCxx  hw_init.o
    0x08001e6f   0x08001e6f   0x00000008   Data   RO          227    .rodata.STREAM_OFFSET_TAB  stm32f4xx_ll_dma.o
    0x08001e77   0x08001e77   0x00000008   Data   RO          498    .rodata.STREAM_OFFSET_TAB  hw_init.o
    0x08001e7f   0x08001e7f   0x00000008   Data   RO          530    .rodata.STREAM_OFFSET_TAB  it_handlers.o
    0x08001e87   0x08001e87   0x00000001   PAD
    0x08001e88   0x08001e88   0x00000020   Data   RO          749    Region$$Table       anon$$obj.o


    Execution Region RW_IRAM1 (Exec base: 0x20000000, Load base: 0x08001ea8, Size: 0x00000768, Max: 0x00010000, ABSOLUTE)

    Exec Addr    Load Addr    Size         Type   Attr      Idx    E Section Name        Object

    0x20000000   0x08001ea8   0x00000004   Data   RW          435    .data.SystemCoreClock  system_stm32f4xx.o
    0x20000004   0x08001eac   0x00000004   PAD
    0x20000008        -       0x00000060   Zero   RW          614    .bss                c_w.l(libspace.o)
    0x20000068        -       0x00000100   Zero   RW           61    .bss.rx_buf         main.o
    0x20000168        -       0x00000200   Zero   RW            2    HEAP                startup_stm32f401xc.o
    0x20000368        -       0x00000400   Zero   RW            1    STACK               startup_stm32f401xc.o


==============================================================================

Image component sizes


      Code (inc. data)   RO Data    RW Data    ZI Data      Debug   Object Name

       310          8          0          0          0       2164   connect_logic.o
      1632          0         29          0          0       9637   hw_init.o
       400          0          8          0          0       2918   it_handlers.o
       978          0          0          0        256       7619   main.o
        64         26        404          0       1536        848   startup_stm32f401xc.o
        28          0          0          0          0       1002   stm32f4xx_it.o
       524          0          8          0          0       5286   stm32f4xx_ll_dma.o
       918          0          0          0          0       5017   stm32f4xx_ll_gpio.o
       522          0          0          0          0       6127   stm32f4xx_ll_rcc.o
       454          0          0          0          0       4892   stm32f4xx_ll_usart.o
        94          0          0          0          0       6754   stm32f4xx_ll_utils.o
        18          0         24          4          0       2574   system_stm32f4xx.o

    ----------------------------------------------------------------------
      6036         34        506          4       1796      54838   Object Totals
         0          0         32          0          0          0   (incl. Generated)
        94          0          1          0          4          0   (incl. Padding)

    ----------------------------------------------------------------------

      Code (inc. data)   RO Data    RW Data    ZI Data      Debug   Library Member Name

         8          0          0          0          0         68   __main.o
         0          0          0          0          0          0   __rtentry.o
        12          0          0          0          0          0   __rtentry2.o
         6          0          0          0          0          0   __rtentry4.o
        94          8          0          0          0          0   __scatter.o
        26          0          0          0          0          0   __scatter_copy.o
        28          0          0          0          0          0   __scatter_zi.o
        18          0          0          0          0         80   exit.o
         6          0          0          0          0        152   heapauxi.o
         0          0          0          0          0          0   indicate_semi.o
         2          0          0          0          0          0   libinit.o
         6          0          0          0          0          0   libinit2.o
         2          0          0          0          0          0   libshutdown.o
         2          0          0          0          0          0   libshutdown2.o
         8          4          0          0         96         68   libspace.o
       240          0          0          0          0        100   lludivv7m.o
        78          0          0          0          0         80   rt_memclr_w.o
         2          0          0          0          0          0   rtexit.o
        10          0          0          0          0          0   rtexit2.o
        12          4          0          0          0         68   sys_exit.o
        74          0          0          0          0         80   sys_stackheap_outer.o
         2          0          0          0          0         68   use_no_semi.o
        90          4          0          0          0        140   dfixu.o
        38          0          0          0          0        116   dflt_clz.o
       340         12          0          0          0        152   dmul.o
       156          4          0          0          0        140   dnaninf.o
        12          0          0          0          0        116   dretinf.o
        26          0          0          0          0        116   fpinit.o
         0          0          0          0          0          0   usenofp.o

    ----------------------------------------------------------------------
      1306         36          0          0         96       1544   Library Totals
         8          0          0          0          0          0   (incl. Padding)

    ----------------------------------------------------------------------

      Code (inc. data)   RO Data    RW Data    ZI Data      Debug   Library Name

       636         16          0          0         96        764   c_w.l
       662         20          0          0          0        780   fz_wm.l

    ----------------------------------------------------------------------
      1306         36          0          0         96       1544   Library Totals

    ----------------------------------------------------------------------

==============================================================================


      Code (inc. data)   RO Data    RW Data    ZI Data      Debug   

      7342         70        506          4       1892      55490   Grand Totals
      7342         70        506          4       1892      55490   ELF Image Totals
      7342         70        506          4          0          0   ROM Totals

==============================================================================

    Total RO  Size (Code + RO Data)                 7848 (   7.66kB)
    Total RW  Size (RW Data + ZI Data)              1896 (   1.85kB)
    Total ROM Size (Code + RO Data + RW Data)       7852 (   7.67kB)

==============================================================================

