Component: Arm Compiler for Embedded 6.24 Tool: armlink [5f371500]

==============================================================================

Section Cross References

    startup_stm32f401xc.o(STACK) refers (Special) to heapauxi.o(.text) for __use_two_region_memory
    startup_stm32f401xc.o(HEAP) refers (Special) to heapauxi.o(.text) for __use_two_region_memory
    startup_stm32f401xc.o(RESET) refers (Special) to heapauxi.o(.text) for __use_two_region_memory
    startup_stm32f401xc.o(RESET) refers to startup_stm32f401xc.o(STACK) for __initial_sp
    startup_stm32f401xc.o(RESET) refers to startup_stm32f401xc.o(.text) for Reset_Handler
    startup_stm32f401xc.o(RESET) refers to stm32f4xx_it.o(.text.NMI_Handler) for NMI_Handler
    startup_stm32f401xc.o(RESET) refers to stm32f4xx_it.o(.text.HardFault_Handler) for HardFault_Handler
    startup_stm32f401xc.o(RESET) refers to stm32f4xx_it.o(.text.MemManage_Handler) for MemManage_Handler
    startup_stm32f401xc.o(RESET) refers to stm32f4xx_it.o(.text.BusFault_Handler) for BusFault_Handler
    startup_stm32f401xc.o(RESET) refers to stm32f4xx_it.o(.text.UsageFault_Handler) for UsageFault_Handler
    startup_stm32f401xc.o(RESET) refers to stm32f4xx_it.o(.text.SVC_Handler) for SVC_Handler
    startup_stm32f401xc.o(RESET) refers to stm32f4xx_it.o(.text.DebugMon_Handler) for DebugMon_Handler
    startup_stm32f401xc.o(RESET) refers to stm32f4xx_it.o(.text.PendSV_Handler) for PendSV_Handler
    startup_stm32f401xc.o(RESET) refers to stm32f4xx_it.o(.text.SysTick_Handler) for SysTick_Handler
    startup_stm32f401xc.o(RESET) refers to it_handlers.o(.text.DMA1_Stream6_IRQHandler) for DMA1_Stream6_IRQHandler
    startup_stm32f401xc.o(RESET) refers to it_handlers.o(.text.USART2_IRQHandler) for USART2_IRQHandler
    startup_stm32f401xc.o(.text) refers (Special) to heapauxi.o(.text) for __use_two_region_memory
    startup_stm32f401xc.o(.text) refers to system_stm32f4xx.o(.text.SystemInit) for SystemInit
    startup_stm32f401xc.o(.text) refers to __main.o(!!!main) for __main
    startup_stm32f401xc.o(.text) refers to startup_stm32f401xc.o(HEAP) for Heap_Mem
    startup_stm32f401xc.o(.text) refers to startup_stm32f401xc.o(STACK) for Stack_Mem
    main.o(.text.main) refers to main.o(.text.LL_APB2_GRP1_EnableClock) for LL_APB2_GRP1_EnableClock
    main.o(.text.main) refers to main.o(.text.LL_APB1_GRP1_EnableClock) for LL_APB1_GRP1_EnableClock
    main.o(.text.main) refers to main.o(.text.__NVIC_SetPriorityGrouping) for __NVIC_SetPriorityGrouping
    main.o(.text.main) refers to main.o(.text.__NVIC_GetPriorityGrouping) for __NVIC_GetPriorityGrouping
    main.o(.text.main) refers to main.o(.text.NVIC_EncodePriority) for NVIC_EncodePriority
    main.o(.text.main) refers to main.o(.text.__NVIC_SetPriority) for __NVIC_SetPriority
    main.o(.text.main) refers to main.o(.text.SystemClock_Config) for SystemClock_Config
    main.o(.text.main) refers to hw_init.o(.text.GPIO_PWM3_UsrInit) for GPIO_PWM3_UsrInit
    main.o(.text.main) refers to hw_init.o(.text.PWM3_CH1_UsrInit) for PWM3_CH1_UsrInit
    main.o(.text.main) refers to hw_init.o(.text.GPIO_USART2_UsrInit) for GPIO_USART2_UsrInit
    main.o(.text.main) refers to hw_init.o(.text.USART2_UsrInit) for USART2_UsrInit
    main.o(.text.main) refers to hw_init.o(.text.DMA1_UsrInit) for DMA1_UsrInit
    main.o(.ARM.exidx.text.main) refers to main.o(.text.main) for [Anonymous Symbol]
    main.o(.ARM.exidx.text.LL_APB2_GRP1_EnableClock) refers to main.o(.text.LL_APB2_GRP1_EnableClock) for [Anonymous Symbol]
    main.o(.ARM.exidx.text.LL_APB1_GRP1_EnableClock) refers to main.o(.text.LL_APB1_GRP1_EnableClock) for [Anonymous Symbol]
    main.o(.ARM.exidx.text.__NVIC_SetPriorityGrouping) refers to main.o(.text.__NVIC_SetPriorityGrouping) for [Anonymous Symbol]
    main.o(.ARM.exidx.text.__NVIC_SetPriority) refers to main.o(.text.__NVIC_SetPriority) for [Anonymous Symbol]
    main.o(.ARM.exidx.text.NVIC_EncodePriority) refers to main.o(.text.NVIC_EncodePriority) for [Anonymous Symbol]
    main.o(.ARM.exidx.text.__NVIC_GetPriorityGrouping) refers to main.o(.text.__NVIC_GetPriorityGrouping) for [Anonymous Symbol]
    main.o(.text.SystemClock_Config) refers to main.o(.text.LL_FLASH_SetLatency) for LL_FLASH_SetLatency
    main.o(.text.SystemClock_Config) refers to main.o(.text.LL_FLASH_GetLatency) for LL_FLASH_GetLatency
    main.o(.text.SystemClock_Config) refers to main.o(.text.LL_PWR_SetRegulVoltageScaling) for LL_PWR_SetRegulVoltageScaling
    main.o(.text.SystemClock_Config) refers to main.o(.text.LL_RCC_HSI_SetCalibTrimming) for LL_RCC_HSI_SetCalibTrimming
    main.o(.text.SystemClock_Config) refers to main.o(.text.LL_RCC_HSI_Enable) for LL_RCC_HSI_Enable
    main.o(.text.SystemClock_Config) refers to main.o(.text.LL_RCC_HSI_IsReady) for LL_RCC_HSI_IsReady
    main.o(.text.SystemClock_Config) refers to main.o(.text.LL_RCC_PLL_ConfigDomain_SYS) for LL_RCC_PLL_ConfigDomain_SYS
[...]
    ../clib/longlong.s                       0x00000000   Number         0  lludivv7m.o ABSOLUTE
    ../clib/memcpset.s                       0x00000000   Number         0  rt_memcpy_v6.o ABSOLUTE
    ../clib/memcpset.s                       0x00000000   Number         0  rt_memclr_w.o ABSOLUTE
    ../clib/memcpset.s                       0x00000000   Number         0  rt_memcpy_w.o ABSOLUTE
    ../clib/signal.c                         0x00000000   Number         0  defsig_fpe_outer.o ABSOLUTE
    ../clib/signal.c                         0x00000000   Number         0  defsig_fpe_formal.o ABSOLUTE
    ../clib/signal.c                         0x00000000   Number         0  defsig_exit.o ABSOLUTE
    ../clib/signal.c                         0x00000000   Number         0  defsig_fpe_inner.o ABSOLUTE
    ../clib/signal.c                         0x00000000   Number         0  __raise.o ABSOLUTE
    ../clib/signal.c                         0x00000000   Number         0  defsig_general.o ABSOLUTE
    ../clib/signal.c                         0x00000000   Number         0  defsig_abrt_inner.o ABSOLUTE
    ../clib/signal.c                         0x00000000   Number         0  defsig_rtred_inner.o ABSOLUTE
    ../clib/signal.c                         0x00000000   Number         0  defsig_rtmem_inner.o ABSOLUTE
    ../clib/signal.c                         0x00000000   Number         0  defsig_rtmem_outer.o ABSOLUTE
    ../clib/signal.c                         0x00000000   Number         0  defsig_rtmem_formal.o ABSOLUTE
    ../clib/signal.c                         0x00000000   Number         0  defsig_stak_inner.o ABSOLUTE
    ../clib/signal.c                         0x00000000   Number         0  defsig_pvfn_inner.o ABSOLUTE
    ../clib/signal.c                         0x00000000   Number         0  defsig_cppl_inner.o ABSOLUTE
    ../clib/signal.c                         0x00000000   Number         0  defsig_segv_inner.o ABSOLUTE
    ../clib/signal.c                         0x00000000   Number         0  defsig_other.o ABSOLUTE
    ../clib/signal.s                         0x00000000   Number         0  defsig.o ABSOLUTE
    ../clib/stdlib.c                         0x00000000   Number         0  exit.o ABSOLUTE
    ../clib/string.c                         0x00000000   Number         0  strlen.o ABSOLUTE
    ../fplib/dfixu.s                         0x00000000   Number         0  dfixu.o ABSOLUTE
    ../fplib/dflt.s                          0x00000000   Number         0  dflt_clz.o ABSOLUTE
    ../fplib/dmul.s                          0x00000000   Number         0  dmul.o ABSOLUTE
    ../fplib/dnaninf.s                       0x00000000   Number         0  dnaninf.o ABSOLUTE
    ../fplib/dretinf.s                       0x00000000   Number         0  dretinf.o ABSOLUTE
    ../fplib/fpinit.s                        0x00000000   Number         0  fpinit.o ABSOLUTE
    ../fplib/usenofp.s                       0x00000000   Number         0  usenofp.o ABSOLUTE
    Connect_logic.c                          0x00000000   Number         0  connect_logic.o ABSOLUTE
    IT_handlers.c                            0x00000000   Number         0  it_handlers.o ABSOLUTE
    dc.s                                     0x00000000   Number         0  dc.o ABSOLUTE
    hw_init.c                                0x00000000   Number         0  hw_init.o ABSOLUTE
    main.c                                   0x00000000   Number         0  main.o ABSOLUTE
    startup_stm32f401xc.s                    0x00000000   Number         0  startup_stm32f401xc.o ABSOLUTE
    stm32f4xx_it.c                           0x00000000   Number         0  stm32f4xx_it.o ABSOLUTE
    stm32f4xx_ll_dma.c                       0x00000000   Number         0  stm32f4xx_ll_dma.o ABSOLUTE
    stm32f4xx_ll_exti.c                      0x00000000   Number         0  stm32f4xx_ll_exti.o ABSOLUTE
    stm32f4xx_ll_gpio.c                      0x00000000   Number         0  stm32f4xx_ll_gpio.o ABSOLUTE
    stm32f4xx_ll_rcc.c                       0x00000000   Number         0  stm32f4xx_ll_rcc.o ABSOLUTE
    stm32f4xx_ll_tim.c                       0x00000000   Number         0  stm32f4xx_ll_tim.o ABSOLUTE
    stm32f4xx_ll_usart.c                     0x00000000   Number         0  stm32f4xx_ll_usart.o ABSOLUTE
    stm32f4xx_ll_utils.c                     0x00000000   Number         0  stm32f4xx_ll_utils.o ABSOLUTE
    system_stm32f4xx.c                       0x00000000   Number         0  system_stm32f4xx.o ABSOLUTE
    RESET                                    0x08000000   Section      404  startup_stm32f401xc.o(RESET)
    !!!main                                  0x08000194   Section        8  __main.o(!!!main)
    !!!scatter                               0x0800019c   Section       92  __scatter.o(!!!scatter)
    !!handler_copy                           0x080001f8   Section       26  __scatter_copy.o(!!handler_copy)
    !!handler_null                           0x08000214   Section        2  __scatter.o(!!handler_null)
    !!handler_zi                             0x08000218   Section       28  __scatter_zi.o(!!handler_zi)
    .ARM.Collect$$libinit$$00000000          0x08000234   Section        2  libinit.o(.ARM.Collect$$libinit$$00000000)
    .ARM.Collect$$libinit$$00000001          0x08000236   Section        4  libinit2.o(.ARM.Collect$$libinit$$00000001)
    .ARM.Collect$$libinit$$00000004          0x0800023a   Section        0  libinit2.o(.ARM.Collect$$libinit$$00000004)
    .ARM.Collect$$libinit$$00000006          0x0800023a   Section        0  libinit2.o(.ARM.Collect$$libinit$$00000006)
    .ARM.Collect$$libinit$$0000000C          0x0800023a   Section        0  libinit2.o(.ARM.Collect$$libinit$$0000000C)
    .ARM.Collect$$libinit$$0000000E          0x0800023a   Section        0  libinit2.o(.ARM.Collect$$libinit$$0000000E)
    .ARM.Collect$$libinit$$00000010          0x0800023a   Section        0  libinit2.o(.ARM.Collect$$libinit$$00000010)
    .ARM.Collect$$libinit$$00000013          0x0800023a   Section        0  libinit2.o(.ARM.Collect$$libinit$$00000013)
    .ARM.Collect$$libinit$$00000015          0x0800023a   Section        0  libinit2.o(.ARM.Collect$$libinit$$00000015)
    .ARM.Collect$$libinit$$00000017          0x0800023a   Section        0  libinit2.o(.ARM.Collect$$libinit$$00000017)
    .ARM.Collect$$libinit$$00000019          0x0800023a   Section        0  libinit2.o(.ARM.Collect$$libinit$$00000019)
    .ARM.Collect$$libinit$$0000001B          0x0800023a   Section        0  libinit2.o(.ARM.Collect$$libinit$$0000001B)
    .ARM.Collect$$libinit$$0000001D          0x0800023a   Section        0  libinit2.o(.ARM.Collect$$libinit$$0000001D)
    .ARM.Collect$$libinit$$0000001F          0x0800023a   Section        0  libinit2.o(.ARM.Collect$$libinit$$0000001F)
    .ARM.Collect$$libinit$$00000021          0x0800023a   Section        0  libinit2.o(.ARM.Collect$$libinit$$00000021)
    .ARM.Collect$$libinit$$00000023          0x0800023a   Section        0  libinit2.o(.ARM.Collect$$libinit$$00000023)
    .ARM.Collect$$libinit$$00000025          0x0800023a   Section        0  libinit2.o(.ARM.Collect$$libinit$$00000025)
    .ARM.Collect$$libinit$$00000027          0x0800023a   Section        0  libinit2.o(.ARM.Collect$$libinit$$00000027)
    .ARM.Collect$$libinit$$0000002E          0x0800023a   Section        0  libinit2.o(.ARM.Collect$$libinit$$0000002E)
    .ARM.Collect$$libinit$$00000030          0x0800023a   Section        0  libinit2.o(.ARM.Collect$$libinit$$00000030)
    .ARM.Collect$$libinit$$00000032          0x0800023a   Section        0  libinit2.o(.ARM.Collect$$libinit$$00000032)
    .ARM.Collect$$libinit$$00000034          0x0800023a   Section        0  libinit2.o(.ARM.Collect$$libinit$$00000034)
    .ARM.Collect$$libinit$$00000035          0x0800023a   Section        2  libinit2.o(.ARM.Collect$$libinit$$00000035)
    .ARM.Collect$$libshutdown$$00000000      0x0800023c   Section        2  libshutdown.o(.ARM.Collect$$libshutdown$$00000000)
    .ARM.Collect$$libshutdown$$00000002      0x0800023e   Section        0  libshutdown2.o(.ARM.Collect$$libshutdown$$00000002)
    .ARM.Collect$$libshutdown$$00000004      0x0800023e   Section        0  libshutdown2.o(.ARM.Collect$$libshutdown$$00000004)
    .ARM.Collect$$libshutdown$$00000007      0x0800023e   Section        0  libshutdown2.o(.ARM.Collect$$libshutdown$$00000007)
    .ARM.Collect$$libshutdown$$0000000A      0x0800023e   Section        0  libshutdown2.o(.ARM.Collect$$libshutdown$$0000000A)
    .ARM.Collect$$libshutdown$$0000000C      0x0800023e   Section        0  libshutdown2.o(.ARM.Collect$$libshutdown$$0000000C)
    .ARM.Collect$$libshutdown$$0000000F      0x0800023e   Section        0  libshutdown2.o(.ARM.Collect$$libshutdown$$0000000F)
    .ARM.Collect$$libshutdown$$00000010      0x0800023e   Section        2  libshutdown2.o(.ARM.Collect$$libshutdown$$00000010)
    .ARM.Collect$$rtentry$$00000000          0x08000240   Section        0  __rtentry.o(.ARM.Collect$$rtentry$$00000000)
    .ARM.Collect$$rtentry$$00000002          0x08000240   Section        0  __rtentry2.o(.ARM.Collect$$rtentry$$00000002)
    .ARM.Collect$$rtentry$$00000004          0x08000240   Section        6  __rtentry4.o(.ARM.Collect$$rtentry$$00000004)
    .ARM.Collect$$rtentry$$00000009          0x08000246   Section        0  __rtentry2.o(.ARM.Collect$$rtentry$$00000009)
    .ARM.Collect$$rtentry$$0000000A          0x08000246   Section        4  __rtentry2.o(.ARM.Collect$$rtentry$$0000000A)
    .ARM.Collect$$rtentry$$0000000C          0x0800024a   Section        0  __rtentry2.o(.ARM.Collect$$rtentry$$0000000C)
    .ARM.Collect$$rtentry$$0000000D          0x0800024a   Section        8  __rtentry2.o(.ARM.Collect$$rtentry$$0000000D)
    .ARM.Collect$$rtexit$$00000000           0x08000252   Section        2  rtexit.o(.ARM.Collect$$rtexit$$00000000)
    .ARM.Collect$$rtexit$$00000002           0x08000254   Section        0  rtexit2.o(.ARM.Collect$$rtexit$$00000002)
    .ARM.Collect$$rtexit$$00000003           0x08000254   Section        4  rtexit2.o(.ARM.Collect$$rtexit$$00000003)
    .ARM.Collect$$rtexit$$00000004           0x08000258   Section        6  rtexit2.o(.ARM.Collect$$rtexit$$00000004)
    $v0                                      0x08000260   Number         0  startup_stm32f401xc.o(.text)
    .text                                    0x08000260   Section       64  startup_stm32f401xc.o(.text)
    .text                                    0x080002a0   Section      240  lludivv7m.o(.text)
    .text                                    0x08000390   Section        0  strlen.o(.text)
    .text                                    0x080003ce   Section      138  rt_memcpy_v6.o(.text)
    .text                                    0x08000458   Section       78  rt_memclr_w.o(.text)
    .text                                    0x080004a6   Section        0  heapauxi.o(.text)
    .text                                    0x080004ac   Section      100  rt_memcpy_w.o(.text)
    .text                                    0x08000510   Section       74  sys_stackheap_outer.o(.text)
    .text                                    0x0800055a   Section        0  exit.o(.text)
    .text                                    0x0800056c   Section        8  libspace.o(.text)
    .text                                    0x08000574   Section        0  sys_exit.o(.text)
    .text                                    0x08000580   Section        2  use_no_semi.o(.text)
    .text                                    0x08000582   Section        0  indicate_semi.o(.text)
    [Anonymous Symbol]                       0x08000584   Section        0  stm32f4xx_it.o(.text.BusFault_Handler)
    [Anonymous Symbol]                       0x08000588   Section        0  it_handlers.o(.text.DMA1_Stream6_IRQHandler)
    [Anonymous Symbol]                       0x080005c4   Section        0  hw_init.o(.text.DMA1_UsrInit)
    [Anonymous Symbol]                       0x0800069c   Section        0  connect_logic.o(.text.DMA_buf)
    [Anonymous Symbol]                       0x08000734   Section        0  stm32f4xx_it.o(.text.DebugMon_Handler)
    [Anonymous Symbol]                       0x08000738   Section        0  hw_init.o(.text.GPIO_PWM3_UsrInit)
    [Anonymous Symbol]                       0x08000778   Section        0  hw_init.o(.text.GPIO_USART2_UsrInit)
    [Anonymous Symbol]                       0x080007fc   Section        0  stm32f4xx_it.o(.text.HardFault_Handler)
    LL_AHB1_GRP1_EnableClock                 0x08000801   Thumb Code    34  hw_init.o(.text.LL_AHB1_GRP1_EnableClock)
    [Anonymous Symbol]                       0x08000800   Section        0  hw_init.o(.text.LL_AHB1_GRP1_EnableClock)
    LL_APB1_GRP1_EnableClock                 0x08000825   Thumb Code    34  main.o(.text.LL_APB1_GRP1_EnableClock)
    [Anonymous Symbol]                       0x08000824   Section        0  main.o(.text.LL_APB1_GRP1_EnableClock)
    LL_APB1_GRP1_EnableClock                 0x08000849   Thumb Code    34  hw_init.o(.text.LL_APB1_GRP1_EnableClock)
    [Anonymous Symbol]                       0x08000848   Section        0  hw_init.o(.text.LL_APB1_GRP1_EnableClock)
    LL_APB2_GRP1_EnableClock                 0x0800086d   Thumb Code    34  main.o(.text.LL_APB2_GRP1_EnableClock)
    [Anonymous Symbol]                       0x0800086c   Section        0  main.o(.text.LL_APB2_GRP1_EnableClock)
    LL_DMA_ClearFlag_TC6                     0x08000891   Thumb Code    16  it_handlers.o(.text.LL_DMA_ClearFlag_TC6)
    [Anonymous Symbol]                       0x08000890   Section        0  it_handlers.o(.text.LL_DMA_ClearFlag_TC6)
    LL_DMA_ConfigFifo                        0x080008a1   Thumb Code    54  stm32f4xx_ll_dma.o(.text.LL_DMA_ConfigFifo)
    [Anonymous Symbol]                       0x080008a0   Section        0  stm32f4xx_ll_dma.o(.text.LL_DMA_ConfigFifo)
    LL_DMA_ConfigTransfer                    0x080008d9   Thumb Code    50  stm32f4xx_ll_dma.o(.text.LL_DMA_ConfigTransfer)
    [Anonymous Symbol]                       0x080008d8   Section        0  stm32f4xx_ll_dma.o(.text.LL_DMA_ConfigTransfer)
    LL_DMA_DisableStream                     0x0800090d   Thumb Code    32  it_handlers.o(.text.LL_DMA_DisableStream)
    [Anonymous Symbol]                       0x0800090c   Section        0  it_handlers.o(.text.LL_DMA_DisableStream)
    LL_DMA_DisableStream                     0x0800092d   Thumb Code    32  connect_logic.o(.text.LL_DMA_DisableStream)
    [Anonymous Symbol]                       0x0800092c   Section        0  connect_logic.o(.text.LL_DMA_DisableStream)
    LL_DMA_EnableIT_TC                       0x0800094d   Thumb Code    32  hw_init.o(.text.LL_DMA_EnableIT_TC)
    [Anonymous Symbol]                       0x0800094c   Section        0  hw_init.o(.text.LL_DMA_EnableIT_TC)
    LL_DMA_EnableStream                      0x0800096d   Thumb Code    32  hw_init.o(.text.LL_DMA_EnableStream)
    [Anonymous Symbol]                       0x0800096c   Section        0  hw_init.o(.text.LL_DMA_EnableStream)
    LL_DMA_EnableStream                      0x0800098d   Thumb Code    32  connect_logic.o(.text.LL_DMA_EnableStream)
    [Anonymous Symbol]                       0x0800098c   Section        0  connect_logic.o(.text.LL_DMA_EnableStream)
    LL_DMA_GetDataLength                     0x080009ad   Thumb Code    30  it_handlers.o(.text.LL_DMA_GetDataLength)
    [Anonymous Symbol]                       0x080009ac   Section        0  it_handlers.o(.text.LL_DMA_GetDataLength)
    [Anonymous Symbol]                       0x080009cc   Section        0  stm32f4xx_ll_dma.o(.text.LL_DMA_Init)
    LL_DMA_IsActiveFlag_TC6                  0x08000a7d   Thumb Code    16  it_handlers.o(.text.LL_DMA_IsActiveFlag_TC6)
    [Anonymous Symbol]                       0x08000a7c   Section        0  it_handlers.o(.text.LL_DMA_IsActiveFlag_TC6)
    LL_DMA_IsEnabledStream                   0x08000a8d   Thumb Code    30  connect_logic.o(.text.LL_DMA_IsEnabledStream)
    [Anonymous Symbol]                       0x08000a8c   Section        0  connect_logic.o(.text.LL_DMA_IsEnabledStream)
    LL_DMA_SetChannelSelection               0x08000aad   Thumb Code    44  stm32f4xx_ll_dma.o(.text.LL_DMA_SetChannelSelection)
    [Anonymous Symbol]                       0x08000aac   Section        0  stm32f4xx_ll_dma.o(.text.LL_DMA_SetChannelSelection)
    LL_DMA_SetDataLength                     0x08000ad9   Thumb Code    50  stm32f4xx_ll_dma.o(.text.LL_DMA_SetDataLength)
    [Anonymous Symbol]                       0x08000ad8   Section        0  stm32f4xx_ll_dma.o(.text.LL_DMA_SetDataLength)
    LL_DMA_SetDataLength                     0x08000b0d   Thumb Code    50  connect_logic.o(.text.LL_DMA_SetDataLength)
    [Anonymous Symbol]                       0x08000b0c   Section        0  connect_logic.o(.text.LL_DMA_SetDataLength)
    LL_DMA_SetMemoryAddress                  0x08000b41   Thumb Code    32  stm32f4xx_ll_dma.o(.text.LL_DMA_SetMemoryAddress)
    [Anonymous Symbol]                       0x08000b40   Section        0  stm32f4xx_ll_dma.o(.text.LL_DMA_SetMemoryAddress)
    LL_DMA_SetMemoryAddress                  0x08000b61   Thumb Code    32  connect_logic.o(.text.LL_DMA_SetMemoryAddress)
    [Anonymous Symbol]                       0x08000b60   Section        0  connect_logic.o(.text.LL_DMA_SetMemoryAddress)
    LL_DMA_SetMemoryBurstxfer                0x08000b81   Thumb Code    44  stm32f4xx_ll_dma.o(.text.LL_DMA_SetMemoryBurstxfer)
    [Anonymous Symbol]                       0x08000b80   Section        0  stm32f4xx_ll_dma.o(.text.LL_DMA_SetMemoryBurstxfer)
    LL_DMA_SetPeriphAddress                  0x08000bad   Thumb Code    32  stm32f4xx_ll_dma.o(.text.LL_DMA_SetPeriphAddress)
    [Anonymous Symbol]                       0x08000bac   Section        0  stm32f4xx_ll_dma.o(.text.LL_DMA_SetPeriphAddress)
    LL_DMA_SetPeriphBurstxfer                0x08000bcd   Thumb Code    44  stm32f4xx_ll_dma.o(.text.LL_DMA_SetPeriphBurstxfer)
    [Anonymous Symbol]                       0x08000bcc   Section        0  stm32f4xx_ll_dma.o(.text.LL_DMA_SetPeriphBurstxfer)
    LL_FLASH_GetLatency                      0x08000bf9   Thumb Code    16  main.o(.text.LL_FLASH_GetLatency)
    [Anonymous Symbol]                       0x08000bf8   Section        0  main.o(.text.LL_FLASH_GetLatency)
    LL_FLASH_SetLatency                      0x08000c09   Thumb Code    28  main.o(.text.LL_FLASH_SetLatency)
    [Anonymous Symbol]                       0x08000c08   Section        0  main.o(.text.LL_FLASH_SetLatency)
    [Anonymous Symbol]                       0x08000c24   Section        0  stm32f4xx_ll_gpio.o(.text.LL_GPIO_Init)
    LL_GPIO_SetAFPin_0_7                     0x08000d2d   Thumb Code   124  stm32f4xx_ll_gpio.o(.text.LL_GPIO_SetAFPin_0_7)
    [Anonymous Symbol]                       0x08000d2c   Section        0  stm32f4xx_ll_gpio.o(.text.LL_GPIO_SetAFPin_0_7)
    LL_GPIO_SetAFPin_8_15                    0x08000da9   Thumb Code   128  stm32f4xx_ll_gpio.o(.text.LL_GPIO_SetAFPin_8_15)
    [Anonymous Symbol]                       0x08000da8   Section        0  stm32f4xx_ll_gpio.o(.text.LL_GPIO_SetAFPin_8_15)
    LL_GPIO_SetPinMode                       0x08000e29   Thumb Code   124  stm32f4xx_ll_gpio.o(.text.LL_GPIO_SetPinMode)
    [Anonymous Symbol]                       0x08000e28   Section        0  stm32f4xx_ll_gpio.o(.text.LL_GPIO_SetPinMode)
    LL_GPIO_SetPinOutputType                 0x08000ea5   Thumb Code    30  stm32f4xx_ll_gpio.o(.text.LL_GPIO_SetPinOutputType)
    [Anonymous Symbol]                       0x08000ea4   Section        0  stm32f4xx_ll_gpio.o(.text.LL_GPIO_SetPinOutputType)
    LL_GPIO_SetPinPull                       0x08000ec5   Thumb Code   124  stm32f4xx_ll_gpio.o(.text.LL_GPIO_SetPinPull)
    [Anonymous Symbol]                       0x08000ec4   Section        0  stm32f4xx_ll_gpio.o(.text.LL_GPIO_SetPinPull)
    LL_GPIO_SetPinSpeed                      0x08000f41   Thumb Code   124  stm32f4xx_ll_gpio.o(.text.LL_GPIO_SetPinSpeed)
    [Anonymous Symbol]                       0x08000f40   Section        0  stm32f4xx_ll_gpio.o(.text.LL_GPIO_SetPinSpeed)
    [Anonymous Symbol]                       0x08000fbc   Section        0  stm32f4xx_ll_utils.o(.text.LL_Init1msTick)
    LL_InitTick                              0x08000fd1   Thumb Code    54  stm32f4xx_ll_utils.o(.text.LL_InitTick)
    [Anonymous Symbol]                       0x08000fd0   Section        0  stm32f4xx_ll_utils.o(.text.LL_InitTick)
    LL_PWR_IsActiveFlag_VOS                  0x08001009   Thumb Code    16  main.o(.text.LL_PWR_IsActiveFlag_VOS)
    [Anonymous Symbol]                       0x08001008   Section        0  main.o(.text.LL_PWR_IsActiveFlag_VOS)
    LL_PWR_SetRegulVoltageScaling            0x08001019   Thumb Code    28  main.o(.text.LL_PWR_SetRegulVoltageScaling)
    [Anonymous Symbol]                       0x08001018   Section        0  main.o(.text.LL_PWR_SetRegulVoltageScaling)
    LL_RCC_GetAHBPrescaler                   0x08001035   Thumb Code    16  stm32f4xx_ll_rcc.o(.text.LL_RCC_GetAHBPrescaler)
    [Anonymous Symbol]                       0x08001034   Section        0  stm32f4xx_ll_rcc.o(.text.LL_RCC_GetAHBPrescaler)
    LL_RCC_GetAPB1Prescaler                  0x08001045   Thumb Code    16  stm32f4xx_ll_rcc.o(.text.LL_RCC_GetAPB1Prescaler)
    [Anonymous Symbol]                       0x08001044   Section        0  stm32f4xx_ll_rcc.o(.text.LL_RCC_GetAPB1Prescaler)
    LL_RCC_GetAPB2Prescaler                  0x08001055   Thumb Code    16  stm32f4xx_ll_rcc.o(.text.LL_RCC_GetAPB2Prescaler)
    [Anonymous Symbol]                       0x08001054   Section        0  stm32f4xx_ll_rcc.o(.text.LL_RCC_GetAPB2Prescaler)
    LL_RCC_GetSysClkSource                   0x08001065   Thumb Code    16  main.o(.text.LL_RCC_GetSysClkSource)
    [Anonymous Symbol]                       0x08001064   Section        0  main.o(.text.LL_RCC_GetSysClkSource)
    LL_RCC_GetSysClkSource                   0x08001075   Thumb Code    16  stm32f4xx_ll_rcc.o(.text.LL_RCC_GetSysClkSource)
    [Anonymous Symbol]                       0x08001074   Section        0  stm32f4xx_ll_rcc.o(.text.LL_RCC_GetSysClkSource)
    [Anonymous Symbol]                       0x08001084   Section        0  stm32f4xx_ll_rcc.o(.text.LL_RCC_GetSystemClocksFreq)
    LL_RCC_HSI_Enable                        0x080010bd   Thumb Code    18  main.o(.text.LL_RCC_HSI_Enable)
    [Anonymous Symbol]                       0x080010bc   Section        0  main.o(.text.LL_RCC_HSI_Enable)
    LL_RCC_HSI_IsReady                       0x080010d1   Thumb Code    16  main.o(.text.LL_RCC_HSI_IsReady)
    [Anonymous Symbol]                       0x080010d0   Section        0  main.o(.text.LL_RCC_HSI_IsReady)
    LL_RCC_HSI_SetCalibTrimming              0x080010e1   Thumb Code    30  main.o(.text.LL_RCC_HSI_SetCalibTrimming)
    [Anonymous Symbol]                       0x080010e0   Section        0  main.o(.text.LL_RCC_HSI_SetCalibTrimming)
    LL_RCC_PLL_ConfigDomain_SYS              0x08001101   Thumb Code    62  main.o(.text.LL_RCC_PLL_ConfigDomain_SYS)
    [Anonymous Symbol]                       0x08001100   Section        0  main.o(.text.LL_RCC_PLL_ConfigDomain_SYS)
    LL_RCC_PLL_Enable                        0x08001141   Thumb Code    18  main.o(.text.LL_RCC_PLL_Enable)
    [Anonymous Symbol]                       0x08001140   Section        0  main.o(.text.LL_RCC_PLL_Enable)
    LL_RCC_PLL_GetDivider                    0x08001155   Thumb Code    16  stm32f4xx_ll_rcc.o(.text.LL_RCC_PLL_GetDivider)
    [Anonymous Symbol]                       0x08001154   Section        0  stm32f4xx_ll_rcc.o(.text.LL_RCC_PLL_GetDivider)
    LL_RCC_PLL_GetMainSource                 0x08001165   Thumb Code    16  stm32f4xx_ll_rcc.o(.text.LL_RCC_PLL_GetMainSource)
    [Anonymous Symbol]                       0x08001164   Section        0  stm32f4xx_ll_rcc.o(.text.LL_RCC_PLL_GetMainSource)
    LL_RCC_PLL_GetN                          0x08001175   Thumb Code    16  stm32f4xx_ll_rcc.o(.text.LL_RCC_PLL_GetN)
    [Anonymous Symbol]                       0x08001174   Section        0  stm32f4xx_ll_rcc.o(.text.LL_RCC_PLL_GetN)
    LL_RCC_PLL_GetP                          0x08001185   Thumb Code    16  stm32f4xx_ll_rcc.o(.text.LL_RCC_PLL_GetP)
    [Anonymous Symbol]                       0x08001184   Section        0  stm32f4xx_ll_rcc.o(.text.LL_RCC_PLL_GetP)
    LL_RCC_PLL_IsReady                       0x08001195   Thumb Code    16  main.o(.text.LL_RCC_PLL_IsReady)
    [Anonymous Symbol]                       0x08001194   Section        0  main.o(.text.LL_RCC_PLL_IsReady)
    LL_RCC_SetAHBPrescaler                   0x080011a5   Thumb Code    28  main.o(.text.LL_RCC_SetAHBPrescaler)
    [Anonymous Symbol]                       0x080011a4   Section        0  main.o(.text.LL_RCC_SetAHBPrescaler)
    LL_RCC_SetAPB1Prescaler                  0x080011c1   Thumb Code    28  main.o(.text.LL_RCC_SetAPB1Prescaler)
    [Anonymous Symbol]                       0x080011c0   Section        0  main.o(.text.LL_RCC_SetAPB1Prescaler)
    LL_RCC_SetAPB2Prescaler                  0x080011dd   Thumb Code    28  main.o(.text.LL_RCC_SetAPB2Prescaler)
    [Anonymous Symbol]                       0x080011dc   Section        0  main.o(.text.LL_RCC_SetAPB2Prescaler)
    LL_RCC_SetSysClkSource                   0x080011f9   Thumb Code    28  main.o(.text.LL_RCC_SetSysClkSource)
    [Anonymous Symbol]                       0x080011f8   Section        0  main.o(.text.LL_RCC_SetSysClkSource)
    LL_RCC_SetTIMPrescaler                   0x08001215   Thumb Code    28  main.o(.text.LL_RCC_SetTIMPrescaler)
    [Anonymous Symbol]                       0x08001214   Section        0  main.o(.text.LL_RCC_SetTIMPrescaler)
    [Anonymous Symbol]                       0x08001230   Section        0  stm32f4xx_ll_utils.o(.text.LL_SetSystemCoreClock)
    LL_TIM_CC_EnableChannel                  0x08001245   Thumb Code    20  hw_init.o(.text.LL_TIM_CC_EnableChannel)
    [Anonymous Symbol]                       0x08001244   Section        0  hw_init.o(.text.LL_TIM_CC_EnableChannel)
    LL_TIM_EnableARRPreload                  0x08001259   Thumb Code    18  hw_init.o(.text.LL_TIM_EnableARRPreload)
    [Anonymous Symbol]                       0x08001258   Section        0  hw_init.o(.text.LL_TIM_EnableARRPreload)
    LL_TIM_EnableCounter                     0x0800126d   Thumb Code    18  hw_init.o(.text.LL_TIM_EnableCounter)
    [Anonymous Symbol]                       0x0800126c   Section        0  hw_init.o(.text.LL_TIM_EnableCounter)
    LL_TIM_GenerateEvent_UPDATE              0x08001281   Thumb Code    18  hw_init.o(.text.LL_TIM_GenerateEvent_UPDATE)
    [Anonymous Symbol]                       0x08001280   Section        0  hw_init.o(.text.LL_TIM_GenerateEvent_UPDATE)
    LL_TIM_OC_EnablePreload                  0x08001295   Thumb Code   178  hw_init.o(.text.LL_TIM_OC_EnablePreload)
    [Anonymous Symbol]                       0x08001294   Section        0  hw_init.o(.text.LL_TIM_OC_EnablePreload)
    LL_TIM_OC_SetCompareCH1                  0x08001349   Thumb Code    16  hw_init.o(.text.LL_TIM_OC_SetCompareCH1)
    [Anonymous Symbol]                       0x08001348   Section        0  hw_init.o(.text.LL_TIM_OC_SetCompareCH1)
    LL_TIM_OC_SetCompareCH1                  0x08001359   Thumb Code    16  connect_logic.o(.text.LL_TIM_OC_SetCompareCH1)
    [Anonymous Symbol]                       0x08001358   Section        0  connect_logic.o(.text.LL_TIM_OC_SetCompareCH1)
    LL_TIM_OC_SetMode                        0x08001369   Thumb Code   186  hw_init.o(.text.LL_TIM_OC_SetMode)
    [Anonymous Symbol]                       0x08001368   Section        0  hw_init.o(.text.LL_TIM_OC_SetMode)
    LL_TIM_OC_SetPolarity                    0x08001425   Thumb Code   164  hw_init.o(.text.LL_TIM_OC_SetPolarity)
    [Anonymous Symbol]                       0x08001424   Section        0  hw_init.o(.text.LL_TIM_OC_SetPolarity)
    LL_TIM_SetAutoReload                     0x080014c9   Thumb Code    16  hw_init.o(.text.LL_TIM_SetAutoReload)
    [Anonymous Symbol]                       0x080014c8   Section        0  hw_init.o(.text.LL_TIM_SetAutoReload)
    LL_TIM_SetPrescaler                      0x080014d9   Thumb Code    16  hw_init.o(.text.LL_TIM_SetPrescaler)
    [Anonymous Symbol]                       0x080014d8   Section        0  hw_init.o(.text.LL_TIM_SetPrescaler)
    LL_USART_ClearFlag_IDLE                  0x080014e9   Thumb Code    24  it_handlers.o(.text.LL_USART_ClearFlag_IDLE)
    [Anonymous Symbol]                       0x080014e8   Section        0  it_handlers.o(.text.LL_USART_ClearFlag_IDLE)
    LL_USART_ConfigAsyncMode                 0x08001501   Thumb Code    28  hw_init.o(.text.LL_USART_ConfigAsyncMode)
    [Anonymous Symbol]                       0x08001500   Section        0  hw_init.o(.text.LL_USART_ConfigAsyncMode)
    LL_USART_DisableDMAReq_TX                0x0800151d   Thumb Code    42  it_handlers.o(.text.LL_USART_DisableDMAReq_TX)
    [Anonymous Symbol]                       0x0800151c   Section        0  it_handlers.o(.text.LL_USART_DisableDMAReq_TX)
    LL_USART_Enable                          0x08001549   Thumb Code    18  hw_init.o(.text.LL_USART_Enable)
    [Anonymous Symbol]                       0x08001548   Section        0  hw_init.o(.text.LL_USART_Enable)
    LL_USART_EnableDMAReq_RX                 0x0800155d   Thumb Code    42  hw_init.o(.text.LL_USART_EnableDMAReq_RX)
    [Anonymous Symbol]                       0x0800155c   Section        0  hw_init.o(.text.LL_USART_EnableDMAReq_RX)
    LL_USART_EnableDMAReq_TX                 0x08001589   Thumb Code    42  hw_init.o(.text.LL_USART_EnableDMAReq_TX)
    [Anonymous Symbol]                       0x08001588   Section        0  hw_init.o(.text.LL_USART_EnableDMAReq_TX)
    LL_USART_EnableDMAReq_TX                 0x080015b5   Thumb Code    42  connect_logic.o(.text.LL_USART_EnableDMAReq_TX)
    [Anonymous Symbol]                       0x080015b4   Section        0  connect_logic.o(.text.LL_USART_EnableDMAReq_TX)
    LL_USART_EnableIT_IDLE                   0x080015e1   Thumb Code    42  hw_init.o(.text.LL_USART_EnableIT_IDLE)
    [Anonymous Symbol]                       0x080015e0   Section        0  hw_init.o(.text.LL_USART_EnableIT_IDLE)
    [Anonymous Symbol]                       0x0800160c   Section        0  stm32f4xx_ll_usart.o(.text.LL_USART_Init)
    LL_USART_IsActiveFlag_IDLE               0x080016e1   Thumb Code    16  it_handlers.o(.text.LL_USART_IsActiveFlag_IDLE)
    [Anonymous Symbol]                       0x080016e0   Section        0  it_handlers.o(.text.LL_USART_IsActiveFlag_IDLE)
    LL_USART_IsEnabled                       0x080016f1   Thumb Code    16  stm32f4xx_ll_usart.o(.text.LL_USART_IsEnabled)
    [Anonymous Symbol]                       0x080016f0   Section        0  stm32f4xx_ll_usart.o(.text.LL_USART_IsEnabled)
    LL_USART_SetBaudRate                     0x08001701   Thumb Code   176  stm32f4xx_ll_usart.o(.text.LL_USART_SetBaudRate)
    [Anonymous Symbol]                       0x08001700   Section        0  stm32f4xx_ll_usart.o(.text.LL_USART_SetBaudRate)
    LL_USART_SetHWFlowCtrl                   0x080017b1   Thumb Code    26  stm32f4xx_ll_usart.o(.text.LL_USART_SetHWFlowCtrl)
    [Anonymous Symbol]                       0x080017b0   Section        0  stm32f4xx_ll_usart.o(.text.LL_USART_SetHWFlowCtrl)
    LL_USART_SetStopBitsLength               0x080017cd   Thumb Code    26  stm32f4xx_ll_usart.o(.text.LL_USART_SetStopBitsLength)
    [Anonymous Symbol]                       0x080017cc   Section        0  stm32f4xx_ll_usart.o(.text.LL_USART_SetStopBitsLength)
    [Anonymous Symbol]                       0x080017e8   Section        0  stm32f4xx_it.o(.text.MemManage_Handler)
    [Anonymous Symbol]                       0x080017ec   Section        0  stm32f4xx_it.o(.text.NMI_Handler)
    NVIC_EncodePriority                      0x080017f1   Thumb Code   108  main.o(.text.NVIC_EncodePriority)
    [Anonymous Symbol]                       0x080017f0   Section        0  main.o(.text.NVIC_EncodePriority)
    [Anonymous Symbol]                       0x0800185c   Section        0  hw_init.o(.text.PWM3_CH1_UsrInit)
    [Anonymous Symbol]                       0x080018c8   Section        0  stm32f4xx_it.o(.text.PendSV_Handler)
    [Anonymous Symbol]                       0x080018cc   Section        0  stm32f4xx_ll_rcc.o(.text.RCC_GetHCLKClockFreq)
    [Anonymous Symbol]                       0x080018f4   Section        0  stm32f4xx_ll_rcc.o(.text.RCC_GetPCLK1ClockFreq)
    [Anonymous Symbol]                       0x08001918   Section        0  stm32f4xx_ll_rcc.o(.text.RCC_GetPCLK2ClockFreq)
    [Anonymous Symbol]                       0x0800193c   Section        0  stm32f4xx_ll_rcc.o(.text.RCC_GetSystemClockFreq)
    [Anonymous Symbol]                       0x08001994   Section        0  stm32f4xx_ll_rcc.o(.text.RCC_PLL_GetFreqDomain_SYS)
    [Anonymous Symbol]                       0x08001a24   Section        0  stm32f4xx_it.o(.text.SVC_Handler)
    [Anonymous Symbol]                       0x08001a28   Section        0  stm32f4xx_it.o(.text.SysTick_Handler)
    [Anonymous Symbol]                       0x08001a2c   Section        0  main.o(.text.SystemClock_Config)
    [Anonymous Symbol]                       0x08001adc   Section        0  system_stm32f4xx.o(.text.SystemInit)
    [Anonymous Symbol]                       0x08001af0   Section        0  it_handlers.o(.text.USART2_IRQHandler)
    [Anonymous Symbol]                       0x08001c04   Section        0  hw_init.o(.text.USART2_UsrInit)
    [Anonymous Symbol]                       0x08001c70   Section        0  connect_logic.o(.text.USART2_logic)
    [Anonymous Symbol]                       0x08001db0   Section        0  stm32f4xx_it.o(.text.UsageFault_Handler)
    __NVIC_EnableIRQ                         0x08001db5   Thumb Code    48  hw_init.o(.text.__NVIC_EnableIRQ)
    [Anonymous Symbol]                       0x08001db4   Section        0  hw_init.o(.text.__NVIC_EnableIRQ)
    __NVIC_GetPriorityGrouping               0x08001de5   Thumb Code    16  main.o(.text.__NVIC_GetPriorityGrouping)
    [Anonymous Symbol]                       0x08001de4   Section        0  main.o(.text.__NVIC_GetPriorityGrouping)
    __NVIC_SetPriority                       0x08001df5   Thumb Code    66  main.o(.text.__NVIC_SetPriority)
    [Anonymous Symbol]                       0x08001df4   Section        0  main.o(.text.__NVIC_SetPriority)
    __NVIC_SetPriority                       0x08001e39   Thumb Code    66  hw_init.o(.text.__NVIC_SetPriority)
    [Anonymous Symbol]                       0x08001e38   Section        0  hw_init.o(.text.__NVIC_SetPriority)
    __NVIC_SetPriorityGrouping               0x08001e7d   Thumb Code    60  main.o(.text.__NVIC_SetPriorityGrouping)
    [Anonymous Symbol]                       0x08001e7c   Section        0  main.o(.text.__NVIC_SetPriorityGrouping)
    [Anonymous Symbol]                       0x08001eb8   Section        0  main.o(.text.main)
    [Anonymous Symbol]                       0x08001f0c   Section        0  connect_logic.o(.text.parse_from_uart)
    [Anonymous Symbol]                       0x08001fc4   Section        0  connect_logic.o(.text.send_string_usart2)
    $v0                                      0x08002030   Number         0  dfixu.o(x$fpl$dfixu)
    x$fpl$dfixu                              0x08002030   Section       90  dfixu.o(x$fpl$dfixu)
    $v0                                      0x0800208a   Number         0  dflt_clz.o(x$fpl$dfltu)
    x$fpl$dfltu                              0x0800208a   Section       38  dflt_clz.o(x$fpl$dfltu)
    $v0                                      0x080020b0   Number         0  dmul.o(x$fpl$dmul)
    x$fpl$dmul                               0x080020b0   Section      340  dmul.o(x$fpl$dmul)
    $v0                                      0x08002204   Number         0  dnaninf.o(x$fpl$dnaninf)
    x$fpl$dnaninf                            0x08002204   Section      156  dnaninf.o(x$fpl$dnaninf)
    $v0                                      0x080022a0   Number         0  dretinf.o(x$fpl$dretinf)
    x$fpl$dretinf                            0x080022a0   Section       12  dretinf.o(x$fpl$dretinf)
    $v0                                      0x080022ac   Number         0  fpinit.o(x$fpl$fpinit)
    x$fpl$fpinit                             0x080022ac   Section       26  fpinit.o(x$fpl$fpinit)
    x$fpl$usenofp                            0x080022c6   Section        0  usenofp.o(x$fpl$usenofp)
    OFFSET_TAB_CCMRx                         0x080022de   Data           7  hw_init.o(.rodata.OFFSET_TAB_CCMRx)
    [Anonymous Symbol]                       0x080022de   Section        0  hw_init.o(.rodata.OFFSET_TAB_CCMRx)
    SHIFT_TAB_CCxP                           0x080022e5   Data           7  hw_init.o(.rodata.SHIFT_TAB_CCxP)
    [Anonymous Symbol]                       0x080022e5   Section        0  hw_init.o(.rodata.SHIFT_TAB_CCxP)
    SHIFT_TAB_OCxx                           0x080022ec   Data           7  hw_init.o(.rodata.SHIFT_TAB_OCxx)
    [Anonymous Symbol]                       0x080022ec   Section        0  hw_init.o(.rodata.SHIFT_TAB_OCxx)
    STREAM_OFFSET_TAB                        0x080022f3   Data           8  stm32f4xx_ll_dma.o(.rodata.STREAM_OFFSET_TAB)
    [Anonymous Symbol]                       0x080022f3   Section        0  stm32f4xx_ll_dma.o(.rodata.STREAM_OFFSET_TAB)
    STREAM_OFFSET_TAB                        0x080022fb   Data           8  hw_init.o(.rodata.STREAM_OFFSET_TAB)
    [Anonymous Symbol]                       0x080022fb   Section        0  hw_init.o(.rodata.STREAM_OFFSET_TAB)
    STREAM_OFFSET_TAB                        0x08002303   Data           8  it_handlers.o(.rodata.STREAM_OFFSET_TAB)
    [Anonymous Symbol]                       0x08002303   Section        0  it_handlers.o(.rodata.STREAM_OFFSET_TAB)
    STREAM_OFFSET_TAB                        0x0800230b   Data           8  connect_logic.o(.rodata.STREAM_OFFSET_TAB)
    [Anonymous Symbol]                       0x0800230b   Section        0  connect_logic.o(.rodata.STREAM_OFFSET_TAB)
    .L__const.USART2_logic.err_str.1         0x08002313   Data          34  connect_logic.o(.rodata.str1.1)
    [Anonymous Symbol]                       0x08002313   Section        0  connect_logic.o(.rodata.str1.1)
    .L__const.USART2_logic.err_str           0x08002335   Data          30  connect_logic.o(.rodata.str1.1)
    .L__const.USART2_logic.err_str.2         0x08002353   Data          54  connect_logic.o(.rodata.str1.1)
    .bss                                     0x20000008   Section       96  libspace.o(.bss)
    buf_dma                                  0x20000068   Data         256  connect_logic.o(.bss.buf_dma)
    [Anonymous Symbol]                       0x20000068   Section        0  connect_logic.o(.bss.buf_dma)
    Heap_Mem                                 0x20000270   Data         512  startup_stm32f401xc.o(HEAP)
    HEAP                                     0x20000270   Section      512  startup_stm32f401xc.o(HEAP)
    Stack_Mem                                0x20000470   Data        1024  startup_stm32f401xc.o(STACK)
    STACK                                    0x20000470   Section     1024  startup_stm32f401xc.o(STACK)
    __initial_sp                             0x20000870   Data           0  startup_stm32f401xc.o(STACK)

    Global Symbols

    Symbol Name                              Value     Ov Type        Size  Object(Section)

    BuildAttributes$$THM_ISAv4$E$P$D$K$B$S$7EM$VFPi3$EXTD16$VFPS$VFMA$PE$A:L22UL41UL21$X:L11$S22US41US21$IEEE1$IW$~IW$USESV6$~STKCKD$USESV7$~SHL$OSPACE$ROPI$EBA8$UX$STANDARDLIB$REQ8$PRES8$EABIv2 0x00000000   Number         0  anon$$obj.o ABSOLUTE
    __ARM_exceptions_init                     - Undefined Weak Reference
    __alloca_initialize                       - Undefined Weak Reference
    __arm_preinit_                            - Undefined Weak Reference
    __arm_relocate_pie_                       - Undefined Weak Reference
    __cpp_initialize__aeabi_                  - Undefined Weak Reference
    __cxa_finalize                            - Undefined Weak Reference
    __rt_locale                               - Undefined Weak Reference
    __sigvec_lookup                           - Undefined Weak Reference
    _atexit_init                              - Undefined Weak Reference
    _call_atexit_fns                          - Undefined Weak Reference
    _clock_init                               - Undefined Weak Reference
    _fp_trap_init                             - Undefined Weak Reference
    _fp_trap_shutdown                         - Undefined Weak Reference
    _get_lc_collate                           - Undefined Weak Reference
    _get_lc_ctype                             - Undefined Weak Reference
    _get_lc_monetary                          - Undefined Weak Reference
    _get_lc_numeric                           - Undefined Weak Reference
    _get_lc_time                              - Undefined Weak Reference
    _getenv_init                              - Undefined Weak Reference
    _handle_redirection                       - Undefined Weak Reference
    _init_alloc                               - Undefined Weak Reference
    _init_user_alloc                          - Undefined Weak Reference
    _initio                                   - Undefined Weak Reference
    _rand_init                                - Undefined Weak Reference
    _signal_finish                            - Undefined Weak Reference
    _signal_init                              - Undefined Weak Reference
    _terminate_alloc                          - Undefined Weak Reference
    _terminate_user_alloc                     - Undefined Weak Reference
    _terminateio                              - Undefined Weak Reference
    __Vectors_Size                           0x00000194   Number         0  startup_stm32f401xc.o ABSOLUTE
    __Vectors                                0x08000000   Data           4  startup_stm32f401xc.o(RESET)
    __Vectors_End                            0x08000194   Data           0  startup_stm32f401xc.o(RESET)
    __main                                   0x08000195   Thumb Code     8  __main.o(!!!main)
    __scatterload                            0x0800019d   Thumb Code     0  __scatter.o(!!!scatter)
    __scatterload_rt2                        0x0800019d   Thumb Code    84  __scatter.o(!!!scatter)
    __scatterload_rt2_thumb_only             0x0800019d   Thumb Code     0  __scatter.o(!!!scatter)
    __scatterload_loop                       0x080001a7   Thumb Code     0  __scatter.o(!!!scatter)
    __scatterload_copy                       0x080001f9   Thumb Code    26  __scatter_copy.o(!!handler_copy)
    __scatterload_null                       0x08000215   Thumb Code     2  __scatter.o(!!handler_null)
    __scatterload_zeroinit                   0x08000219   Thumb Code    28  __scatter_zi.o(!!handler_zi)
    __rt_lib_init                            0x08000235   Thumb Code     0  libinit.o(.ARM.Collect$$libinit$$00000000)
    __rt_lib_init_fp_1                       0x08000237   Thumb Code     0  libinit2.o(.ARM.Collect$$libinit$$00000001)
    __rt_lib_init_alloca_1                   0x0800023b   Thumb Code     0  libinit2.o(.ARM.Collect$$libinit$$00000030)
    __rt_lib_init_argv_1                     0x0800023b   Thumb Code     0  libinit2.o(.ARM.Collect$$libinit$$0000002E)
    __rt_lib_init_atexit_1                   0x0800023b   Thumb Code     0  libinit2.o(.ARM.Collect$$libinit$$0000001D)
    __rt_lib_init_clock_1                    0x0800023b   Thumb Code     0  libinit2.o(.ARM.Collect$$libinit$$00000023)
    __rt_lib_init_cpp_1                      0x0800023b   Thumb Code     0  libinit2.o(.ARM.Collect$$libinit$$00000034)
    __rt_lib_init_exceptions_1               0x0800023b   Thumb Code     0  libinit2.o(.ARM.Collect$$libinit$$00000032)
    __rt_lib_init_fp_trap_1                  0x0800023b   Thumb Code     0  libinit2.o(.ARM.Collect$$libinit$$00000021)
    __rt_lib_init_getenv_1                   0x0800023b   Thumb Code     0  libinit2.o(.ARM.Collect$$libinit$$00000025)
    __rt_lib_init_heap_1                     0x0800023b   Thumb Code     0  libinit2.o(.ARM.Collect$$libinit$$0000000C)
    __rt_lib_init_lc_collate_1               0x0800023b   Thumb Code     0  libinit2.o(.ARM.Collect$$libinit$$00000013)
    __rt_lib_init_lc_ctype_1                 0x0800023b   Thumb Code     0  libinit2.o(.ARM.Collect$$libinit$$00000015)
    __rt_lib_init_lc_monetary_1              0x0800023b   Thumb Code     0  libinit2.o(.ARM.Collect$$libinit$$00000017)
    __rt_lib_init_lc_numeric_1               0x0800023b   Thumb Code     0  libinit2.o(.ARM.Collect$$libinit$$00000019)
    __rt_lib_init_lc_time_1                  0x0800023b   Thumb Code     0  libinit2.o(.ARM.Collect$$libinit$$0000001B)
    __rt_lib_init_preinit_1                  0x0800023b   Thumb Code     0  libinit2.o(.ARM.Collect$$libinit$$00000006)
    __rt_lib_init_rand_1                     0x0800023b   Thumb Code     0  libinit2.o(.ARM.Collect$$libinit$$00000010)
    __rt_lib_init_relocate_pie_1             0x0800023b   Thumb Code     0  libinit2.o(.ARM.Collect$$libinit$$00000004)
    __rt_lib_init_return                     0x0800023b   Thumb Code     0  libinit2.o(.ARM.Collect$$libinit$$00000035)
    __rt_lib_init_signal_1                   0x0800023b   Thumb Code     0  libinit2.o(.ARM.Collect$$libinit$$0000001F)
    __rt_lib_init_stdio_1                    0x0800023b   Thumb Code     0  libinit2.o(.ARM.Collect$$libinit$$00000027)
    __rt_lib_init_user_alloc_1               0x0800023b   Thumb Code     0  libinit2.o(.ARM.Collect$$libinit$$0000000E)
    __rt_lib_shutdown                        0x0800023d   Thumb Code     0  libshutdown.o(.ARM.Collect$$libshutdown$$00000000)
    __rt_lib_shutdown_cpp_1                  0x0800023f   Thumb Code     0  libshutdown2.o(.ARM.Collect$$libshutdown$$00000002)
    __rt_lib_shutdown_fp_trap_1              0x0800023f   Thumb Code     0  libshutdown2.o(.ARM.Collect$$libshutdown$$00000007)
    __rt_lib_shutdown_heap_1                 0x0800023f   Thumb Code     0  libshutdown2.o(.ARM.Collect$$libshutdown$$0000000F)
    __rt_lib_shutdown_return                 0x0800023f   Thumb Code     0  libshutdown2.o(.ARM.Collect$$libshutdown$$00000010)
    __rt_lib_shutdown_signal_1               0x0800023f   Thumb Code     0  libshutdown2.o(.ARM.Collect$$libshutdown$$0000000A)
    __rt_lib_shutdown_stdio_1                0x0800023f   Thumb Code     0  libshutdown2.o(.ARM.Collect$$libshutdown$$00000004)
    __rt_lib_shutdown_user_alloc_1           0x0800023f   Thumb Code     0  libshutdown2.o(.ARM.Collect$$libshutdown$$0000000C)
    __rt_entry                               0x08000241   Thumb Code     0  __rtentry.o(.ARM.Collect$$rtentry$$00000000)
    __rt_entry_presh_1                       0x08000241   Thumb Code     0  __rtentry2.o(.ARM.Collect$$rtentry$$00000002)
    __rt_entry_sh                            0x08000241   Thumb Code     0  __rtentry4.o(.ARM.Collect$$rtentry$$00000004)
    __rt_entry_li                            0x08000247   Thumb Code     0  __rtentry2.o(.ARM.Collect$$rtentry$$0000000A)
    __rt_entry_postsh_1                      0x08000247   Thumb Code     0  __rtentry2.o(.ARM.Collect$$rtentry$$00000009)
    __rt_entry_main                          0x0800024b   Thumb Code     0  __rtentry2.o(.ARM.Collect$$rtentry$$0000000D)
    __rt_entry_postli_1                      0x0800024b   Thumb Code     0  __rtentry2.o(.ARM.Collect$$rtentry$$0000000C)
    __rt_exit                                0x08000253   Thumb Code     0  rtexit.o(.ARM.Collect$$rtexit$$00000000)
    __rt_exit_ls                             0x08000255   Thumb Code     0  rtexit2.o(.ARM.Collect$$rtexit$$00000003)
    __rt_exit_prels_1                        0x08000255   Thumb Code     0  rtexit2.o(.ARM.Collect$$rtexit$$00000002)
    __rt_exit_exit                           0x08000259   Thumb Code     0  rtexit2.o(.ARM.Collect$$rtexit$$00000004)
    Reset_Handler                            0x08000261   Thumb Code     8  startup_stm32f401xc.o(.text)
    ADC_IRQHandler                           0x0800027b   Thumb Code     0  startup_stm32f401xc.o(.text)
    DMA1_Stream0_IRQHandler                  0x0800027b   Thumb Code     0  startup_stm32f401xc.o(.text)
    DMA1_Stream1_IRQHandler                  0x0800027b   Thumb Code     0  startup_stm32f401xc.o(.text)
    DMA1_Stream2_IRQHandler                  0x0800027b   Thumb Code     0  startup_stm32f401xc.o(.text)
    DMA1_Stream3_IRQHandler                  0x0800027b   Thumb Code     0  startup_stm32f401xc.o(.text)
    DMA1_Stream4_IRQHandler                  0x0800027b   Thumb Code     0  startup_stm32f401xc.o(.text)
    DMA1_Stream5_IRQHandler                  0x0800027b   Thumb Code     0  startup_stm32f401xc.o(.text)
    DMA1_Stream7_IRQHandler                  0x0800027b   Thumb Code     0  startup_stm32f401xc.o(.text)
    DMA2_Stream0_IRQHandler                  0x0800027b   Thumb Code     0  startup_stm32f401xc.o(.text)
    DMA2_Stream1_IRQHandler                  0x0800027b   Thumb Code     0  startup_stm32f401xc.o(.text)
    DMA2_Stream2_IRQHandler                  0x0800027b   Thumb Code     0  startup_stm32f401xc.o(.text)
    DMA2_Stream3_IRQHandler                  0x0800027b   Thumb Code     0  startup_stm32f401xc.o(.text)
    DMA2_Stream4_IRQHandler                  0x0800027b   Thumb Code     0  startup_stm32f401xc.o(.text)
    DMA2_Stream5_IRQHandler                  0x0800027b   Thumb Code     0  startup_stm32f401xc.o(.text)
    DMA2_Stream6_IRQHandler                  0x0800027b   Thumb Code     0  startup_stm32f401xc.o(.text)
    DMA2_Stream7_IRQHandler                  0x0800027b   Thumb Code     0  startup_stm32f401xc.o(.text)
    EXTI0_IRQHandler                         0x0800027b   Thumb Code     0  startup_stm32f401xc.o(.text)
    EXTI15_10_IRQHandler                     0x0800027b   Thumb Code     0  startup_stm32f401xc.o(.text)
    EXTI1_IRQHandler                         0x0800027b   Thumb Code     0  startup_stm32f401xc.o(.text)
    EXTI2_IRQHandler                         0x0800027b   Thumb Code     0  startup_stm32f401xc.o(.text)
    EXTI3_IRQHandler                         0x0800027b   Thumb Code     0  startup_stm32f401xc.o(.text)
    EXTI4_IRQHandler                         0x0800027b   Thumb Code     0  startup_stm32f401xc.o(.text)
    EXTI9_5_IRQHandler                       0x0800027b   Thumb Code     0  startup_stm32f401xc.o(.text)
    FLASH_IRQHandler                         0x0800027b   Thumb Code     0  startup_stm32f401xc.o(.text)
    FPU_IRQHandler                           0x0800027b   Thumb Code     0  startup_stm32f401xc.o(.text)
    I2C1_ER_IRQHandler                       0x0800027b   Thumb Code     0  startup_stm32f401xc.o(.text)
    I2C1_EV_IRQHandler                       0x0800027b   Thumb Code     0  startup_stm32f401xc.o(.text)
    I2C2_ER_IRQHandler                       0x0800027b   Thumb Code     0  startup_stm32f401xc.o(.text)
    I2C2_EV_IRQHandler                       0x0800027b   Thumb Code     0  startup_stm32f401xc.o(.text)
    I2C3_ER_IRQHandler                       0x0800027b   Thumb Code     0  startup_stm32f401xc.o(.text)
    I2C3_EV_IRQHandler                       0x0800027b   Thumb Code     0  startup_stm32f401xc.o(.text)
    OTG_FS_IRQHandler                        0x0800027b   Thumb Code     0  startup_stm32f401xc.o(.text)
    OTG_FS_WKUP_IRQHandler                   0x0800027b   Thumb Code     0  startup_stm32f401xc.o(.text)
    PVD_IRQHandler                           0x0800027b   Thumb Code     0  startup_stm32f401xc.o(.text)
    RCC_IRQHandler                           0x0800027b   Thumb Code     0  startup_stm32f401xc.o(.text)
    RTC_Alarm_IRQHandler                     0x0800027b   Thumb Code     0  startup_stm32f401xc.o(.text)
    RTC_WKUP_IRQHandler                      0x0800027b   Thumb Code     0  startup_stm32f401xc.o(.text)
    SDIO_IRQHandler                          0x0800027b   Thumb Code     0  startup_stm32f401xc.o(.text)
    SPI1_IRQHandler                          0x0800027b   Thumb Code     0  startup_stm32f401xc.o(.text)
    SPI2_IRQHandler                          0x0800027b   Thumb Code     0  startup_stm32f401xc.o(.text)
    SPI3_IRQHandler                          0x0800027b   Thumb Code     0  startup_stm32f401xc.o(.text)
    SPI4_IRQHandler                          0x0800027b   Thumb Code     0  startup_stm32f401xc.o(.text)
    TAMP_STAMP_IRQHandler                    0x0800027b   Thumb Code     0  startup_stm32f401xc.o(.text)
    TIM1_BRK_TIM9_IRQHandler                 0x0800027b   Thumb Code     0  startup_stm32f401xc.o(.text)
    TIM1_CC_IRQHandler                       0x0800027b   Thumb Code     0  startup_stm32f401xc.o(.text)
    TIM1_TRG_COM_TIM11_IRQHandler            0x0800027b   Thumb Code     0  startup_stm32f401xc.o(.text)
    TIM1_UP_TIM10_IRQHandler                 0x0800027b   Thumb Code     0  startup_stm32f401xc.o(.text)
    TIM2_IRQHandler                          0x0800027b   Thumb Code     0  startup_stm32f401xc.o(.text)
    TIM3_IRQHandler                          0x0800027b   Thumb Code     0  startup_stm32f401xc.o(.text)
    TIM4_IRQHandler                          0x0800027b   Thumb Code     0  startup_stm32f401xc.o(.text)
    TIM5_IRQHandler                          0x0800027b   Thumb Code     0  startup_stm32f401xc.o(.text)
    USART1_IRQHandler                        0x0800027b   Thumb Code     0  startup_stm32f401xc.o(.text)
    USART6_IRQHandler                        0x0800027b   Thumb Code     0  startup_stm32f401xc.o(.text)
    WWDG_IRQHandler                          0x0800027b   Thumb Code     0  startup_stm32f401xc.o(.text)
    __user_initial_stackheap                 0x0800027d   Thumb Code     0  startup_stm32f401xc.o(.text)
    __aeabi_uldivmod                         0x080002a1   Thumb Code     0  lludivv7m.o(.text)
    _ll_udiv                                 0x080002a1   Thumb Code   240  lludivv7m.o(.text)
    strlen                                   0x08000391   Thumb Code    62  strlen.o(.text)
    __aeabi_memcpy                           0x080003cf   Thumb Code     0  rt_memcpy_v6.o(.text)
    __rt_memcpy                              0x080003cf   Thumb Code   138  rt_memcpy_v6.o(.text)
    _memcpy_lastbytes                        0x08000435   Thumb Code     0  rt_memcpy_v6.o(.text)
    __aeabi_memclr4                          0x08000459   Thumb Code     0  rt_memclr_w.o(.text)
    __aeabi_memclr8                          0x08000459   Thumb Code     0  rt_memclr_w.o(.text)
    __rt_memclr_w                            0x08000459   Thumb Code     0  rt_memclr_w.o(.text)
    _memset_w                                0x0800045d   Thumb Code    74  rt_memclr_w.o(.text)
    __use_two_region_memory                  0x080004a7   Thumb Code     2  heapauxi.o(.text)
    __rt_heap_escrow$2region                 0x080004a9   Thumb Code     2  heapauxi.o(.text)
    __rt_heap_expand$2region                 0x080004ab   Thumb Code     2  heapauxi.o(.text)
    __aeabi_memcpy4                          0x080004ad   Thumb Code     0  rt_memcpy_w.o(.text)
    __aeabi_memcpy8                          0x080004ad   Thumb Code     0  rt_memcpy_w.o(.text)
    __rt_memcpy_w                            0x080004ad   Thumb Code   100  rt_memcpy_w.o(.text)
    _memcpy_lastbytes_aligned                0x080004f5   Thumb Code     0  rt_memcpy_w.o(.text)
    __user_setup_stackheap                   0x08000511   Thumb Code    74  sys_stackheap_outer.o(.text)
    exit                                     0x0800055b   Thumb Code    18  exit.o(.text)
    __user_libspace                          0x0800056d   Thumb Code     8  libspace.o(.text)
    __user_perproc_libspace                  0x0800056d   Thumb Code     0  libspace.o(.text)
    __user_perthread_libspace                0x0800056d   Thumb Code     0  libspace.o(.text)
    _sys_exit                                0x08000575   Thumb Code     8  sys_exit.o(.text)
    __I$use$semihosting                      0x08000581   Thumb Code     0  use_no_semi.o(.text)
    __use_no_semihosting_swi                 0x08000581   Thumb Code     2  use_no_semi.o(.text)
    __semihosting_library_function           0x08000583   Thumb Code     0  indicate_semi.o(.text)
    BusFault_Handler                         0x08000585   Thumb Code     4  stm32f4xx_it.o(.text.BusFault_Handler)
    DMA1_Stream6_IRQHandler                  0x08000589   Thumb Code    60  it_handlers.o(.text.DMA1_Stream6_IRQHandler)
    DMA1_UsrInit                             0x080005c5   Thumb Code   216  hw_init.o(.text.DMA1_UsrInit)
    DMA_buf                                  0x0800069d   Thumb Code   150  connect_logic.o(.text.DMA_buf)
    DebugMon_Handler                         0x08000735   Thumb Code     2  stm32f4xx_it.o(.text.DebugMon_Handler)
    GPIO_PWM3_UsrInit                        0x08000739   Thumb Code    62  hw_init.o(.text.GPIO_PWM3_UsrInit)
    GPIO_USART2_UsrInit                      0x08000779   Thumb Code   132  hw_init.o(.text.GPIO_USART2_UsrInit)
    HardFault_Handler                        0x080007fd   Thumb Code     4  stm32f4xx_it.o(.text.HardFault_Handler)
    LL_DMA_Init                              0x080009cd   Thumb Code   174  stm32f4xx_ll_dma.o(.text.LL_DMA_Init)
    LL_GPIO_Init                             0x08000c25   Thumb Code   264  stm32f4xx_ll_gpio.o(.text.LL_GPIO_Init)
    LL_Init1msTick                           0x08000fbd   Thumb Code    20  stm32f4xx_ll_utils.o(.text.LL_Init1msTick)
    LL_RCC_GetSystemClocksFreq               0x08001085   Thumb Code    54  stm32f4xx_ll_rcc.o(.text.LL_RCC_GetSystemClocksFreq)
    LL_SetSystemCoreClock                    0x08001231   Thumb Code    20  stm32f4xx_ll_utils.o(.text.LL_SetSystemCoreClock)
    LL_USART_Init                            0x0800160d   Thumb Code   210  stm32f4xx_ll_usart.o(.text.LL_USART_Init)
    MemManage_Handler                        0x080017e9   Thumb Code     4  stm32f4xx_it.o(.text.MemManage_Handler)
    NMI_Handler                              0x080017ed   Thumb Code     4  stm32f4xx_it.o(.text.NMI_Handler)
    PWM3_CH1_UsrInit                         0x0800185d   Thumb Code   106  hw_init.o(.text.PWM3_CH1_UsrInit)
    PendSV_Handler                           0x080018c9   Thumb Code     2  stm32f4xx_it.o(.text.PendSV_Handler)
    RCC_GetHCLKClockFreq                     0x080018cd   Thumb Code    38  stm32f4xx_ll_rcc.o(.text.RCC_GetHCLKClockFreq)
    RCC_GetPCLK1ClockFreq                    0x080018f5   Thumb Code    36  stm32f4xx_ll_rcc.o(.text.RCC_GetPCLK1ClockFreq)
    RCC_GetPCLK2ClockFreq                    0x08001919   Thumb Code    36  stm32f4xx_ll_rcc.o(.text.RCC_GetPCLK2ClockFreq)
    RCC_GetSystemClockFreq                   0x0800193d   Thumb Code    88  stm32f4xx_ll_rcc.o(.text.RCC_GetSystemClockFreq)
    RCC_PLL_GetFreqDomain_SYS                0x08001995   Thumb Code   142  stm32f4xx_ll_rcc.o(.text.RCC_PLL_GetFreqDomain_SYS)
    SVC_Handler                              0x08001a25   Thumb Code     2  stm32f4xx_it.o(.text.SVC_Handler)
    SysTick_Handler                          0x08001a29   Thumb Code     2  stm32f4xx_it.o(.text.SysTick_Handler)
    SystemClock_Config                       0x08001a2d   Thumb Code   174  main.o(.text.SystemClock_Config)
    SystemInit                               0x08001add   Thumb Code    18  system_stm32f4xx.o(.text.SystemInit)
    USART2_IRQHandler                        0x08001af1   Thumb Code   276  it_handlers.o(.text.USART2_IRQHandler)
    USART2_UsrInit                           0x08001c05   Thumb Code   102  hw_init.o(.text.USART2_UsrInit)
    USART2_logic                             0x08001c71   Thumb Code   312  connect_logic.o(.text.USART2_logic)
    UsageFault_Handler                       0x08001db1   Thumb Code     4  stm32f4xx_it.o(.text.UsageFault_Handler)
    main                                     0x08001eb9   Thumb Code    82  main.o(.text.main)
    parse_from_uart                          0x08001f0d   Thumb Code   182  connect_logic.o(.text.parse_from_uart)
    send_string_usart2                       0x08001fc5   Thumb Code   108  connect_logic.o(.text.send_string_usart2)
    __aeabi_d2uiz                            0x08002031   Thumb Code     0  dfixu.o(x$fpl$dfixu)
    _dfixu                                   0x08002031   Thumb Code    90  dfixu.o(x$fpl$dfixu)
    __aeabi_ui2d                             0x0800208b   Thumb Code     0  dflt_clz.o(x$fpl$dfltu)
    _dfltu                                   0x0800208b   Thumb Code    38  dflt_clz.o(x$fpl$dfltu)
    __aeabi_dmul                             0x080020b1   Thumb Code     0  dmul.o(x$fpl$dmul)
    _dmul                                    0x080020b1   Thumb Code   332  dmul.o(x$fpl$dmul)
    __fpl_dnaninf                            0x08002205   Thumb Code   156  dnaninf.o(x$fpl$dnaninf)
    __fpl_dretinf                            0x080022a1   Thumb Code    12  dretinf.o(x$fpl$dretinf)
    _fp_init                                 0x080022ad   Thumb Code    26  fpinit.o(x$fpl$fpinit)
    __fplib_config_fpu_vfp                   0x080022c5   Thumb Code     0  fpinit.o(x$fpl$fpinit)
    __fplib_config_pureend_doubles           0x080022c5   Thumb Code     0  fpinit.o(x$fpl$fpinit)
    AHBPrescTable                            0x080022c6   Data          16  system_stm32f4xx.o(.rodata.AHBPrescTable)
    __I$use$fp                               0x080022c6   Number         0  usenofp.o(x$fpl$usenofp)
    APBPrescTable                            0x080022d6   Data           8  system_stm32f4xx.o(.rodata.APBPrescTable)
    Region$$Table$$Base                      0x0800238c   Number         0  anon$$obj.o(Region$$Table)
    Region$$Table$$Limit                     0x080023ac   Number         0  anon$$obj.o(Region$$Table)
    SystemCoreClock                          0x20000000   Data           4  system_stm32f4xx.o(.data.SystemCoreClock)
    __libspace_start                         0x20000008   Data          96  libspace.o(.bss)
    __temporary_stack_top$libspace           0x20000068   Data           0  libspace.o(.bss)
    len                                      0x20000168   Data           1  connect_logic.o(.bss.len)
    old_pos                                  0x2000016a   Data           2  it_handlers.o(.bss.old_pos)
    rx_buf                                   0x2000016c   Data         256  main.o(.bss.rx_buf)



==============================================================================

Memory Map of the image

  Image Entry point : 0x08000195

  Load Region LR_IROM1 (Base: 0x08000000, Size: 0x000023b8, Max: 0x00040000, ABSOLUTE)

    Execution Region ER_IROM1 (Exec base: 0x08000000, Load base: 0x08000000, Size: 0x000023ac, Max: 0x00040000, ABSOLUTE)

    Exec Addr    Load Addr    Size         Type   Attr      Idx    E Section Name        Object

    0x08000000   0x08000000   0x00000194   Data   RO            3    RESET               startup_stm32f401xc.o
    0x08000194   0x08000194   0x00000008   Code   RO          579  * !!!main             c_w.l(__main.o)
    0x0800019c   0x0800019c   0x0000005c   Code   RO          773    !!!scatter          c_w.l(__scatter.o)
    0x080001f8   0x080001f8   0x0000001a   Code   RO          777    !!handler_copy      c_w.l(__scatter_copy.o)
    0x08000212   0x08000212   0x00000002   PAD
    0x08000214   0x08000214   0x00000002   Code   RO          774    !!handler_null      c_w.l(__scatter.o)
    0x08000216   0x08000216   0x00000002   PAD
    0x08000218   0x08000218   0x0000001c   Code   RO          779    !!handler_zi        c_w.l(__scatter_zi.o)
    0x08000234   0x08000234   0x00000002   Code   RO          635    .ARM.Collect$$libinit$$00000000  c_w.l(libinit.o)
    0x08000236   0x08000236   0x00000004   Code   RO          647    .ARM.Collect$$libinit$$00000001  c_w.l(libinit2.o)
    0x0800023a   0x0800023a   0x00000000   Code   RO          650    .ARM.Collect$$libinit$$00000004  c_w.l(libinit2.o)
    0x0800023a   0x0800023a   0x00000000   Code   RO          652    .ARM.Collect$$libinit$$00000006  c_w.l(libinit2.o)
    0x0800023a   0x0800023a   0x00000000   Code   RO          655    .ARM.Collect$$libinit$$0000000C  c_w.l(libinit2.o)
    0x0800023a   0x0800023a   0x00000000   Code   RO          657    .ARM.Collect$$libinit$$0000000E  c_w.l(libinit2.o)
    0x0800023a   0x0800023a   0x00000000   Code   RO          659    .ARM.Collect$$libinit$$00000010  c_w.l(libinit2.o)
    0x0800023a   0x0800023a   0x00000000   Code   RO          662    .ARM.Collect$$libinit$$00000013  c_w.l(libinit2.o)
    0x0800023a   0x0800023a   0x00000000   Code   RO          664    .ARM.Collect$$libinit$$00000015  c_w.l(libinit2.o)
    0x0800023a   0x0800023a   0x00000000   Code   RO          666    .ARM.Collect$$libinit$$00000017  c_w.l(libinit2.o)
    0x0800023a   0x0800023a   0x00000000   Code   RO          668    .ARM.Collect$$libinit$$00000019  c_w.l(libinit2.o)
    0x0800023a   0x0800023a   0x00000000   Code   RO          670    .ARM.Collect$$libinit$$0000001B  c_w.l(libinit2.o)
    0x0800023a   0x0800023a   0x00000000   Code   RO          672    .ARM.Collect$$libinit$$0000001D  c_w.l(libinit2.o)
    0x0800023a   0x0800023a   0x00000000   Code   RO          674    .ARM.Collect$$libinit$$0000001F  c_w.l(libinit2.o)
    0x0800023a   0x0800023a   0x00000000   Code   RO          676    .ARM.Collect$$libinit$$00000021  c_w.l(libinit2.o)
    0x0800023a   0x0800023a   0x00000000   Code   RO          678    .ARM.Collect$$libinit$$00000023  c_w.l(libinit2.o)
    0x0800023a   0x0800023a   0x00000000   Code   RO          680    .ARM.Collect$$libinit$$00000025  c_w.l(libinit2.o)
    0x0800023a   0x0800023a   0x00000000   Code   RO          682    .ARM.Collect$$libinit$$00000027  c_w.l(libinit2.o)
    0x0800023a   0x0800023a   0x00000000   Code   RO          686    .ARM.Collect$$libinit$$0000002E  c_w.l(libinit2.o)
    0x0800023a   0x0800023a   0x00000000   Code   RO          688    .ARM.Collect$$libinit$$00000030  c_w.l(libinit2.o)
    0x0800023a   0x0800023a   0x00000000   Code   RO          690    .ARM.Collect$$libinit$$00000032  c_w.l(libinit2.o)
    0x0800023a   0x0800023a   0x00000000   Code   RO          692    .ARM.Collect$$libinit$$00000034  c_w.l(libinit2.o)
    0x0800023a   0x0800023a   0x00000002   Code   RO          693    .ARM.Collect$$libinit$$00000035  c_w.l(libinit2.o)
    0x0800023c   0x0800023c   0x00000002   Code   RO          728    .ARM.Collect$$libshutdown$$00000000  c_w.l(libshutdown.o)
    0x0800023e   0x0800023e   0x00000000   Code   RO          756    .ARM.Collect$$libshutdown$$00000002  c_w.l(libshutdown2.o)
    0x0800023e   0x0800023e   0x00000000   Code   RO          758    .ARM.Collect$$libshutdown$$00000004  c_w.l(libshutdown2.o)
    0x0800023e   0x0800023e   0x00000000   Code   RO          761    .ARM.Collect$$libshutdown$$00000007  c_w.l(libshutdown2.o)
    0x0800023e   0x0800023e   0x00000000   Code   RO          764    .ARM.Collect$$libshutdown$$0000000A  c_w.l(libshutdown2.o)
    0x0800023e   0x0800023e   0x00000000   Code   RO          766    .ARM.Collect$$libshutdown$$0000000C  c_w.l(libshutdown2.o)
    0x0800023e   0x0800023e   0x00000000   Code   RO          769    .ARM.Collect$$libshutdown$$0000000F  c_w.l(libshutdown2.o)
    0x0800023e   0x0800023e   0x00000002   Code   RO          770    .ARM.Collect$$libshutdown$$00000010  c_w.l(libshutdown2.o)
    0x08000240   0x08000240   0x00000000   Code   RO          593    .ARM.Collect$$rtentry$$00000000  c_w.l(__rtentry.o)
    0x08000240   0x08000240   0x00000000   Code   RO          606    .ARM.Collect$$rtentry$$00000002  c_w.l(__rtentry2.o)
    0x08000240   0x08000240   0x00000006   Code   RO          618    .ARM.Collect$$rtentry$$00000004  c_w.l(__rtentry4.o)
    0x08000246   0x08000246   0x00000000   Code   RO          608    .ARM.Collect$$rtentry$$00000009  c_w.l(__rtentry2.o)
    0x08000246   0x08000246   0x00000004   Code   RO          609    .ARM.Collect$$rtentry$$0000000A  c_w.l(__rtentry2.o)
    0x0800024a   0x0800024a   0x00000000   Code   RO          611    .ARM.Collect$$rtentry$$0000000C  c_w.l(__rtentry2.o)
    0x0800024a   0x0800024a   0x00000008   Code   RO          612    .ARM.Collect$$rtentry$$0000000D  c_w.l(__rtentry2.o)
    0x08000252   0x08000252   0x00000002   Code   RO          639    .ARM.Collect$$rtexit$$00000000  c_w.l(rtexit.o)
    0x08000254   0x08000254   0x00000000   Code   RO          699    .ARM.Collect$$rtexit$$00000002  c_w.l(rtexit2.o)
    0x08000254   0x08000254   0x00000004   Code   RO          700    .ARM.Collect$$rtexit$$00000003  c_w.l(rtexit2.o)
    0x08000258   0x08000258   0x00000006   Code   RO          701    .ARM.Collect$$rtexit$$00000004  c_w.l(rtexit2.o)
    0x0800025e   0x0800025e   0x00000002   PAD
    0x08000260   0x08000260   0x00000040   Code   RO            4    .text               startup_stm32f401xc.o
    0x080002a0   0x080002a0   0x000000f0   Code   RO          569    .text               c_w.l(lludivv7m.o)
    0x08000390   0x08000390   0x0000003e   Code   RO          571    .text               c_w.l(strlen.o)
    0x080003ce   0x080003ce   0x0000008a   Code   RO          573    .text               c_w.l(rt_memcpy_v6.o)
    0x08000458   0x08000458   0x0000004e   Code   RO          575    .text               c_w.l(rt_memclr_w.o)
    0x080004a6   0x080004a6   0x00000006   Code   RO          577    .text               c_w.l(heapauxi.o)
    0x080004ac   0x080004ac   0x00000064   Code   RO          598    .text               c_w.l(rt_memcpy_w.o)
    0x08000510   0x08000510   0x0000004a   Code   RO          622    .text               c_w.l(sys_stackheap_outer.o)
    0x0800055a   0x0800055a   0x00000012   Code   RO          624    .text               c_w.l(exit.o)
    0x0800056c   0x0800056c   0x00000008   Code   RO          636    .text               c_w.l(libspace.o)
    0x08000574   0x08000574   0x0000000c   Code   RO          694    .text               c_w.l(sys_exit.o)
    0x08000580   0x08000580   0x00000002   Code   RO          717    .text               c_w.l(use_no_semi.o)
    0x08000582   0x08000582   0x00000000   Code   RO          719    .text               c_w.l(indicate_semi.o)
    0x08000582   0x08000582   0x00000002   PAD
    0x08000584   0x08000584   0x00000004   Code   RO           76    .text.BusFault_Handler  stm32f4xx_it.o
    0x08000588   0x08000588   0x0000003c   Code   RO          516    .text.DMA1_Stream6_IRQHandler  it_handlers.o
    0x080005c4   0x080005c4   0x000000d8   Code   RO          487    .text.DMA1_UsrInit  hw_init.o
    0x0800069c   0x0800069c   0x00000096   Code   RO          537    .text.DMA_buf       connect_logic.o
    0x08000732   0x08000732   0x00000002   PAD
    0x08000734   0x08000734   0x00000002   Code   RO           82    .text.DebugMon_Handler  stm32f4xx_it.o
    0x08000736   0x08000736   0x00000002   PAD
    0x08000738   0x08000738   0x0000003e   Code   RO          445    .text.GPIO_PWM3_UsrInit  hw_init.o
    0x08000776   0x08000776   0x00000002   PAD
    0x08000778   0x08000778   0x00000084   Code   RO          449    .text.GPIO_USART2_UsrInit  hw_init.o
    0x080007fc   0x080007fc   0x00000004   Code   RO           72    .text.HardFault_Handler  stm32f4xx_it.o
    0x08000800   0x08000800   0x00000022   Code   RO          447    .text.LL_AHB1_GRP1_EnableClock  hw_init.o
    0x08000822   0x08000822   0x00000002   PAD
    0x08000824   0x08000824   0x00000022   Code   RO           15    .text.LL_APB1_GRP1_EnableClock  main.o
    0x08000846   0x08000846   0x00000002   PAD
    0x08000848   0x08000848   0x00000022   Code   RO          453    .text.LL_APB1_GRP1_EnableClock  hw_init.o
    0x0800086a   0x0800086a   0x00000002   PAD
    0x0800086c   0x0800086c   0x00000022   Code   RO           13    .text.LL_APB2_GRP1_EnableClock  main.o
    0x0800088e   0x0800088e   0x00000002   PAD
    0x08000890   0x08000890   0x00000010   Code   RO          520    .text.LL_DMA_ClearFlag_TC6  it_handlers.o
    0x080008a0   0x080008a0   0x00000036   Code   RO          213    .text.LL_DMA_ConfigFifo  stm32f4xx_ll_dma.o
    0x080008d6   0x080008d6   0x00000002   PAD
    0x080008d8   0x080008d8   0x00000032   Code   RO          211    .text.LL_DMA_ConfigTransfer  stm32f4xx_ll_dma.o
    0x0800090a   0x0800090a   0x00000002   PAD
    0x0800090c   0x0800090c   0x00000020   Code   RO          522    .text.LL_DMA_DisableStream  it_handlers.o
    0x0800092c   0x0800092c   0x00000020   Code   RO          545    .text.LL_DMA_DisableStream  connect_logic.o
    0x0800094c   0x0800094c   0x00000020   Code   RO          489    .text.LL_DMA_EnableIT_TC  hw_init.o
    0x0800096c   0x0800096c   0x00000020   Code   RO          491    .text.LL_DMA_EnableStream  hw_init.o
    0x0800098c   0x0800098c   0x00000020   Code   RO          553    .text.LL_DMA_EnableStream  connect_logic.o
    0x080009ac   0x080009ac   0x0000001e   Code   RO          514    .text.LL_DMA_GetDataLength  it_handlers.o
    0x080009ca   0x080009ca   0x00000002   PAD
    0x080009cc   0x080009cc   0x000000ae   Code   RO          209    .text.LL_DMA_Init   stm32f4xx_ll_dma.o
    0x08000a7a   0x08000a7a   0x00000002   PAD
    0x08000a7c   0x08000a7c   0x00000010   Code   RO          518    .text.LL_DMA_IsActiveFlag_TC6  it_handlers.o
    0x08000a8c   0x08000a8c   0x0000001e   Code   RO          547    .text.LL_DMA_IsEnabledStream  connect_logic.o
    0x08000aaa   0x08000aaa   0x00000002   PAD
    0x08000aac   0x08000aac   0x0000002c   Code   RO          207    .text.LL_DMA_SetChannelSelection  stm32f4xx_ll_dma.o
    0x08000ad8   0x08000ad8   0x00000032   Code   RO          223    .text.LL_DMA_SetDataLength  stm32f4xx_ll_dma.o
    0x08000b0a   0x08000b0a   0x00000002   PAD
    0x08000b0c   0x08000b0c   0x00000032   Code   RO          551    .text.LL_DMA_SetDataLength  connect_logic.o
    0x08000b3e   0x08000b3e   0x00000002   PAD
    0x08000b40   0x08000b40   0x00000020   Code   RO          219    .text.LL_DMA_SetMemoryAddress  stm32f4xx_ll_dma.o
    0x08000b60   0x08000b60   0x00000020   Code   RO          549    .text.LL_DMA_SetMemoryAddress  connect_logic.o
    0x08000b80   0x08000b80   0x0000002c   Code   RO          215    .text.LL_DMA_SetMemoryBurstxfer  stm32f4xx_ll_dma.o
    0x08000bac   0x08000bac   0x00000020   Code   RO          221    .text.LL_DMA_SetPeriphAddress  stm32f4xx_ll_dma.o
    0x08000bcc   0x08000bcc   0x0000002c   Code   RO          217    .text.LL_DMA_SetPeriphBurstxfer  stm32f4xx_ll_dma.o
    0x08000bf8   0x08000bf8   0x00000010   Code   RO           29    .text.LL_FLASH_GetLatency  main.o
    0x08000c08   0x08000c08   0x0000001c   Code   RO           27    .text.LL_FLASH_SetLatency  main.o
    0x08000c24   0x08000c24   0x00000108   Code   RO          101    .text.LL_GPIO_Init  stm32f4xx_ll_gpio.o
    0x08000d2c   0x08000d2c   0x0000007c   Code   RO          109    .text.LL_GPIO_SetAFPin_0_7  stm32f4xx_ll_gpio.o
    0x08000da8   0x08000da8   0x00000080   Code   RO          111    .text.LL_GPIO_SetAFPin_8_15  stm32f4xx_ll_gpio.o
    0x08000e28   0x08000e28   0x0000007c   Code   RO          113    .text.LL_GPIO_SetPinMode  stm32f4xx_ll_gpio.o
    0x08000ea4   0x08000ea4   0x0000001e   Code   RO          105    .text.LL_GPIO_SetPinOutputType  stm32f4xx_ll_gpio.o
    0x08000ec2   0x08000ec2   0x00000002   PAD
    0x08000ec4   0x08000ec4   0x0000007c   Code   RO          107    .text.LL_GPIO_SetPinPull  stm32f4xx_ll_gpio.o
    0x08000f40   0x08000f40   0x0000007c   Code   RO          103    .text.LL_GPIO_SetPinSpeed  stm32f4xx_ll_gpio.o
    0x08000fbc   0x08000fbc   0x00000014   Code   RO          304    .text.LL_Init1msTick  stm32f4xx_ll_utils.o
    0x08000fd0   0x08000fd0   0x00000036   Code   RO          306    .text.LL_InitTick   stm32f4xx_ll_utils.o
    0x08001006   0x08001006   0x00000002   PAD
    0x08001008   0x08001008   0x00000010   Code   RO           45    .text.LL_PWR_IsActiveFlag_VOS  main.o
    0x08001018   0x08001018   0x0000001c   Code   RO           31    .text.LL_PWR_SetRegulVoltageScaling  main.o
    0x08001034   0x08001034   0x00000010   Code   RO          273    .text.LL_RCC_GetAHBPrescaler  stm32f4xx_ll_rcc.o
    0x08001044   0x08001044   0x00000010   Code   RO          275    .text.LL_RCC_GetAPB1Prescaler  stm32f4xx_ll_rcc.o
    0x08001054   0x08001054   0x00000010   Code   RO          277    .text.LL_RCC_GetAPB2Prescaler  stm32f4xx_ll_rcc.o
    0x08001064   0x08001064   0x00000010   Code   RO           55    .text.LL_RCC_GetSysClkSource  main.o
    0x08001074   0x08001074   0x00000010   Code   RO          269    .text.LL_RCC_GetSysClkSource  stm32f4xx_ll_rcc.o
    0x08001084   0x08001084   0x00000036   Code   RO          245    .text.LL_RCC_GetSystemClocksFreq  stm32f4xx_ll_rcc.o
    0x080010ba   0x080010ba   0x00000002   PAD
    0x080010bc   0x080010bc   0x00000012   Code   RO           35    .text.LL_RCC_HSI_Enable  main.o
    0x080010ce   0x080010ce   0x00000002   PAD
    0x080010d0   0x080010d0   0x00000010   Code   RO           37    .text.LL_RCC_HSI_IsReady  main.o
    0x080010e0   0x080010e0   0x0000001e   Code   RO           33    .text.LL_RCC_HSI_SetCalibTrimming  main.o
    0x080010fe   0x080010fe   0x00000002   PAD
    0x08001100   0x08001100   0x0000003e   Code   RO           39    .text.LL_RCC_PLL_ConfigDomain_SYS  main.o
    0x0800113e   0x0800113e   0x00000002   PAD
    0x08001140   0x08001140   0x00000012   Code   RO           41    .text.LL_RCC_PLL_Enable  main.o
    0x08001152   0x08001152   0x00000002   PAD
    0x08001154   0x08001154   0x00000010   Code   RO          281    .text.LL_RCC_PLL_GetDivider  stm32f4xx_ll_rcc.o
    0x08001164   0x08001164   0x00000010   Code   RO          279    .text.LL_RCC_PLL_GetMainSource  stm32f4xx_ll_rcc.o
    0x08001174   0x08001174   0x00000010   Code   RO          283    .text.LL_RCC_PLL_GetN  stm32f4xx_ll_rcc.o
    0x08001184   0x08001184   0x00000010   Code   RO          285    .text.LL_RCC_PLL_GetP  stm32f4xx_ll_rcc.o
    0x08001194   0x08001194   0x00000010   Code   RO           43    .text.LL_RCC_PLL_IsReady  main.o
    0x080011a4   0x080011a4   0x0000001c   Code   RO           47    .text.LL_RCC_SetAHBPrescaler  main.o
    0x080011c0   0x080011c0   0x0000001c   Code   RO           49    .text.LL_RCC_SetAPB1Prescaler  main.o
    0x080011dc   0x080011dc   0x0000001c   Code   RO           51    .text.LL_RCC_SetAPB2Prescaler  main.o
    0x080011f8   0x080011f8   0x0000001c   Code   RO           53    .text.LL_RCC_SetSysClkSource  main.o
    0x08001214   0x08001214   0x0000001c   Code   RO           57    .text.LL_RCC_SetTIMPrescaler  main.o
    0x08001230   0x08001230   0x00000014   Code   RO          310    .text.LL_SetSystemCoreClock  stm32f4xx_ll_utils.o
    0x08001244   0x08001244   0x00000014   Code   RO          467    .text.LL_TIM_CC_EnableChannel  hw_init.o
    0x08001258   0x08001258   0x00000012   Code   RO          469    .text.LL_TIM_EnableARRPreload  hw_init.o
    0x0800126a   0x0800126a   0x00000002   PAD
    0x0800126c   0x0800126c   0x00000012   Code   RO          471    .text.LL_TIM_EnableCounter  hw_init.o
    0x0800127e   0x0800127e   0x00000002   PAD
    0x08001280   0x08001280   0x00000012   Code   RO          473    .text.LL_TIM_GenerateEvent_UPDATE  hw_init.o
    0x08001292   0x08001292   0x00000002   PAD
    0x08001294   0x08001294   0x000000b2   Code   RO          463    .text.LL_TIM_OC_EnablePreload  hw_init.o
    0x08001346   0x08001346   0x00000002   PAD
    0x08001348   0x08001348   0x00000010   Code   RO          461    .text.LL_TIM_OC_SetCompareCH1  hw_init.o
    0x08001358   0x08001358   0x00000010   Code   RO          541    .text.LL_TIM_OC_SetCompareCH1  connect_logic.o
    0x08001368   0x08001368   0x000000ba   Code   RO          459    .text.LL_TIM_OC_SetMode  hw_init.o
    0x08001422   0x08001422   0x00000002   PAD
    0x08001424   0x08001424   0x000000a4   Code   RO          465    .text.LL_TIM_OC_SetPolarity  hw_init.o
    0x080014c8   0x080014c8   0x00000010   Code   RO          457    .text.LL_TIM_SetAutoReload  hw_init.o
    0x080014d8   0x080014d8   0x00000010   Code   RO          455    .text.LL_TIM_SetPrescaler  hw_init.o
    0x080014e8   0x080014e8   0x00000018   Code   RO          512    .text.LL_USART_ClearFlag_IDLE  it_handlers.o
    0x08001500   0x08001500   0x0000001c   Code   RO          477    .text.LL_USART_ConfigAsyncMode  hw_init.o
    0x0800151c   0x0800151c   0x0000002a   Code   RO          524    .text.LL_USART_DisableDMAReq_TX  it_handlers.o
    0x08001546   0x08001546   0x00000002   PAD
    0x08001548   0x08001548   0x00000012   Code   RO          485    .text.LL_USART_Enable  hw_init.o
    0x0800155a   0x0800155a   0x00000002   PAD
    0x0800155c   0x0800155c   0x0000002a   Code   RO          493    .text.LL_USART_EnableDMAReq_RX  hw_init.o
    0x08001586   0x08001586   0x00000002   PAD
    0x08001588   0x08001588   0x0000002a   Code   RO          495    .text.LL_USART_EnableDMAReq_TX  hw_init.o
    0x080015b2   0x080015b2   0x00000002   PAD
    0x080015b4   0x080015b4   0x0000002a   Code   RO          555    .text.LL_USART_EnableDMAReq_TX  connect_logic.o
    0x080015de   0x080015de   0x00000002   PAD
    0x080015e0   0x080015e0   0x0000002a   Code   RO          479    .text.LL_USART_EnableIT_IDLE  hw_init.o
    0x0800160a   0x0800160a   0x00000002   PAD
    0x0800160c   0x0800160c   0x000000d2   Code   RO          406    .text.LL_USART_Init  stm32f4xx_ll_usart.o
    0x080016de   0x080016de   0x00000002   PAD
    0x080016e0   0x080016e0   0x00000010   Code   RO          510    .text.LL_USART_IsActiveFlag_IDLE  it_handlers.o
    0x080016f0   0x080016f0   0x00000010   Code   RO          408    .text.LL_USART_IsEnabled  stm32f4xx_ll_usart.o
    0x08001700   0x08001700   0x000000b0   Code   RO          414    .text.LL_USART_SetBaudRate  stm32f4xx_ll_usart.o
    0x080017b0   0x080017b0   0x0000001a   Code   RO          412    .text.LL_USART_SetHWFlowCtrl  stm32f4xx_ll_usart.o
    0x080017ca   0x080017ca   0x00000002   PAD
    0x080017cc   0x080017cc   0x0000001a   Code   RO          410    .text.LL_USART_SetStopBitsLength  stm32f4xx_ll_usart.o
    0x080017e6   0x080017e6   0x00000002   PAD
    0x080017e8   0x080017e8   0x00000004   Code   RO           74    .text.MemManage_Handler  stm32f4xx_it.o
    0x080017ec   0x080017ec   0x00000004   Code   RO           70    .text.NMI_Handler   stm32f4xx_it.o
    0x080017f0   0x080017f0   0x0000006c   Code   RO           21    .text.NVIC_EncodePriority  main.o
    0x0800185c   0x0800185c   0x0000006a   Code   RO          451    .text.PWM3_CH1_UsrInit  hw_init.o
    0x080018c6   0x080018c6   0x00000002   PAD
    0x080018c8   0x080018c8   0x00000002   Code   RO           84    .text.PendSV_Handler  stm32f4xx_it.o
    0x080018ca   0x080018ca   0x00000002   PAD
    0x080018cc   0x080018cc   0x00000026   Code   RO          249    .text.RCC_GetHCLKClockFreq  stm32f4xx_ll_rcc.o
    0x080018f2   0x080018f2   0x00000002   PAD
    0x080018f4   0x080018f4   0x00000024   Code   RO          251    .text.RCC_GetPCLK1ClockFreq  stm32f4xx_ll_rcc.o
    0x08001918   0x08001918   0x00000024   Code   RO          253    .text.RCC_GetPCLK2ClockFreq  stm32f4xx_ll_rcc.o
    0x0800193c   0x0800193c   0x00000058   Code   RO          247    .text.RCC_GetSystemClockFreq  stm32f4xx_ll_rcc.o
    0x08001994   0x08001994   0x0000008e   Code   RO          271    .text.RCC_PLL_GetFreqDomain_SYS  stm32f4xx_ll_rcc.o
    0x08001a22   0x08001a22   0x00000002   PAD
    0x08001a24   0x08001a24   0x00000002   Code   RO           80    .text.SVC_Handler   stm32f4xx_it.o
    0x08001a26   0x08001a26   0x00000002   PAD
    0x08001a28   0x08001a28   0x00000002   Code   RO           86    .text.SysTick_Handler  stm32f4xx_it.o
    0x08001a2a   0x08001a2a   0x00000002   PAD
    0x08001a2c   0x08001a2c   0x000000ae   Code   RO           25    .text.SystemClock_Config  main.o
    0x08001ada   0x08001ada   0x00000002   PAD
    0x08001adc   0x08001adc   0x00000012   Code   RO          431    .text.SystemInit    system_stm32f4xx.o
    0x08001aee   0x08001aee   0x00000002   PAD
    0x08001af0   0x08001af0   0x00000114   Code   RO          508    .text.USART2_IRQHandler  it_handlers.o
    0x08001c04   0x08001c04   0x00000066   Code   RO          475    .text.USART2_UsrInit  hw_init.o
    0x08001c6a   0x08001c6a   0x00000006   PAD
    0x08001c70   0x08001c70   0x00000140   Code   RO          535    .text.USART2_logic  connect_logic.o
    0x08001db0   0x08001db0   0x00000004   Code   RO           78    .text.UsageFault_Handler  stm32f4xx_it.o
    0x08001db4   0x08001db4   0x00000030   Code   RO          483    .text.__NVIC_EnableIRQ  hw_init.o
    0x08001de4   0x08001de4   0x00000010   Code   RO           23    .text.__NVIC_GetPriorityGrouping  main.o
    0x08001df4   0x08001df4   0x00000042   Code   RO           19    .text.__NVIC_SetPriority  main.o
    0x08001e36   0x08001e36   0x00000002   PAD
    0x08001e38   0x08001e38   0x00000042   Code   RO          481    .text.__NVIC_SetPriority  hw_init.o
    0x08001e7a   0x08001e7a   0x00000002   PAD
    0x08001e7c   0x08001e7c   0x0000003c   Code   RO           17    .text.__NVIC_SetPriorityGrouping  main.o
    0x08001eb8   0x08001eb8   0x00000052   Code   RO           11    .text.main          main.o
    0x08001f0a   0x08001f0a   0x00000002   PAD
    0x08001f0c   0x08001f0c   0x000000b6   Code   RO          539    .text.parse_from_uart  connect_logic.o
    0x08001fc2   0x08001fc2   0x00000002   PAD
    0x08001fc4   0x08001fc4   0x0000006c   Code   RO          543    .text.send_string_usart2  connect_logic.o
    0x08002030   0x08002030   0x0000005a   Code   RO          581    x$fpl$dfixu         fz_wm.l(dfixu.o)
    0x0800208a   0x0800208a   0x00000026   Code   RO          585    x$fpl$dfltu         fz_wm.l(dflt_clz.o)
    0x080020b0   0x080020b0   0x00000154   Code   RO          591    x$fpl$dmul          fz_wm.l(dmul.o)
    0x08002204   0x08002204   0x0000009c   Code   RO          600    x$fpl$dnaninf       fz_wm.l(dnaninf.o)
    0x080022a0   0x080022a0   0x0000000c   Code   RO          602    x$fpl$dretinf       fz_wm.l(dretinf.o)
    0x080022ac   0x080022ac   0x0000001a   Code   RO          711    x$fpl$fpinit        fz_wm.l(fpinit.o)
    0x080022c6   0x080022c6   0x00000000   Code   RO          604    x$fpl$usenofp       fz_wm.l(usenofp.o)
    0x080022c6   0x080022c6   0x00000010   Data   RO          436    .rodata.AHBPrescTable  system_stm32f4xx.o
    0x080022d6   0x080022d6   0x00000008   Data   RO          437    .rodata.APBPrescTable  system_stm32f4xx.o
    0x080022de   0x080022de   0x00000007   Data   RO          497    .rodata.OFFSET_TAB_CCMRx  hw_init.o
    0x080022e5   0x080022e5   0x00000007   Data   RO          499    .rodata.SHIFT_TAB_CCxP  hw_init.o
    0x080022ec   0x080022ec   0x00000007   Data   RO          498    .rodata.SHIFT_TAB_OCxx  hw_init.o
    0x080022f3   0x080022f3   0x00000008   Data   RO          227    .rodata.STREAM_OFFSET_TAB  stm32f4xx_ll_dma.o
    0x080022fb   0x080022fb   0x00000008   Data   RO          500    .rodata.STREAM_OFFSET_TAB  hw_init.o
    0x08002303   0x08002303   0x00000008   Data   RO          527    .rodata.STREAM_OFFSET_TAB  it_handlers.o
    0x0800230b   0x0800230b   0x00000008   Data   RO          560    .rodata.STREAM_OFFSET_TAB  connect_logic.o
    0x08002313   0x08002313   0x00000076   Data   RO          559    .rodata.str1.1      connect_logic.o
    0x08002389   0x08002389   0x00000003   PAD
    0x0800238c   0x0800238c   0x00000020   Data   RO          772    Region$$Table       anon$$obj.o


    Execution Region RW_IRAM1 (Exec base: 0x20000000, Load base: 0x080023b0, Size: 0x00000870, Max: 0x00010000, ABSOLUTE)

    Exec Addr    Load Addr    Size         Type   Attr      Idx    E Section Name        Object

    0x20000000   0x080023b0   0x00000004   Data   RW          435    .data.SystemCoreClock  system_stm32f4xx.o
    0x20000004   0x080023b4   0x00000004   PAD
    0x20000008        -       0x00000060   Zero   RW          637    .bss                c_w.l(libspace.o)
    0x20000068        -       0x00000100   Zero   RW          558    .bss.buf_dma        connect_logic.o
    0x20000168        -       0x00000001   Zero   RW          557    .bss.len            connect_logic.o
    0x20000169   0x080023b4   0x00000001   PAD
    0x2000016a        -       0x00000002   Zero   RW          526    .bss.old_pos        it_handlers.o
    0x2000016c        -       0x00000100   Zero   RW           61    .bss.rx_buf         main.o
    0x2000026c   0x080023b4   0x00000004   PAD
    0x20000270        -       0x00000200   Zero   RW            2    HEAP                startup_stm32f401xc.o
    0x20000470        -       0x00000400   Zero   RW            1    STACK               startup_stm32f401xc.o


==============================================================================

Image component sizes


      Code (inc. data)   RO Data    RW Data    ZI Data      Debug   Object Name

       994         12        126          0        257       4465   connect_logic.o
      1686          0         29          0          0       9762   hw_init.o
       512          0          8          0          2       2876   it_handlers.o
       978          0          0          0        256       7619   main.o
        64         26        404          0       1536        848   startup_stm32f401xc.o
        28          0          0          0          0       1002   stm32f4xx_it.o
       524          0          8          0          0       5286   stm32f4xx_ll_dma.o
       918          0          0          0          0       5017   stm32f4xx_ll_gpio.o
       522          0          0          0          0       6127   stm32f4xx_ll_rcc.o
       454          0          0          0          0       4892   stm32f4xx_ll_usart.o
        94          0          0          0          0       6754   stm32f4xx_ll_utils.o
        18          0         24          4          0       2574   system_stm32f4xx.o

    ----------------------------------------------------------------------
      6892         38        634          4       2060      57222   Object Totals
         0          0         32          0          0          0   (incl. Generated)
       100          0          3          0          9          0   (incl. Padding)

    ----------------------------------------------------------------------

      Code (inc. data)   RO Data    RW Data    ZI Data      Debug   Library Member Name

         8          0          0          0          0         68   __main.o
         0          0          0          0          0          0   __rtentry.o
        12          0          0          0          0          0   __rtentry2.o
         6          0          0          0          0          0   __rtentry4.o
        94          8          0          0          0          0   __scatter.o
        26          0          0          0          0          0   __scatter_copy.o
        28          0          0          0          0          0   __scatter_zi.o
        18          0          0          0          0         80   exit.o
         6          0          0          0          0        152   heapauxi.o
         0          0          0          0          0          0   indicate_semi.o
         2          0          0          0          0          0   libinit.o
         6          0          0          0          0          0   libinit2.o
         2          0          0          0          0          0   libshutdown.o
         2          0          0          0          0          0   libshutdown2.o
         8          4          0          0         96         68   libspace.o
       240          0          0          0          0        100   lludivv7m.o
        78          0          0          0          0         80   rt_memclr_w.o
       138          0          0          0          0         68   rt_memcpy_v6.o
       100          0          0          0          0         80   rt_memcpy_w.o
         2          0          0          0          0          0   rtexit.o
        10          0          0          0          0          0   rtexit2.o
        62          0          0          0          0         76   strlen.o
        12          4          0          0          0         68   sys_exit.o
        74          0          0          0          0         80   sys_stackheap_outer.o
         2          0          0          0          0         68   use_no_semi.o
        90          4          0          0          0        140   dfixu.o
        38          0          0          0          0        116   dflt_clz.o
       340         12          0          0          0        152   dmul.o
       156          4          0          0          0        140   dnaninf.o
        12          0          0          0          0        116   dretinf.o
        26          0          0          0          0        116   fpinit.o
         0          0          0          0          0          0   usenofp.o

    ----------------------------------------------------------------------
      1606         36          0          0         96       1768   Library Totals
         8          0          0          0          0          0   (incl. Padding)

    ----------------------------------------------------------------------

      Code (inc. data)   RO Data    RW Data    ZI Data      Debug   Library Name

       936         16          0          0         96        988   c_w.l
       662         20          0          0          0        780   fz_wm.l

    ----------------------------------------------------------------------
      1606         36          0          0         96       1768   Library Totals

    ----------------------------------------------------------------------

==============================================================================


      Code (inc. data)   RO Data    RW Data    ZI Data      Debug   

      8498         74        634          4       2156      57942   Grand Totals
      8498         74        634          4       2156      57942   ELF Image Totals
      8498         74        634          4          0          0   ROM Totals

==============================================================================

    Total RO  Size (Code + RO Data)                 9132 (   8.92kB)
    Total RW  Size (RW Data + ZI Data)              2160 (   2.11kB)
    Total ROM Size (Code + RO Data + RW Data)       9136 (   8.92kB)

==============================================================================

